Archive member included to satisfy reference by file (symbol)

/usr/bin/../lib/gcc/arm-none-eabi/7.3.1/../../../../arm-none-eabi/lib/thumb/v7e-m/libg.a(lib_a-errno.o)
                              lib_build/syscalls.o (__errno)
/usr/bin/../lib/gcc/arm-none-eabi/7.3.1/../../../../arm-none-eabi/lib/thumb/v7e-m/libg.a(lib_a-impure.o)
                              /usr/bin/../lib/gcc/arm-none-eabi/7.3.1/../../../../arm-none-eabi/lib/thumb/v7e-m/libg.a(lib_a-errno.o) (_impure_ptr)
/usr/bin/../lib/gcc/arm-none-eabi/7.3.1/../../../../arm-none-eabi/lib/thumb/v7e-m/libg.a(lib_a-init.o)
                              lib_build/startup_XMC4500.o (__libc_init_array)

Allocating common symbols
Common symbol       size              file

event_handler_list  0x80              lib_build/xmc4_scu.o

Discarded input sections

 .group         0x0000000000000000        0xc build/part_a.o
 .group         0x0000000000000000        0xc build/part_a.o
 .group         0x0000000000000000        0xc build/part_a.o
 .group         0x0000000000000000        0xc build/part_a.o
 .group         0x0000000000000000        0xc build/part_a.o
 .group         0x0000000000000000        0xc build/part_a.o
 .group         0x0000000000000000        0xc build/part_a.o
 .group         0x0000000000000000        0xc build/part_a.o
 .group         0x0000000000000000        0xc build/part_a.o
 .group         0x0000000000000000        0xc build/part_a.o
 .group         0x0000000000000000        0xc build/part_a.o
 .group         0x0000000000000000        0xc build/part_a.o
 .group         0x0000000000000000        0xc build/part_a.o
 .group         0x0000000000000000        0xc build/part_a.o
 .group         0x0000000000000000        0xc build/part_a.o
 .group         0x0000000000000000        0xc build/part_a.o
 .group         0x0000000000000000        0xc build/part_a.o
 .group         0x0000000000000000        0xc build/part_a.o
 .group         0x0000000000000000        0xc build/part_a.o
 .group         0x0000000000000000        0xc build/part_a.o
 .group         0x0000000000000000        0xc build/part_a.o
 .group         0x0000000000000000        0xc build/part_a.o
 .group         0x0000000000000000        0xc build/part_a.o
 .group         0x0000000000000000        0xc build/part_a.o
 .group         0x0000000000000000        0xc build/part_a.o
 .group         0x0000000000000000        0xc build/part_a.o
 .group         0x0000000000000000        0xc build/part_a.o
 .group         0x0000000000000000        0xc build/part_a.o
 .group         0x0000000000000000        0xc build/part_a.o
 .group         0x0000000000000000        0xc build/part_a.o
 .group         0x0000000000000000        0xc build/part_a.o
 .group         0x0000000000000000        0xc build/part_a.o
 .group         0x0000000000000000        0xc build/part_a.o
 .group         0x0000000000000000        0xc build/part_a.o
 .comment       0x0000000000000000       0x80 build/part_a.o
 .group         0x0000000000000000        0xc lib_build/xmc_gpio.o
 .group         0x0000000000000000        0xc lib_build/xmc_gpio.o
 .group         0x0000000000000000        0xc lib_build/xmc_gpio.o
 .group         0x0000000000000000        0xc lib_build/xmc_gpio.o
 .group         0x0000000000000000        0xc lib_build/xmc_gpio.o
 .group         0x0000000000000000        0xc lib_build/xmc_gpio.o
 .group         0x0000000000000000        0xc lib_build/xmc_gpio.o
 .group         0x0000000000000000        0xc lib_build/xmc_gpio.o
 .group         0x0000000000000000        0xc lib_build/xmc_gpio.o
 .group         0x0000000000000000        0xc lib_build/xmc_gpio.o
 .group         0x0000000000000000        0xc lib_build/xmc_gpio.o
 .group         0x0000000000000000        0xc lib_build/xmc_gpio.o
 .group         0x0000000000000000        0xc lib_build/xmc_gpio.o
 .group         0x0000000000000000        0xc lib_build/xmc_gpio.o
 .group         0x0000000000000000        0xc lib_build/xmc_gpio.o
 .group         0x0000000000000000        0xc lib_build/xmc_gpio.o
 .group         0x0000000000000000        0xc lib_build/xmc_gpio.o
 .group         0x0000000000000000        0xc lib_build/xmc_gpio.o
 .group         0x0000000000000000        0xc lib_build/xmc_gpio.o
 .group         0x0000000000000000        0xc lib_build/xmc_gpio.o
 .group         0x0000000000000000        0xc lib_build/xmc_gpio.o
 .group         0x0000000000000000        0xc lib_build/xmc_gpio.o
 .group         0x0000000000000000        0xc lib_build/xmc_gpio.o
 .group         0x0000000000000000        0xc lib_build/xmc_gpio.o
 .group         0x0000000000000000        0xc lib_build/xmc_gpio.o
 .group         0x0000000000000000        0xc lib_build/xmc_gpio.o
 .group         0x0000000000000000        0xc lib_build/xmc_gpio.o
 .group         0x0000000000000000        0xc lib_build/xmc_gpio.o
 .group         0x0000000000000000        0xc lib_build/xmc_gpio.o
 .group         0x0000000000000000        0xc lib_build/xmc_gpio.o
 .group         0x0000000000000000        0xc lib_build/xmc_gpio.o
 .group         0x0000000000000000        0xc lib_build/xmc_gpio.o
 .group         0x0000000000000000        0xc lib_build/xmc_gpio.o
 .debug_macro   0x0000000000000000      0xa4e lib_build/xmc_gpio.o
 .debug_macro   0x0000000000000000      0x16d lib_build/xmc_gpio.o
 .debug_macro   0x0000000000000000       0x22 lib_build/xmc_gpio.o
 .debug_macro   0x0000000000000000       0x8e lib_build/xmc_gpio.o
 .debug_macro   0x0000000000000000       0x51 lib_build/xmc_gpio.o
 .debug_macro   0x0000000000000000       0xef lib_build/xmc_gpio.o
 .debug_macro   0x0000000000000000       0x6a lib_build/xmc_gpio.o
 .debug_macro   0x0000000000000000      0x1df lib_build/xmc_gpio.o
 .debug_macro   0x0000000000000000       0x22 lib_build/xmc_gpio.o
 .debug_macro   0x0000000000000000       0x5e lib_build/xmc_gpio.o
 .debug_macro   0x0000000000000000       0x18 lib_build/xmc_gpio.o
 .debug_macro   0x0000000000000000       0x35 lib_build/xmc_gpio.o
 .debug_macro   0x0000000000000000       0x34 lib_build/xmc_gpio.o
 .debug_macro   0x0000000000000000       0x58 lib_build/xmc_gpio.o
 .debug_macro   0x0000000000000000       0x1f lib_build/xmc_gpio.o
 .debug_macro   0x0000000000000000       0x43 lib_build/xmc_gpio.o
 .debug_macro   0x0000000000000000       0x20 lib_build/xmc_gpio.o
 .debug_macro   0x0000000000000000      0x18e lib_build/xmc_gpio.o
 .debug_macro   0x0000000000000000      0x353 lib_build/xmc_gpio.o
 .debug_macro   0x0000000000000000       0x10 lib_build/xmc_gpio.o
 .debug_macro   0x0000000000000000       0x35 lib_build/xmc_gpio.o
 .debug_macro   0x0000000000000000       0x2d lib_build/xmc_gpio.o
 .debug_macro   0x0000000000000000       0xaf lib_build/xmc_gpio.o
 .debug_macro   0x0000000000000000      0xfe7 lib_build/xmc_gpio.o
 .debug_macro   0x0000000000000000       0x16 lib_build/xmc_gpio.o
 .debug_macro   0x0000000000000000    0x1474b lib_build/xmc_gpio.o
 .debug_macro   0x0000000000000000       0x4c lib_build/xmc_gpio.o
 .debug_macro   0x0000000000000000       0x22 lib_build/xmc_gpio.o
 .debug_macro   0x0000000000000000      0x861 lib_build/xmc_gpio.o
 .debug_macro   0x0000000000000000       0xa5 lib_build/xmc_gpio.o
 .comment       0x0000000000000000       0x80 lib_build/xmc_gpio.o
 .group         0x0000000000000000        0xc lib_build/xmc4_scu.o
 .group         0x0000000000000000        0xc lib_build/xmc4_scu.o
 .group         0x0000000000000000        0xc lib_build/xmc4_scu.o
 .group         0x0000000000000000        0xc lib_build/xmc4_scu.o
 .group         0x0000000000000000        0xc lib_build/xmc4_scu.o
 .group         0x0000000000000000        0xc lib_build/xmc4_scu.o
 .group         0x0000000000000000        0xc lib_build/xmc4_scu.o
 .group         0x0000000000000000        0xc lib_build/xmc4_scu.o
 .group         0x0000000000000000        0xc lib_build/xmc4_scu.o
 .group         0x0000000000000000        0xc lib_build/xmc4_scu.o
 .group         0x0000000000000000        0xc lib_build/xmc4_scu.o
 .group         0x0000000000000000        0xc lib_build/xmc4_scu.o
 .group         0x0000000000000000        0xc lib_build/xmc4_scu.o
 .group         0x0000000000000000        0xc lib_build/xmc4_scu.o
 .group         0x0000000000000000        0xc lib_build/xmc4_scu.o
 .group         0x0000000000000000        0xc lib_build/xmc4_scu.o
 .group         0x0000000000000000        0xc lib_build/xmc4_scu.o
 .group         0x0000000000000000        0xc lib_build/xmc4_scu.o
 .group         0x0000000000000000        0xc lib_build/xmc4_scu.o
 .group         0x0000000000000000        0xc lib_build/xmc4_scu.o
 .group         0x0000000000000000        0xc lib_build/xmc4_scu.o
 .group         0x0000000000000000        0xc lib_build/xmc4_scu.o
 .group         0x0000000000000000        0xc lib_build/xmc4_scu.o
 .group         0x0000000000000000        0xc lib_build/xmc4_scu.o
 .group         0x0000000000000000        0xc lib_build/xmc4_scu.o
 .group         0x0000000000000000        0xc lib_build/xmc4_scu.o
 .group         0x0000000000000000        0xc lib_build/xmc4_scu.o
 .group         0x0000000000000000        0xc lib_build/xmc4_scu.o
 .group         0x0000000000000000        0xc lib_build/xmc4_scu.o
 .group         0x0000000000000000        0xc lib_build/xmc4_scu.o
 .group         0x0000000000000000        0xc lib_build/xmc4_scu.o
 .debug_macro   0x0000000000000000      0xa4e lib_build/xmc4_scu.o
 .debug_macro   0x0000000000000000      0x16d lib_build/xmc4_scu.o
 .debug_macro   0x0000000000000000       0x22 lib_build/xmc4_scu.o
 .debug_macro   0x0000000000000000       0x8e lib_build/xmc4_scu.o
 .debug_macro   0x0000000000000000       0x51 lib_build/xmc4_scu.o
 .debug_macro   0x0000000000000000       0xef lib_build/xmc4_scu.o
 .debug_macro   0x0000000000000000       0x6a lib_build/xmc4_scu.o
 .debug_macro   0x0000000000000000      0x1df lib_build/xmc4_scu.o
 .debug_macro   0x0000000000000000       0x22 lib_build/xmc4_scu.o
 .debug_macro   0x0000000000000000       0x5e lib_build/xmc4_scu.o
 .debug_macro   0x0000000000000000       0x18 lib_build/xmc4_scu.o
 .debug_macro   0x0000000000000000       0x35 lib_build/xmc4_scu.o
 .debug_macro   0x0000000000000000       0x34 lib_build/xmc4_scu.o
 .debug_macro   0x0000000000000000       0x58 lib_build/xmc4_scu.o
 .debug_macro   0x0000000000000000       0x1f lib_build/xmc4_scu.o
 .debug_macro   0x0000000000000000       0x43 lib_build/xmc4_scu.o
 .debug_macro   0x0000000000000000       0x20 lib_build/xmc4_scu.o
 .debug_macro   0x0000000000000000      0x18e lib_build/xmc4_scu.o
 .debug_macro   0x0000000000000000      0x353 lib_build/xmc4_scu.o
 .debug_macro   0x0000000000000000       0x10 lib_build/xmc4_scu.o
 .debug_macro   0x0000000000000000       0x35 lib_build/xmc4_scu.o
 .debug_macro   0x0000000000000000      0x167 lib_build/xmc4_scu.o
 .debug_macro   0x0000000000000000       0x2d lib_build/xmc4_scu.o
 .debug_macro   0x0000000000000000       0x28 lib_build/xmc4_scu.o
 .debug_macro   0x0000000000000000       0xaf lib_build/xmc4_scu.o
 .debug_macro   0x0000000000000000      0xfe7 lib_build/xmc4_scu.o
 .debug_macro   0x0000000000000000       0x16 lib_build/xmc4_scu.o
 .debug_macro   0x0000000000000000    0x1474b lib_build/xmc4_scu.o
 .debug_macro   0x0000000000000000       0x12 lib_build/xmc4_scu.o
 .debug_macro   0x0000000000000000       0x4c lib_build/xmc4_scu.o
 .comment       0x0000000000000000       0x80 lib_build/xmc4_scu.o
 .group         0x0000000000000000        0xc lib_build/xmc4_gpio.o
 .group         0x0000000000000000        0xc lib_build/xmc4_gpio.o
 .group         0x0000000000000000        0xc lib_build/xmc4_gpio.o
 .group         0x0000000000000000        0xc lib_build/xmc4_gpio.o
 .group         0x0000000000000000        0xc lib_build/xmc4_gpio.o
 .group         0x0000000000000000        0xc lib_build/xmc4_gpio.o
 .group         0x0000000000000000        0xc lib_build/xmc4_gpio.o
 .group         0x0000000000000000        0xc lib_build/xmc4_gpio.o
 .group         0x0000000000000000        0xc lib_build/xmc4_gpio.o
 .group         0x0000000000000000        0xc lib_build/xmc4_gpio.o
 .group         0x0000000000000000        0xc lib_build/xmc4_gpio.o
 .group         0x0000000000000000        0xc lib_build/xmc4_gpio.o
 .group         0x0000000000000000        0xc lib_build/xmc4_gpio.o
 .group         0x0000000000000000        0xc lib_build/xmc4_gpio.o
 .group         0x0000000000000000        0xc lib_build/xmc4_gpio.o
 .group         0x0000000000000000        0xc lib_build/xmc4_gpio.o
 .group         0x0000000000000000        0xc lib_build/xmc4_gpio.o
 .group         0x0000000000000000        0xc lib_build/xmc4_gpio.o
 .group         0x0000000000000000        0xc lib_build/xmc4_gpio.o
 .group         0x0000000000000000        0xc lib_build/xmc4_gpio.o
 .group         0x0000000000000000        0xc lib_build/xmc4_gpio.o
 .group         0x0000000000000000        0xc lib_build/xmc4_gpio.o
 .group         0x0000000000000000        0xc lib_build/xmc4_gpio.o
 .group         0x0000000000000000        0xc lib_build/xmc4_gpio.o
 .group         0x0000000000000000        0xc lib_build/xmc4_gpio.o
 .group         0x0000000000000000        0xc lib_build/xmc4_gpio.o
 .group         0x0000000000000000        0xc lib_build/xmc4_gpio.o
 .group         0x0000000000000000        0xc lib_build/xmc4_gpio.o
 .group         0x0000000000000000        0xc lib_build/xmc4_gpio.o
 .group         0x0000000000000000        0xc lib_build/xmc4_gpio.o
 .group         0x0000000000000000        0xc lib_build/xmc4_gpio.o
 .group         0x0000000000000000        0xc lib_build/xmc4_gpio.o
 .group         0x0000000000000000        0xc lib_build/xmc4_gpio.o
 .debug_macro   0x0000000000000000      0xa4e lib_build/xmc4_gpio.o
 .debug_macro   0x0000000000000000      0x16d lib_build/xmc4_gpio.o
 .debug_macro   0x0000000000000000       0x22 lib_build/xmc4_gpio.o
 .debug_macro   0x0000000000000000       0x8e lib_build/xmc4_gpio.o
 .debug_macro   0x0000000000000000       0x51 lib_build/xmc4_gpio.o
 .debug_macro   0x0000000000000000       0xef lib_build/xmc4_gpio.o
 .debug_macro   0x0000000000000000       0x6a lib_build/xmc4_gpio.o
 .debug_macro   0x0000000000000000      0x1df lib_build/xmc4_gpio.o
 .debug_macro   0x0000000000000000       0x22 lib_build/xmc4_gpio.o
 .debug_macro   0x0000000000000000       0x5e lib_build/xmc4_gpio.o
 .debug_macro   0x0000000000000000       0x18 lib_build/xmc4_gpio.o
 .debug_macro   0x0000000000000000       0x35 lib_build/xmc4_gpio.o
 .debug_macro   0x0000000000000000       0x34 lib_build/xmc4_gpio.o
 .debug_macro   0x0000000000000000       0x58 lib_build/xmc4_gpio.o
 .debug_macro   0x0000000000000000       0x1f lib_build/xmc4_gpio.o
 .debug_macro   0x0000000000000000       0x43 lib_build/xmc4_gpio.o
 .debug_macro   0x0000000000000000       0x20 lib_build/xmc4_gpio.o
 .debug_macro   0x0000000000000000      0x18e lib_build/xmc4_gpio.o
 .debug_macro   0x0000000000000000      0x353 lib_build/xmc4_gpio.o
 .debug_macro   0x0000000000000000       0x10 lib_build/xmc4_gpio.o
 .debug_macro   0x0000000000000000       0x35 lib_build/xmc4_gpio.o
 .debug_macro   0x0000000000000000      0x167 lib_build/xmc4_gpio.o
 .debug_macro   0x0000000000000000       0x2d lib_build/xmc4_gpio.o
 .debug_macro   0x0000000000000000       0x28 lib_build/xmc4_gpio.o
 .debug_macro   0x0000000000000000       0xaf lib_build/xmc4_gpio.o
 .debug_macro   0x0000000000000000      0xfe7 lib_build/xmc4_gpio.o
 .debug_macro   0x0000000000000000       0x16 lib_build/xmc4_gpio.o
 .debug_macro   0x0000000000000000    0x1474b lib_build/xmc4_gpio.o
 .debug_macro   0x0000000000000000       0x12 lib_build/xmc4_gpio.o
 .debug_macro   0x0000000000000000       0x4c lib_build/xmc4_gpio.o
 .debug_macro   0x0000000000000000       0x22 lib_build/xmc4_gpio.o
 .debug_macro   0x0000000000000000      0x861 lib_build/xmc4_gpio.o
 .debug_macro   0x0000000000000000       0xa5 lib_build/xmc4_gpio.o
 .comment       0x0000000000000000       0x80 lib_build/xmc4_gpio.o
 .group         0x0000000000000000        0xc lib_build/xmc_ccu4.o
 .group         0x0000000000000000        0xc lib_build/xmc_ccu4.o
 .group         0x0000000000000000        0xc lib_build/xmc_ccu4.o
 .group         0x0000000000000000        0xc lib_build/xmc_ccu4.o
 .group         0x0000000000000000        0xc lib_build/xmc_ccu4.o
 .group         0x0000000000000000        0xc lib_build/xmc_ccu4.o
 .group         0x0000000000000000        0xc lib_build/xmc_ccu4.o
 .group         0x0000000000000000        0xc lib_build/xmc_ccu4.o
 .group         0x0000000000000000        0xc lib_build/xmc_ccu4.o
 .group         0x0000000000000000        0xc lib_build/xmc_ccu4.o
 .group         0x0000000000000000        0xc lib_build/xmc_ccu4.o
 .group         0x0000000000000000        0xc lib_build/xmc_ccu4.o
 .group         0x0000000000000000        0xc lib_build/xmc_ccu4.o
 .group         0x0000000000000000        0xc lib_build/xmc_ccu4.o
 .group         0x0000000000000000        0xc lib_build/xmc_ccu4.o
 .group         0x0000000000000000        0xc lib_build/xmc_ccu4.o
 .group         0x0000000000000000        0xc lib_build/xmc_ccu4.o
 .group         0x0000000000000000        0xc lib_build/xmc_ccu4.o
 .group         0x0000000000000000        0xc lib_build/xmc_ccu4.o
 .group         0x0000000000000000        0xc lib_build/xmc_ccu4.o
 .group         0x0000000000000000        0xc lib_build/xmc_ccu4.o
 .group         0x0000000000000000        0xc lib_build/xmc_ccu4.o
 .group         0x0000000000000000        0xc lib_build/xmc_ccu4.o
 .group         0x0000000000000000        0xc lib_build/xmc_ccu4.o
 .group         0x0000000000000000        0xc lib_build/xmc_ccu4.o
 .group         0x0000000000000000        0xc lib_build/xmc_ccu4.o
 .group         0x0000000000000000        0xc lib_build/xmc_ccu4.o
 .group         0x0000000000000000        0xc lib_build/xmc_ccu4.o
 .group         0x0000000000000000        0xc lib_build/xmc_ccu4.o
 .group         0x0000000000000000        0xc lib_build/xmc_ccu4.o
 .group         0x0000000000000000        0xc lib_build/xmc_ccu4.o
 .group         0x0000000000000000        0xc lib_build/xmc_ccu4.o
 .debug_macro   0x0000000000000000      0xa4e lib_build/xmc_ccu4.o
 .debug_macro   0x0000000000000000      0x16d lib_build/xmc_ccu4.o
 .debug_macro   0x0000000000000000       0x22 lib_build/xmc_ccu4.o
 .debug_macro   0x0000000000000000       0x8e lib_build/xmc_ccu4.o
 .debug_macro   0x0000000000000000       0x51 lib_build/xmc_ccu4.o
 .debug_macro   0x0000000000000000       0xef lib_build/xmc_ccu4.o
 .debug_macro   0x0000000000000000       0x6a lib_build/xmc_ccu4.o
 .debug_macro   0x0000000000000000      0x1df lib_build/xmc_ccu4.o
 .debug_macro   0x0000000000000000       0x22 lib_build/xmc_ccu4.o
 .debug_macro   0x0000000000000000       0x5e lib_build/xmc_ccu4.o
 .debug_macro   0x0000000000000000       0x18 lib_build/xmc_ccu4.o
 .debug_macro   0x0000000000000000       0x35 lib_build/xmc_ccu4.o
 .debug_macro   0x0000000000000000       0x34 lib_build/xmc_ccu4.o
 .debug_macro   0x0000000000000000       0x58 lib_build/xmc_ccu4.o
 .debug_macro   0x0000000000000000       0x1f lib_build/xmc_ccu4.o
 .debug_macro   0x0000000000000000       0x43 lib_build/xmc_ccu4.o
 .debug_macro   0x0000000000000000       0x20 lib_build/xmc_ccu4.o
 .debug_macro   0x0000000000000000      0x18e lib_build/xmc_ccu4.o
 .debug_macro   0x0000000000000000      0x353 lib_build/xmc_ccu4.o
 .debug_macro   0x0000000000000000       0x10 lib_build/xmc_ccu4.o
 .debug_macro   0x0000000000000000       0x35 lib_build/xmc_ccu4.o
 .debug_macro   0x0000000000000000      0x167 lib_build/xmc_ccu4.o
 .debug_macro   0x0000000000000000       0x2d lib_build/xmc_ccu4.o
 .debug_macro   0x0000000000000000       0x28 lib_build/xmc_ccu4.o
 .debug_macro   0x0000000000000000       0xaf lib_build/xmc_ccu4.o
 .debug_macro   0x0000000000000000      0xfe7 lib_build/xmc_ccu4.o
 .debug_macro   0x0000000000000000       0x16 lib_build/xmc_ccu4.o
 .debug_macro   0x0000000000000000    0x1474b lib_build/xmc_ccu4.o
 .debug_macro   0x0000000000000000       0x12 lib_build/xmc_ccu4.o
 .debug_macro   0x0000000000000000       0x4c lib_build/xmc_ccu4.o
 .debug_macro   0x0000000000000000      0x6ec lib_build/xmc_ccu4.o
 .debug_macro   0x0000000000000000       0xa5 lib_build/xmc_ccu4.o
 .comment       0x0000000000000000       0x80 lib_build/xmc_ccu4.o
 .group         0x0000000000000000        0xc lib_build/system_XMC4500.o
 .group         0x0000000000000000        0xc lib_build/system_XMC4500.o
 .group         0x0000000000000000        0xc lib_build/system_XMC4500.o
 .group         0x0000000000000000        0xc lib_build/system_XMC4500.o
 .group         0x0000000000000000        0xc lib_build/system_XMC4500.o
 .group         0x0000000000000000        0xc lib_build/system_XMC4500.o
 .group         0x0000000000000000        0xc lib_build/system_XMC4500.o
 .group         0x0000000000000000        0xc lib_build/system_XMC4500.o
 .group         0x0000000000000000        0xc lib_build/system_XMC4500.o
 .group         0x0000000000000000        0xc lib_build/system_XMC4500.o
 .group         0x0000000000000000        0xc lib_build/system_XMC4500.o
 .group         0x0000000000000000        0xc lib_build/system_XMC4500.o
 .group         0x0000000000000000        0xc lib_build/system_XMC4500.o
 .group         0x0000000000000000        0xc lib_build/system_XMC4500.o
 .group         0x0000000000000000        0xc lib_build/system_XMC4500.o
 .group         0x0000000000000000        0xc lib_build/system_XMC4500.o
 .group         0x0000000000000000        0xc lib_build/system_XMC4500.o
 .group         0x0000000000000000        0xc lib_build/system_XMC4500.o
 .group         0x0000000000000000        0xc lib_build/system_XMC4500.o
 .group         0x0000000000000000        0xc lib_build/system_XMC4500.o
 .group         0x0000000000000000        0xc lib_build/system_XMC4500.o
 .group         0x0000000000000000        0xc lib_build/system_XMC4500.o
 .group         0x0000000000000000        0xc lib_build/system_XMC4500.o
 .group         0x0000000000000000        0xc lib_build/system_XMC4500.o
 .group         0x0000000000000000        0xc lib_build/system_XMC4500.o
 .group         0x0000000000000000        0xc lib_build/system_XMC4500.o
 .debug_macro   0x0000000000000000      0xa4e lib_build/system_XMC4500.o
 .debug_macro   0x0000000000000000       0x22 lib_build/system_XMC4500.o
 .debug_macro   0x0000000000000000       0x18 lib_build/system_XMC4500.o
 .debug_macro   0x0000000000000000       0x35 lib_build/system_XMC4500.o
 .debug_macro   0x0000000000000000       0x34 lib_build/system_XMC4500.o
 .debug_macro   0x0000000000000000      0x16d lib_build/system_XMC4500.o
 .debug_macro   0x0000000000000000       0x58 lib_build/system_XMC4500.o
 .debug_macro   0x0000000000000000       0x1f lib_build/system_XMC4500.o
 .debug_macro   0x0000000000000000       0x43 lib_build/system_XMC4500.o
 .debug_macro   0x0000000000000000       0x20 lib_build/system_XMC4500.o
 .debug_macro   0x0000000000000000      0x18e lib_build/system_XMC4500.o
 .debug_macro   0x0000000000000000      0x353 lib_build/system_XMC4500.o
 .debug_macro   0x0000000000000000       0x10 lib_build/system_XMC4500.o
 .debug_macro   0x0000000000000000       0x35 lib_build/system_XMC4500.o
 .debug_macro   0x0000000000000000       0x2d lib_build/system_XMC4500.o
 .debug_macro   0x0000000000000000       0xef lib_build/system_XMC4500.o
 .debug_macro   0x0000000000000000       0x6a lib_build/system_XMC4500.o
 .debug_macro   0x0000000000000000      0x1df lib_build/system_XMC4500.o
 .debug_macro   0x0000000000000000       0x22 lib_build/system_XMC4500.o
 .debug_macro   0x0000000000000000       0xaf lib_build/system_XMC4500.o
 .debug_macro   0x0000000000000000      0xfe7 lib_build/system_XMC4500.o
 .debug_macro   0x0000000000000000       0x16 lib_build/system_XMC4500.o
 .debug_macro   0x0000000000000000    0x1474b lib_build/system_XMC4500.o
 .comment       0x0000000000000000       0x80 lib_build/system_XMC4500.o
 .group         0x0000000000000000        0xc lib_build/syscalls.o
 .group         0x0000000000000000        0xc lib_build/syscalls.o
 .group         0x0000000000000000        0xc lib_build/syscalls.o
 .group         0x0000000000000000        0xc lib_build/syscalls.o
 .group         0x0000000000000000        0xc lib_build/syscalls.o
 .group         0x0000000000000000        0xc lib_build/syscalls.o
 .group         0x0000000000000000        0xc lib_build/syscalls.o
 .group         0x0000000000000000        0xc lib_build/syscalls.o
 .group         0x0000000000000000        0xc lib_build/syscalls.o
 .group         0x0000000000000000        0xc lib_build/syscalls.o
 .group         0x0000000000000000        0xc lib_build/syscalls.o
 .group         0x0000000000000000        0xc lib_build/syscalls.o
 .group         0x0000000000000000        0xc lib_build/syscalls.o
 .group         0x0000000000000000        0xc lib_build/syscalls.o
 .group         0x0000000000000000        0xc lib_build/syscalls.o
 .group         0x0000000000000000        0xc lib_build/syscalls.o
 .group         0x0000000000000000        0xc lib_build/syscalls.o
 .group         0x0000000000000000        0xc lib_build/syscalls.o
 .group         0x0000000000000000        0xc lib_build/syscalls.o
 .group         0x0000000000000000        0xc lib_build/syscalls.o
 .group         0x0000000000000000        0xc lib_build/syscalls.o
 .group         0x0000000000000000        0xc lib_build/syscalls.o
 .group         0x0000000000000000        0xc lib_build/syscalls.o
 .group         0x0000000000000000        0xc lib_build/syscalls.o
 .group         0x0000000000000000        0xc lib_build/syscalls.o
 .group         0x0000000000000000        0xc lib_build/syscalls.o
 .group         0x0000000000000000        0xc lib_build/syscalls.o
 .group         0x0000000000000000        0xc lib_build/syscalls.o
 .group         0x0000000000000000        0xc lib_build/syscalls.o
 .debug_macro   0x0000000000000000      0xa4e lib_build/syscalls.o
 .debug_macro   0x0000000000000000       0x22 lib_build/syscalls.o
 .debug_macro   0x0000000000000000       0x8e lib_build/syscalls.o
 .debug_macro   0x0000000000000000       0x51 lib_build/syscalls.o
 .debug_macro   0x0000000000000000       0xef lib_build/syscalls.o
 .debug_macro   0x0000000000000000       0x6a lib_build/syscalls.o
 .debug_macro   0x0000000000000000      0x1df lib_build/syscalls.o
 .debug_macro   0x0000000000000000       0x5e lib_build/syscalls.o
 .debug_macro   0x0000000000000000       0x18 lib_build/syscalls.o
 .debug_macro   0x0000000000000000       0x35 lib_build/syscalls.o
 .debug_macro   0x0000000000000000       0x34 lib_build/syscalls.o
 .debug_macro   0x0000000000000000      0x16d lib_build/syscalls.o
 .debug_macro   0x0000000000000000       0x58 lib_build/syscalls.o
 .debug_macro   0x0000000000000000       0x1f lib_build/syscalls.o
 .debug_macro   0x0000000000000000       0x43 lib_build/syscalls.o
 .debug_macro   0x0000000000000000       0x20 lib_build/syscalls.o
 .debug_macro   0x0000000000000000      0x18e lib_build/syscalls.o
 .debug_macro   0x0000000000000000      0x353 lib_build/syscalls.o
 .comment       0x0000000000000000       0x80 lib_build/syscalls.o

Memory Configuration

Name             Origin             Length             Attributes
FLASH_1_cached   0x0000000008000000 0x0000000000100000 xr
FLASH_1_uncached 0x000000000c000000 0x0000000000100000 xr
PSRAM_1          0x0000000010000000 0x0000000000010000 !xr
DSRAM_1_system   0x0000000020000000 0x0000000000010000 !xr
DSRAM_2_comm     0x0000000030000000 0x0000000000008000 !xr
*default*        0x0000000000000000 0xffffffffffffffff

Linker script and memory map

LOAD build/part_a.o
LOAD lib_build/xmc_gpio.o
LOAD lib_build/xmc4_scu.o
LOAD lib_build/xmc4_gpio.o
LOAD lib_build/xmc_ccu4.o
LOAD lib_build/startup_XMC4500.o
LOAD lib_build/system_XMC4500.o
LOAD lib_build/syscalls.o
START GROUP
LOAD /usr/bin/../lib/gcc/arm-none-eabi/7.3.1/thumb/v7e-m/libgcc.a
LOAD /usr/bin/../lib/gcc/arm-none-eabi/7.3.1/../../../../arm-none-eabi/lib/thumb/v7e-m/libg.a
LOAD /usr/bin/../lib/gcc/arm-none-eabi/7.3.1/../../../../arm-none-eabi/lib/thumb/v7e-m/libc.a
END GROUP
START GROUP
LOAD /usr/bin/../lib/gcc/arm-none-eabi/7.3.1/thumb/v7e-m/libgcc.a
LOAD /usr/bin/../lib/gcc/arm-none-eabi/7.3.1/../../../../arm-none-eabi/lib/thumb/v7e-m/libc.a
LOAD /usr/bin/../lib/gcc/arm-none-eabi/7.3.1/../../../../arm-none-eabi/lib/thumb/v7e-m/libnosys.a
END GROUP
                0x0000000000000800                stack_size = DEFINED (stack_size)?stack_size:0x800
                0x0000000000000040                no_init_size = 0x40

.text           0x0000000008000000     0x34a8 load address 0x000000000c000000
                0x0000000008000000                sText = .
 *(.reset)
 .reset         0x0000000008000000      0x2b2 lib_build/startup_XMC4500.o
                0x0000000008000000                __Vectors
                0x0000000008000200                Reset_Handler
                0x00000000080002b0                VADC0_C0_3_IRQHandler
                0x00000000080002b0                DSD0_7_IRQHandler
                0x00000000080002b0                DebugMon_Handler
                0x00000000080002b0                VADC0_C0_0_IRQHandler
                0x00000000080002b0                CAN0_4_IRQHandler
                0x00000000080002b0                VADC0_G2_0_IRQHandler
                0x00000000080002b0                USIC0_5_IRQHandler
                0x00000000080002b0                POSIF0_0_IRQHandler
                0x00000000080002b0                POSIF1_0_IRQHandler
                0x00000000080002b0                HardFault_Handler
                0x00000000080002b0                VADC0_G1_1_IRQHandler
                0x00000000080002b0                PendSV_Handler
                0x00000000080002b0                NMI_Handler
                0x00000000080002b0                USIC1_3_IRQHandler
                0x00000000080002b0                CCU40_2_IRQHandler
                0x00000000080002b0                SCU_0_IRQHandler
                0x00000000080002b0                ERU0_0_IRQHandler
                0x00000000080002b0                CCU41_0_IRQHandler
                0x00000000080002b0                USIC1_5_IRQHandler
                0x00000000080002b0                DSD0_4_IRQHandler
                0x00000000080002b0                CCU80_1_IRQHandler
                0x00000000080002b0                CCU81_0_IRQHandler
                0x00000000080002b0                UsageFault_Handler
                0x00000000080002b0                USIC0_0_IRQHandler
                0x00000000080002b0                POSIF1_1_IRQHandler
                0x00000000080002b0                ERU0_2_IRQHandler
                0x00000000080002b0                CCU81_1_IRQHandler
                0x00000000080002b0                ERU1_1_IRQHandler
                0x00000000080002b0                VADC0_G2_3_IRQHandler
                0x00000000080002b0                VADC0_G2_2_IRQHandler
                0x00000000080002b0                CCU42_3_IRQHandler
                0x00000000080002b0                ERU0_3_IRQHandler
                0x00000000080002b0                DSD0_5_IRQHandler
                0x00000000080002b0                CAN0_6_IRQHandler
                0x00000000080002b0                CCU43_0_IRQHandler
                0x00000000080002b0                VADC0_G0_1_IRQHandler
                0x00000000080002b0                CCU81_2_IRQHandler
                0x00000000080002b0                USIC2_4_IRQHandler
                0x00000000080002b0                CCU81_3_IRQHandler
                0x00000000080002b0                CCU42_1_IRQHandler
                0x00000000080002b0                USIC1_1_IRQHandler
                0x00000000080002b0                USIC2_5_IRQHandler
                0x00000000080002b0                CCU40_0_IRQHandler
                0x00000000080002b0                CAN0_0_IRQHandler
                0x00000000080002b0                ERU1_0_IRQHandler
                0x00000000080002b0                CCU42_2_IRQHandler
                0x00000000080002b0                Default_Handler
                0x00000000080002b0                USIC1_4_IRQHandler
                0x00000000080002b0                ERU1_3_IRQHandler
                0x00000000080002b0                USIC1_0_IRQHandler
                0x00000000080002b0                POSIF0_1_IRQHandler
                0x00000000080002b0                VADC0_G0_0_IRQHandler
                0x00000000080002b0                DSD0_2_IRQHandler
                0x00000000080002b0                CCU80_3_IRQHandler
                0x00000000080002b0                CCU41_3_IRQHandler
                0x00000000080002b0                CCU80_2_IRQHandler
                0x00000000080002b0                VADC0_G1_3_IRQHandler
                0x00000000080002b0                VADC0_G0_3_IRQHandler
                0x00000000080002b0                GPDMA0_0_IRQHandler
                0x00000000080002b0                PMU0_0_IRQHandler
                0x00000000080002b0                CAN0_7_IRQHandler
                0x00000000080002b0                DSD0_1_IRQHandler
                0x00000000080002b0                CCU41_2_IRQHandler
                0x00000000080002b0                VADC0_C0_1_IRQHandler
                0x00000000080002b0                CCU43_2_IRQHandler
                0x00000000080002b0                USIC2_2_IRQHandler
                0x00000000080002b0                MemManage_Handler
                0x00000000080002b0                VADC0_G3_1_IRQHandler
                0x00000000080002b0                DAC0_0_IRQHandler
                0x00000000080002b0                SVC_Handler
                0x00000000080002b0                VADC0_G3_3_IRQHandler
                0x00000000080002b0                ERU1_2_IRQHandler
                0x00000000080002b0                CCU41_1_IRQHandler
                0x00000000080002b0                DSD0_6_IRQHandler
                0x00000000080002b0                CCU43_1_IRQHandler
                0x00000000080002b0                VADC0_G1_2_IRQHandler
                0x00000000080002b0                USIC2_3_IRQHandler
                0x00000000080002b0                CAN0_2_IRQHandler
                0x00000000080002b0                USIC2_0_IRQHandler
                0x00000000080002b0                VADC0_G0_2_IRQHandler
                0x00000000080002b0                VADC0_G2_1_IRQHandler
                0x00000000080002b0                CAN0_3_IRQHandler
                0x00000000080002b0                ETH0_0_IRQHandler
                0x00000000080002b0                USIC0_3_IRQHandler
                0x00000000080002b0                DSD0_0_IRQHandler
                0x00000000080002b0                VADC0_C0_2_IRQHandler
                0x00000000080002b0                CCU42_0_IRQHandler
                0x00000000080002b0                FCE0_0_IRQHandler
                0x00000000080002b0                VADC0_G1_0_IRQHandler
                0x00000000080002b0                USB0_0_IRQHandler
                0x00000000080002b0                CAN0_5_IRQHandler
                0x00000000080002b0                CCU80_0_IRQHandler
                0x00000000080002b0                CCU40_1_IRQHandler
                0x00000000080002b0                USIC2_1_IRQHandler
                0x00000000080002b0                USIC0_1_IRQHandler
                0x00000000080002b0                VADC0_G3_2_IRQHandler
                0x00000000080002b0                CCU40_3_IRQHandler
                0x00000000080002b0                BusFault_Handler
                0x00000000080002b0                LEDTS0_0_IRQHandler
                0x00000000080002b0                USIC0_4_IRQHandler
                0x00000000080002b0                CCU43_3_IRQHandler
                0x00000000080002b0                ERU0_1_IRQHandler
                0x00000000080002b0                VADC0_G3_0_IRQHandler
                0x00000000080002b0                USIC1_2_IRQHandler
                0x00000000080002b0                DSD0_3_IRQHandler
                0x00000000080002b0                SDMMC0_0_IRQHandler
                0x00000000080002b0                CAN0_1_IRQHandler
                0x00000000080002b0                USIC0_2_IRQHandler
                0x00000000080002b0                DAC0_1_IRQHandler
                0x00000000080002b0                GPDMA1_0_IRQHandler
 *(.text .text.* .gnu.linkonce.t.*)
 .text          0x00000000080002b2        0x0 build/part_a.o
 *fill*         0x00000000080002b2        0x2 
 .text.__NVIC_SetPriority
                0x00000000080002b4       0x54 build/part_a.o
 .text.SysTick_Config
                0x0000000008000308       0x44 build/part_a.o
 .text.XMC_GPIO_SetOutputHigh
                0x000000000800034c       0x22 build/part_a.o
 .text.XMC_GPIO_SetOutputLow
                0x000000000800036e       0x24 build/part_a.o
 *fill*         0x0000000008000392        0x2 
 .text.main     0x0000000008000394       0x44 build/part_a.o
                0x0000000008000394                main
 .text.SysTick_Handler
                0x00000000080003d8       0x1c build/part_a.o
                0x00000000080003d8                SysTick_Handler
 .text.delay_ms
                0x00000000080003f4       0x34 build/part_a.o
                0x00000000080003f4                delay_ms
 .text.dot_LED  0x0000000008000428       0x24 build/part_a.o
                0x0000000008000428                dot_LED
 .text.dash_LED
                0x000000000800044c       0x24 build/part_a.o
                0x000000000800044c                dash_LED
 .text.space_symbol
                0x0000000008000470        0xe build/part_a.o
                0x0000000008000470                space_symbol
 .text.space_letter
                0x000000000800047e       0x10 build/part_a.o
                0x000000000800047e                space_letter
 .text.space_word
                0x000000000800048e       0x10 build/part_a.o
                0x000000000800048e                space_word
 *fill*         0x000000000800049e        0x2 
 .text.output_morse_code
                0x00000000080004a0      0x5b8 build/part_a.o
                0x00000000080004a0                output_morse_code
 .text          0x0000000008000a58        0x0 lib_build/xmc_gpio.o
 .text.XMC_GPIO_SetMode
                0x0000000008000a58       0x82 lib_build/xmc_gpio.o
                0x0000000008000a58                XMC_GPIO_SetMode
 .text.XMC_GPIO_SetHardwareControl
                0x0000000008000ada       0x46 lib_build/xmc_gpio.o
                0x0000000008000ada                XMC_GPIO_SetHardwareControl
 .text          0x0000000008000b20        0x0 lib_build/xmc4_scu.o
 .text.XMC_SCU_CLOCK_GetUsbClockSource
                0x0000000008000b20       0x1c lib_build/xmc4_scu.o
 .text.XMC_SCU_CLOCK_GetWdtClockSource
                0x0000000008000b3c       0x1c lib_build/xmc4_scu.o
 .text.XMC_SCU_CLOCK_GetExternalOutputClockSource
                0x0000000008000b58       0x20 lib_build/xmc4_scu.o
 .text.XMC_SCU_CLOCK_GetSystemClockFrequency
                0x0000000008000b78       0x28 lib_build/xmc4_scu.o
 .text.XMC_SCU_CLOCK_GetCpuClockFrequency
                0x0000000008000ba0       0x18 lib_build/xmc4_scu.o
 .text.XMC_SCU_GetMirrorStatus
                0x0000000008000bb8       0x18 lib_build/xmc4_scu.o
 .text.XMC_SCU_lDelay
                0x0000000008000bd0       0x48 lib_build/xmc4_scu.o
 .text.XMC_SCU_INTERRUPT_EnableEvent
                0x0000000008000c18       0x24 lib_build/xmc4_scu.o
                0x0000000008000c18                XMC_SCU_INTERRUPT_EnableEvent
 .text.XMC_SCU_INTERRUPT_DisableEvent
                0x0000000008000c3c       0x28 lib_build/xmc4_scu.o
                0x0000000008000c3c                XMC_SCU_INTERRUPT_DisableEvent
 .text.XMC_SCU_INTERRUPT_TriggerEvent
                0x0000000008000c64       0x24 lib_build/xmc4_scu.o
                0x0000000008000c64                XMC_SCU_INTERRUPT_TriggerEvent
 .text.XMC_SCU_INTERUPT_GetEventStatus
                0x0000000008000c88       0x18 lib_build/xmc4_scu.o
                0x0000000008000c88                XMC_SCU_INTERUPT_GetEventStatus
 .text.XMC_SCU_INTERRUPT_ClearEventStatus
                0x0000000008000ca0       0x20 lib_build/xmc4_scu.o
                0x0000000008000ca0                XMC_SCU_INTERRUPT_ClearEventStatus
 .text.XMC_SCU_GetBootMode
                0x0000000008000cc0       0x1c lib_build/xmc4_scu.o
                0x0000000008000cc0                XMC_SCU_GetBootMode
 .text.XMC_SCU_SetBootMode
                0x0000000008000cdc       0x20 lib_build/xmc4_scu.o
                0x0000000008000cdc                XMC_SCU_SetBootMode
 .text.XMC_SCU_ReadGPR
                0x0000000008000cfc       0x24 lib_build/xmc4_scu.o
                0x0000000008000cfc                XMC_SCU_ReadGPR
 .text.XMC_SCU_WriteGPR
                0x0000000008000d20       0x28 lib_build/xmc4_scu.o
                0x0000000008000d20                XMC_SCU_WriteGPR
 .text.XMC_SCU_EnableOutOfRangeComparator
                0x0000000008000d48       0x38 lib_build/xmc4_scu.o
                0x0000000008000d48                XMC_SCU_EnableOutOfRangeComparator
 .text.XMC_SCU_DisableOutOfRangeComparator
                0x0000000008000d80       0x3c lib_build/xmc4_scu.o
                0x0000000008000d80                XMC_SCU_DisableOutOfRangeComparator
 .text.XMC_SCU_CalibrateTemperatureSensor
                0x0000000008000dbc       0x30 lib_build/xmc4_scu.o
                0x0000000008000dbc                XMC_SCU_CalibrateTemperatureSensor
 .text.XMC_SCU_EnableTemperatureSensor
                0x0000000008000dec       0x24 lib_build/xmc4_scu.o
                0x0000000008000dec                XMC_SCU_EnableTemperatureSensor
 .text.XMC_SCU_DisableTemperatureSensor
                0x0000000008000e10       0x24 lib_build/xmc4_scu.o
                0x0000000008000e10                XMC_SCU_DisableTemperatureSensor
 .text.XMC_SCU_IsTemperatureSensorEnabled
                0x0000000008000e34       0x28 lib_build/xmc4_scu.o
                0x0000000008000e34                XMC_SCU_IsTemperatureSensorEnabled
 .text.XMC_SCU_IsTemperatureSensorReady
                0x0000000008000e5c       0x28 lib_build/xmc4_scu.o
                0x0000000008000e5c                XMC_SCU_IsTemperatureSensorReady
 .text.XMC_SCU_StartTemperatureMeasurement
                0x0000000008000e84       0x4c lib_build/xmc4_scu.o
                0x0000000008000e84                XMC_SCU_StartTemperatureMeasurement
 .text.XMC_SCU_GetTemperatureMeasurement
                0x0000000008000ed0       0x38 lib_build/xmc4_scu.o
                0x0000000008000ed0                XMC_SCU_GetTemperatureMeasurement
 .text.XMC_SCU_IsTemperatureSensorBusy
                0x0000000008000f08       0x28 lib_build/xmc4_scu.o
                0x0000000008000f08                XMC_SCU_IsTemperatureSensorBusy
 .text.XMC_SCU_WriteToRetentionMemory
                0x0000000008000f30       0x4c lib_build/xmc4_scu.o
                0x0000000008000f30                XMC_SCU_WriteToRetentionMemory
 .text.XMC_SCU_ReadFromRetentionMemory
                0x0000000008000f7c       0x48 lib_build/xmc4_scu.o
                0x0000000008000f7c                XMC_SCU_ReadFromRetentionMemory
 .text.XMC_SCU_CLOCK_Init
                0x0000000008000fc4       0xe6 lib_build/xmc4_scu.o
                0x0000000008000fc4                XMC_SCU_CLOCK_Init
 *fill*         0x00000000080010aa        0x2 
 .text.XMC_SCU_TRAP_Enable
                0x00000000080010ac       0x28 lib_build/xmc4_scu.o
                0x00000000080010ac                XMC_SCU_TRAP_Enable
 .text.XMC_SCU_TRAP_Disable
                0x00000000080010d4       0x24 lib_build/xmc4_scu.o
                0x00000000080010d4                XMC_SCU_TRAP_Disable
 .text.XMC_SCU_TRAP_GetStatus
                0x00000000080010f8       0x18 lib_build/xmc4_scu.o
                0x00000000080010f8                XMC_SCU_TRAP_GetStatus
 .text.XMC_SCU_TRAP_Trigger
                0x0000000008001110       0x20 lib_build/xmc4_scu.o
                0x0000000008001110                XMC_SCU_TRAP_Trigger
 .text.XMC_SCU_TRAP_ClearStatus
                0x0000000008001130       0x20 lib_build/xmc4_scu.o
                0x0000000008001130                XMC_SCU_TRAP_ClearStatus
 .text.XMC_SCU_PARITY_ClearStatus
                0x0000000008001150       0x24 lib_build/xmc4_scu.o
                0x0000000008001150                XMC_SCU_PARITY_ClearStatus
 .text.XMC_SCU_PARITY_GetStatus
                0x0000000008001174       0x18 lib_build/xmc4_scu.o
                0x0000000008001174                XMC_SCU_PARITY_GetStatus
 .text.XMC_SCU_PARITY_Enable
                0x000000000800118c       0x24 lib_build/xmc4_scu.o
                0x000000000800118c                XMC_SCU_PARITY_Enable
 .text.XMC_SCU_PARITY_Disable
                0x00000000080011b0       0x28 lib_build/xmc4_scu.o
                0x00000000080011b0                XMC_SCU_PARITY_Disable
 .text.XMC_SCU_PARITY_EnableTrapGeneration
                0x00000000080011d8       0x24 lib_build/xmc4_scu.o
                0x00000000080011d8                XMC_SCU_PARITY_EnableTrapGeneration
 .text.XMC_SCU_PARITY_DisableTrapGeneration
                0x00000000080011fc       0x28 lib_build/xmc4_scu.o
                0x00000000080011fc                XMC_SCU_PARITY_DisableTrapGeneration
 .text.XMC_SCU_INTERRUPT_EnableNmiRequest
                0x0000000008001224       0x24 lib_build/xmc4_scu.o
                0x0000000008001224                XMC_SCU_INTERRUPT_EnableNmiRequest
 .text.XMC_SCU_INTERRUPT_DisableNmiRequest
                0x0000000008001248       0x28 lib_build/xmc4_scu.o
                0x0000000008001248                XMC_SCU_INTERRUPT_DisableNmiRequest
 .text.XMC_SCU_RESET_AssertPeripheralReset
                0x0000000008001270       0x3c lib_build/xmc4_scu.o
                0x0000000008001270                XMC_SCU_RESET_AssertPeripheralReset
 .text.XMC_SCU_RESET_DeassertPeripheralReset
                0x00000000080012ac       0x3c lib_build/xmc4_scu.o
                0x00000000080012ac                XMC_SCU_RESET_DeassertPeripheralReset
 .text.XMC_SCU_RESET_IsPeripheralResetAsserted
                0x00000000080012e8       0x48 lib_build/xmc4_scu.o
                0x00000000080012e8                XMC_SCU_RESET_IsPeripheralResetAsserted
 .text.XMC_SCU_CLOCK_GetSystemPllClockFrequency
                0x0000000008001330       0x7c lib_build/xmc4_scu.o
                0x0000000008001330                XMC_SCU_CLOCK_GetSystemPllClockFrequency
 .text.XMC_SCU_CLOCK_GetSystemPllClockSourceFrequency
                0x00000000080013ac       0x30 lib_build/xmc4_scu.o
                0x00000000080013ac                XMC_SCU_CLOCK_GetSystemPllClockSourceFrequency
 .text.XMC_SCU_CLOCK_GetUsbPllClockFrequency
                0x00000000080013dc       0x54 lib_build/xmc4_scu.o
                0x00000000080013dc                XMC_SCU_CLOCK_GetUsbPllClockFrequency
 .text.XMC_SCU_CLOCK_GetCcuClockFrequency
                0x0000000008001430       0x2c lib_build/xmc4_scu.o
                0x0000000008001430                XMC_SCU_CLOCK_GetCcuClockFrequency
 .text.XMC_SCU_CLOCK_GetUsbClockFrequency
                0x000000000800145c       0x48 lib_build/xmc4_scu.o
                0x000000000800145c                XMC_SCU_CLOCK_GetUsbClockFrequency
 .text.XMC_SCU_CLOCK_GetEbuClockFrequency
                0x00000000080014a4       0x28 lib_build/xmc4_scu.o
                0x00000000080014a4                XMC_SCU_CLOCK_GetEbuClockFrequency
 .text.XMC_SCU_CLOCK_GetWdtClockFrequency
                0x00000000080014cc       0x58 lib_build/xmc4_scu.o
                0x00000000080014cc                XMC_SCU_CLOCK_GetWdtClockFrequency
 .text.XMC_SCU_CLOCK_GetExternalOutputClockFrequency
                0x0000000008001524       0x70 lib_build/xmc4_scu.o
                0x0000000008001524                XMC_SCU_CLOCK_GetExternalOutputClockFrequency
 .text.XMC_SCU_CLOCK_GetPeripheralClockFrequency
                0x0000000008001594       0x20 lib_build/xmc4_scu.o
                0x0000000008001594                XMC_SCU_CLOCK_GetPeripheralClockFrequency
 .text.XMC_SCU_CLOCK_SetSystemClockSource
                0x00000000080015b4       0x28 lib_build/xmc4_scu.o
                0x00000000080015b4                XMC_SCU_CLOCK_SetSystemClockSource
 .text.XMC_SCU_CLOCK_SetUsbClockSource
                0x00000000080015dc       0x28 lib_build/xmc4_scu.o
                0x00000000080015dc                XMC_SCU_CLOCK_SetUsbClockSource
 .text.XMC_SCU_CLOCK_SetWdtClockSource
                0x0000000008001604       0x28 lib_build/xmc4_scu.o
                0x0000000008001604                XMC_SCU_CLOCK_SetWdtClockSource
 .text.XMC_SCU_CLOCK_SetExternalOutputClockSource
                0x000000000800162c       0x2c lib_build/xmc4_scu.o
                0x000000000800162c                XMC_SCU_CLOCK_SetExternalOutputClockSource
 .text.XMC_SCU_CLOCK_SetSystemPllClockSource
                0x0000000008001658       0x44 lib_build/xmc4_scu.o
                0x0000000008001658                XMC_SCU_CLOCK_SetSystemPllClockSource
 .text.XMC_SCU_HIB_SetRtcClockSource
                0x000000000800169c       0x40 lib_build/xmc4_scu.o
                0x000000000800169c                XMC_SCU_HIB_SetRtcClockSource
 .text.XMC_SCU_HIB_SetStandbyClockSource
                0x00000000080016dc       0x40 lib_build/xmc4_scu.o
                0x00000000080016dc                XMC_SCU_HIB_SetStandbyClockSource
 .text.XMC_SCU_CLOCK_SetSystemClockDivider
                0x000000000800171c       0x2c lib_build/xmc4_scu.o
                0x000000000800171c                XMC_SCU_CLOCK_SetSystemClockDivider
 .text.XMC_SCU_CLOCK_SetCcuClockDivider
                0x0000000008001748       0x2c lib_build/xmc4_scu.o
                0x0000000008001748                XMC_SCU_CLOCK_SetCcuClockDivider
 .text.XMC_SCU_CLOCK_SetCpuClockDivider
                0x0000000008001774       0x2c lib_build/xmc4_scu.o
                0x0000000008001774                XMC_SCU_CLOCK_SetCpuClockDivider
 .text.XMC_SCU_CLOCK_SetPeripheralClockDivider
                0x00000000080017a0       0x2c lib_build/xmc4_scu.o
                0x00000000080017a0                XMC_SCU_CLOCK_SetPeripheralClockDivider
 .text.XMC_SCU_CLOCK_SetUsbClockDivider
                0x00000000080017cc       0x2c lib_build/xmc4_scu.o
                0x00000000080017cc                XMC_SCU_CLOCK_SetUsbClockDivider
 .text.XMC_SCU_CLOCK_SetEbuClockDivider
                0x00000000080017f8       0x2c lib_build/xmc4_scu.o
                0x00000000080017f8                XMC_SCU_CLOCK_SetEbuClockDivider
 .text.XMC_SCU_CLOCK_SetWdtClockDivider
                0x0000000008001824       0x2c lib_build/xmc4_scu.o
                0x0000000008001824                XMC_SCU_CLOCK_SetWdtClockDivider
 .text.XMC_SCU_CLOCK_SetExternalOutputClockDivider
                0x0000000008001850       0x30 lib_build/xmc4_scu.o
                0x0000000008001850                XMC_SCU_CLOCK_SetExternalOutputClockDivider
 .text.XMC_SCU_CLOCK_EnableClock
                0x0000000008001880       0x20 lib_build/xmc4_scu.o
                0x0000000008001880                XMC_SCU_CLOCK_EnableClock
 .text.XMC_SCU_CLOCK_DisableClock
                0x00000000080018a0       0x20 lib_build/xmc4_scu.o
                0x00000000080018a0                XMC_SCU_CLOCK_DisableClock
 .text.XMC_SCU_CLOCK_IsClockEnabled
                0x00000000080018c0       0x2c lib_build/xmc4_scu.o
                0x00000000080018c0                XMC_SCU_CLOCK_IsClockEnabled
 .text.XMC_SCU_POWER_GetEVR13Voltage
                0x00000000080018ec       0x30 lib_build/xmc4_scu.o
                0x00000000080018ec                XMC_SCU_POWER_GetEVR13Voltage
 .text.XMC_SCU_POWER_GetEVR33Voltage
                0x000000000800191c       0x34 lib_build/xmc4_scu.o
                0x000000000800191c                XMC_SCU_POWER_GetEVR33Voltage
 .text.XMC_SCU_CLOCK_EnableUsbPll
                0x0000000008001950       0x24 lib_build/xmc4_scu.o
                0x0000000008001950                XMC_SCU_CLOCK_EnableUsbPll
 .text.XMC_SCU_CLOCK_DisableUsbPll
                0x0000000008001974       0x24 lib_build/xmc4_scu.o
                0x0000000008001974                XMC_SCU_CLOCK_DisableUsbPll
 .text.XMC_SCU_CLOCK_StartUsbPll
                0x0000000008001998       0x78 lib_build/xmc4_scu.o
                0x0000000008001998                XMC_SCU_CLOCK_StartUsbPll
 .text.XMC_SCU_CLOCK_StopUsbPll
                0x0000000008001a10       0x1c lib_build/xmc4_scu.o
                0x0000000008001a10                XMC_SCU_CLOCK_StopUsbPll
 .text.XMC_SCU_CLOCK_SetBackupClockCalibrationMode
                0x0000000008001a2c       0x4c lib_build/xmc4_scu.o
                0x0000000008001a2c                XMC_SCU_CLOCK_SetBackupClockCalibrationMode
 .text.XMC_SCU_POWER_EnableUsb
                0x0000000008001a78       0x1c lib_build/xmc4_scu.o
                0x0000000008001a78                XMC_SCU_POWER_EnableUsb
 .text.XMC_SCU_POWER_DisableUsb
                0x0000000008001a94       0x1c lib_build/xmc4_scu.o
                0x0000000008001a94                XMC_SCU_POWER_DisableUsb
 .text.XMC_SCU_CLOCK_IsUsbPllLocked
                0x0000000008001ab0       0x24 lib_build/xmc4_scu.o
                0x0000000008001ab0                XMC_SCU_CLOCK_IsUsbPllLocked
 .text.XMC_SCU_HIB_EnableHibernateDomain
                0x0000000008001ad4       0x58 lib_build/xmc4_scu.o
                0x0000000008001ad4                XMC_SCU_HIB_EnableHibernateDomain
 .text.XMC_SCU_HIB_DisableHibernateDomain
                0x0000000008001b2c       0x24 lib_build/xmc4_scu.o
                0x0000000008001b2c                XMC_SCU_HIB_DisableHibernateDomain
 .text.XMC_SCU_HIB_IsHibernateDomainEnabled
                0x0000000008001b50       0x3c lib_build/xmc4_scu.o
                0x0000000008001b50                XMC_SCU_HIB_IsHibernateDomainEnabled
 .text.XMC_SCU_HIB_EnableInternalSlowClock
                0x0000000008001b8c       0x34 lib_build/xmc4_scu.o
                0x0000000008001b8c                XMC_SCU_HIB_EnableInternalSlowClock
 .text.XMC_SCU_HIB_DisableInternalSlowClock
                0x0000000008001bc0       0x34 lib_build/xmc4_scu.o
                0x0000000008001bc0                XMC_SCU_HIB_DisableInternalSlowClock
 .text.XMC_SCU_HIB_ClearEventStatus
                0x0000000008001bf4       0x34 lib_build/xmc4_scu.o
                0x0000000008001bf4                XMC_SCU_HIB_ClearEventStatus
 .text.XMC_SCU_HIB_TriggerEvent
                0x0000000008001c28       0x34 lib_build/xmc4_scu.o
                0x0000000008001c28                XMC_SCU_HIB_TriggerEvent
 .text.XMC_SCU_HIB_EnableEvent
                0x0000000008001c5c       0x38 lib_build/xmc4_scu.o
                0x0000000008001c5c                XMC_SCU_HIB_EnableEvent
 .text.XMC_SCU_HIB_DisableEvent
                0x0000000008001c94       0x3c lib_build/xmc4_scu.o
                0x0000000008001c94                XMC_SCU_HIB_DisableEvent
 .text.XMC_SCU_HIB_EnterHibernateState
                0x0000000008001cd0       0x34 lib_build/xmc4_scu.o
                0x0000000008001cd0                XMC_SCU_HIB_EnterHibernateState
 .text.XMC_SCU_HIB_EnterHibernateStateEx
                0x0000000008001d04       0x1c lib_build/xmc4_scu.o
                0x0000000008001d04                XMC_SCU_HIB_EnterHibernateStateEx
 .text.XMC_SCU_HIB_SetWakeupTriggerInput
                0x0000000008001d20       0x50 lib_build/xmc4_scu.o
                0x0000000008001d20                XMC_SCU_HIB_SetWakeupTriggerInput
 .text.XMC_SCU_HIB_SetPinMode
                0x0000000008001d70       0x54 lib_build/xmc4_scu.o
                0x0000000008001d70                XMC_SCU_HIB_SetPinMode
 .text.XMC_SCU_HIB_SetPinOutputLevel
                0x0000000008001dc4       0x58 lib_build/xmc4_scu.o
                0x0000000008001dc4                XMC_SCU_HIB_SetPinOutputLevel
 .text.XMC_SCU_HIB_SetInput0
                0x0000000008001e1c       0x50 lib_build/xmc4_scu.o
                0x0000000008001e1c                XMC_SCU_HIB_SetInput0
 .text.XMC_SCU_HIB_SetSR0Input
                0x0000000008001e6c       0x40 lib_build/xmc4_scu.o
                0x0000000008001e6c                XMC_SCU_HIB_SetSR0Input
 .text.XMC_SCU_CLOCK_IsLowPowerOscillatorStable
                0x0000000008001eac       0x24 lib_build/xmc4_scu.o
                0x0000000008001eac                XMC_SCU_CLOCK_IsLowPowerOscillatorStable
 .text.XMC_SCU_CLOCK_EnableLowPowerOscillator
                0x0000000008001ed0       0x6c lib_build/xmc4_scu.o
                0x0000000008001ed0                XMC_SCU_CLOCK_EnableLowPowerOscillator
 .text.XMC_SCU_CLOCK_DisableLowPowerOscillator
                0x0000000008001f3c       0x34 lib_build/xmc4_scu.o
                0x0000000008001f3c                XMC_SCU_CLOCK_DisableLowPowerOscillator
 .text.XMC_SCU_CLOCK_EnableLowPowerOscillatorGeneralPurposeInput
                0x0000000008001f70       0x34 lib_build/xmc4_scu.o
                0x0000000008001f70                XMC_SCU_CLOCK_EnableLowPowerOscillatorGeneralPurposeInput
 .text.XMC_SCU_CLOCK_DisableLowPowerOscillatorGeneralPurposeInput
                0x0000000008001fa4       0x38 lib_build/xmc4_scu.o
                0x0000000008001fa4                XMC_SCU_CLOCK_DisableLowPowerOscillatorGeneralPurposeInput
 .text.XMC_SCU_CLOCK_GetLowPowerOscillatorGeneralPurposeInputStatus
                0x0000000008001fdc       0x1c lib_build/xmc4_scu.o
                0x0000000008001fdc                XMC_SCU_CLOCK_GetLowPowerOscillatorGeneralPurposeInputStatus
 .text.XMC_SCU_CLOCK_EnableHighPerformanceOscillator
                0x0000000008001ff8       0x50 lib_build/xmc4_scu.o
                0x0000000008001ff8                XMC_SCU_CLOCK_EnableHighPerformanceOscillator
 .text.XMC_SCU_CLOCK_IsHighPerformanceOscillatorStable
                0x0000000008002048       0x28 lib_build/xmc4_scu.o
                0x0000000008002048                XMC_SCU_CLOCK_IsHighPerformanceOscillatorStable
 .text.XMC_SCU_CLOCK_DisableHighPerformanceOscillator
                0x0000000008002070       0x20 lib_build/xmc4_scu.o
                0x0000000008002070                XMC_SCU_CLOCK_DisableHighPerformanceOscillator
 .text.XMC_SCU_CLOCK_EnableHighPerformanceOscillatorGeneralPurposeInput
                0x0000000008002090       0x20 lib_build/xmc4_scu.o
                0x0000000008002090                XMC_SCU_CLOCK_EnableHighPerformanceOscillatorGeneralPurposeInput
 .text.XMC_SCU_CLOCK_DisableHighPerformanceOscillatorGeneralPurposeInput
                0x00000000080020b0       0x20 lib_build/xmc4_scu.o
                0x00000000080020b0                XMC_SCU_CLOCK_DisableHighPerformanceOscillatorGeneralPurposeInput
 .text.XMC_SCU_CLOCK_GetHighPerformanceOscillatorGeneralPurposeInputStatus
                0x00000000080020d0       0x1c lib_build/xmc4_scu.o
                0x00000000080020d0                XMC_SCU_CLOCK_GetHighPerformanceOscillatorGeneralPurposeInputStatus
 .text.XMC_SCU_CLOCK_EnableSystemPll
                0x00000000080020ec       0x24 lib_build/xmc4_scu.o
                0x00000000080020ec                XMC_SCU_CLOCK_EnableSystemPll
 .text.XMC_SCU_CLOCK_DisableSystemPll
                0x0000000008002110       0x24 lib_build/xmc4_scu.o
                0x0000000008002110                XMC_SCU_CLOCK_DisableSystemPll
 .text.XMC_SCU_CLOCK_StartSystemPll
                0x0000000008002134      0x178 lib_build/xmc4_scu.o
                0x0000000008002134                XMC_SCU_CLOCK_StartSystemPll
 .text.XMC_SCU_CLOCK_StopSystemPll
                0x00000000080022ac       0x20 lib_build/xmc4_scu.o
                0x00000000080022ac                XMC_SCU_CLOCK_StopSystemPll
 .text.XMC_SCU_CLOCK_StepSystemPllFrequency
                0x00000000080022cc       0x30 lib_build/xmc4_scu.o
                0x00000000080022cc                XMC_SCU_CLOCK_StepSystemPllFrequency
 .text.XMC_SCU_CLOCK_IsSystemPllLocked
                0x00000000080022fc       0x24 lib_build/xmc4_scu.o
                0x00000000080022fc                XMC_SCU_CLOCK_IsSystemPllLocked
 .text.XMC_SCU_INTERRUPT_SetEventHandler
                0x0000000008002320       0x58 lib_build/xmc4_scu.o
                0x0000000008002320                XMC_SCU_INTERRUPT_SetEventHandler
 .text.XMC_SCU_IRQHandler
                0x0000000008002378       0x60 lib_build/xmc4_scu.o
                0x0000000008002378                XMC_SCU_IRQHandler
 .text          0x00000000080023d8        0x0 lib_build/xmc4_gpio.o
 .text.XMC_GPIO_Init
                0x00000000080023d8      0x144 lib_build/xmc4_gpio.o
                0x00000000080023d8                XMC_GPIO_Init
 .text.XMC_GPIO_SetOutputStrength
                0x000000000800251c       0x86 lib_build/xmc4_gpio.o
                0x000000000800251c                XMC_GPIO_SetOutputStrength
 .text          0x00000000080025a2        0x0 lib_build/xmc_ccu4.o
 .text.XMC_CCU4_StartPrescaler
                0x00000000080025a2       0x20 lib_build/xmc_ccu4.o
 .text.XMC_CCU4_SLICE_SetDitherCompareValue
                0x00000000080025c2       0x1e lib_build/xmc_ccu4.o
 .text.XMC_CCU4_lAssertReset
                0x00000000080025e0       0x64 lib_build/xmc_ccu4.o
 .text.XMC_CCU4_lDeassertReset
                0x0000000008002644       0x64 lib_build/xmc_ccu4.o
 .text.XMC_CCU4_EnableModule
                0x00000000080026a8       0x1c lib_build/xmc_ccu4.o
                0x00000000080026a8                XMC_CCU4_EnableModule
 .text.XMC_CCU4_DisableModule
                0x00000000080026c4       0x16 lib_build/xmc_ccu4.o
                0x00000000080026c4                XMC_CCU4_DisableModule
 .text.XMC_CCU4_Init
                0x00000000080026da       0x3e lib_build/xmc_ccu4.o
                0x00000000080026da                XMC_CCU4_Init
 .text.XMC_CCU4_SetModuleClock
                0x0000000008002718       0x36 lib_build/xmc_ccu4.o
                0x0000000008002718                XMC_CCU4_SetModuleClock
 .text.XMC_CCU4_SetMultiChannelShadowTransferMode
                0x000000000800274e       0x38 lib_build/xmc_ccu4.o
                0x000000000800274e                XMC_CCU4_SetMultiChannelShadowTransferMode
 .text.XMC_CCU4_SLICE_CompareInit
                0x0000000008002786       0x6e lib_build/xmc_ccu4.o
                0x0000000008002786                XMC_CCU4_SLICE_CompareInit
 .text.XMC_CCU4_SLICE_CaptureInit
                0x00000000080027f4       0x4e lib_build/xmc_ccu4.o
                0x00000000080027f4                XMC_CCU4_SLICE_CaptureInit
 .text.XMC_CCU4_SLICE_StartConfig
                0x0000000008002842       0x5c lib_build/xmc_ccu4.o
                0x0000000008002842                XMC_CCU4_SLICE_StartConfig
 .text.XMC_CCU4_SLICE_StopConfig
                0x000000000800289e       0x58 lib_build/xmc_ccu4.o
                0x000000000800289e                XMC_CCU4_SLICE_StopConfig
 .text.XMC_CCU4_SLICE_LoadConfig
                0x00000000080028f6       0x36 lib_build/xmc_ccu4.o
                0x00000000080028f6                XMC_CCU4_SLICE_LoadConfig
 .text.XMC_CCU4_SLICE_ModulationConfig
                0x000000000800292c       0x80 lib_build/xmc_ccu4.o
                0x000000000800292c                XMC_CCU4_SLICE_ModulationConfig
 .text.XMC_CCU4_SLICE_CountConfig
                0x00000000080029ac       0x36 lib_build/xmc_ccu4.o
                0x00000000080029ac                XMC_CCU4_SLICE_CountConfig
 .text.XMC_CCU4_SLICE_GateConfig
                0x00000000080029e2       0x36 lib_build/xmc_ccu4.o
                0x00000000080029e2                XMC_CCU4_SLICE_GateConfig
 .text.XMC_CCU4_SLICE_Capture0Config
                0x0000000008002a18       0x36 lib_build/xmc_ccu4.o
                0x0000000008002a18                XMC_CCU4_SLICE_Capture0Config
 .text.XMC_CCU4_SLICE_Capture1Config
                0x0000000008002a4e       0x36 lib_build/xmc_ccu4.o
                0x0000000008002a4e                XMC_CCU4_SLICE_Capture1Config
 .text.XMC_CCU4_SLICE_DirectionConfig
                0x0000000008002a84       0x36 lib_build/xmc_ccu4.o
                0x0000000008002a84                XMC_CCU4_SLICE_DirectionConfig
 .text.XMC_CCU4_SLICE_StatusBitOverrideConfig
                0x0000000008002aba       0x30 lib_build/xmc_ccu4.o
                0x0000000008002aba                XMC_CCU4_SLICE_StatusBitOverrideConfig
 .text.XMC_CCU4_SLICE_TrapConfig
                0x0000000008002aea       0x74 lib_build/xmc_ccu4.o
                0x0000000008002aea                XMC_CCU4_SLICE_TrapConfig
 .text.XMC_CCU4_SLICE_ConfigureStatusBitOverrideEvent
                0x0000000008002b5e       0xc4 lib_build/xmc_ccu4.o
                0x0000000008002b5e                XMC_CCU4_SLICE_ConfigureStatusBitOverrideEvent
 .text.XMC_CCU4_SLICE_ConfigureEvent
                0x0000000008002c22       0xd4 lib_build/xmc_ccu4.o
                0x0000000008002c22                XMC_CCU4_SLICE_ConfigureEvent
 .text.XMC_CCU4_SLICE_SetInput
                0x0000000008002cf6       0x52 lib_build/xmc_ccu4.o
                0x0000000008002cf6                XMC_CCU4_SLICE_SetInput
 .text.XMC_CCU4_SLICE_SetTimerRepeatMode
                0x0000000008002d48       0x38 lib_build/xmc_ccu4.o
                0x0000000008002d48                XMC_CCU4_SLICE_SetTimerRepeatMode
 .text.XMC_CCU4_SLICE_SetTimerCountingMode
                0x0000000008002d80       0x38 lib_build/xmc_ccu4.o
                0x0000000008002d80                XMC_CCU4_SLICE_SetTimerCountingMode
 .text.XMC_CCU4_SLICE_GetCaptureRegisterValue
                0x0000000008002db8       0x24 lib_build/xmc_ccu4.o
                0x0000000008002db8                XMC_CCU4_SLICE_GetCaptureRegisterValue
 .text.XMC_CCU4_SLICE_GetLastCapturedTimerValue
                0x0000000008002ddc       0x8c lib_build/xmc_ccu4.o
                0x0000000008002ddc                XMC_CCU4_SLICE_GetLastCapturedTimerValue
 .text.XMC_CCU4_GetCapturedValueFromFifo
                0x0000000008002e68       0x38 lib_build/xmc_ccu4.o
                0x0000000008002e68                XMC_CCU4_GetCapturedValueFromFifo
 .text.XMC_CCU4_SLICE_EnableDithering
                0x0000000008002ea0       0x5c lib_build/xmc_ccu4.o
                0x0000000008002ea0                XMC_CCU4_SLICE_EnableDithering
 .text.XMC_CCU4_SLICE_SetPrescaler
                0x0000000008002efc       0x3c lib_build/xmc_ccu4.o
                0x0000000008002efc                XMC_CCU4_SLICE_SetPrescaler
 .text.XMC_CCU4_SLICE_SetInterruptNode
                0x0000000008002f38       0xb0 lib_build/xmc_ccu4.o
                0x0000000008002f38                XMC_CCU4_SLICE_SetInterruptNode
 .text.XMC_CCU4_SLICE_SetPassiveLevel
                0x0000000008002fe8       0x34 lib_build/xmc_ccu4.o
                0x0000000008002fe8                XMC_CCU4_SLICE_SetPassiveLevel
 .text          0x000000000800301c        0x0 lib_build/startup_XMC4500.o
 .text          0x000000000800301c        0x0 lib_build/system_XMC4500.o
 .text.delay    0x000000000800301c       0x2a lib_build/system_XMC4500.o
 *fill*         0x0000000008003046        0x2 
 .text.SystemInit
                0x0000000008003048       0x24 lib_build/system_XMC4500.o
                0x0000000008003048                SystemInit
 .text.SystemCoreSetup
                0x000000000800306c       0x70 lib_build/system_XMC4500.o
                0x000000000800306c                SystemCoreSetup
 .text.SystemCoreClockSetup
                0x00000000080030dc      0x208 lib_build/system_XMC4500.o
                0x00000000080030dc                SystemCoreClockSetup
 .text.SystemCoreClockUpdate
                0x00000000080032e4       0xd4 lib_build/system_XMC4500.o
                0x00000000080032e4                SystemCoreClockUpdate
 .text.OSCHP_GetFrequency
                0x00000000080033b8       0x14 lib_build/system_XMC4500.o
                0x00000000080033b8                OSCHP_GetFrequency
 .text          0x00000000080033cc        0x0 lib_build/syscalls.o
 .text._sbrk    0x00000000080033cc       0x68 lib_build/syscalls.o
                0x00000000080033cc                _sbrk
 .text._init    0x0000000008003434        0xe lib_build/syscalls.o
                0x0000000008003434                _init
 .text          0x0000000008003442        0x0 /usr/bin/../lib/gcc/arm-none-eabi/7.3.1/../../../../arm-none-eabi/lib/thumb/v7e-m/libg.a(lib_a-errno.o)
 *fill*         0x0000000008003442        0x2 
 .text.__errno  0x0000000008003444        0xc /usr/bin/../lib/gcc/arm-none-eabi/7.3.1/../../../../arm-none-eabi/lib/thumb/v7e-m/libg.a(lib_a-errno.o)
                0x0000000008003444                __errno
 .text          0x0000000008003450        0x0 /usr/bin/../lib/gcc/arm-none-eabi/7.3.1/../../../../arm-none-eabi/lib/thumb/v7e-m/libg.a(lib_a-impure.o)
 .text          0x0000000008003450        0x0 /usr/bin/../lib/gcc/arm-none-eabi/7.3.1/../../../../arm-none-eabi/lib/thumb/v7e-m/libg.a(lib_a-init.o)
 .text.__libc_init_array
                0x0000000008003450       0x48 /usr/bin/../lib/gcc/arm-none-eabi/7.3.1/../../../../arm-none-eabi/lib/thumb/v7e-m/libg.a(lib_a-init.o)
                0x0000000008003450                __libc_init_array
 *(.init)
 *(.fini)
 *crtbegin.o(.ctors)
 *crtbegin?.o(.ctors)
 *(EXCLUDE_FILE(*crtend.o *crtend?.o) .ctors)
 *(SORT_BY_NAME(.ctors.*))
 *(.ctors)
 *crtbegin.o(.dtors)
 *crtbegin?.o(.dtors)
 *(EXCLUDE_FILE(*crtend.o *crtend?.o) .dtors)
 *(SORT_BY_NAME(.dtors.*))
 *(.dtors)
 *(.rodata .rodata.*)
 .rodata        0x0000000008003498        0xc build/part_a.o
 .rodata._global_impure_ptr
                0x00000000080034a4        0x4 /usr/bin/../lib/gcc/arm-none-eabi/7.3.1/../../../../arm-none-eabi/lib/thumb/v7e-m/libg.a(lib_a-impure.o)
                0x00000000080034a4                _global_impure_ptr
 *(.gnu.linkonce.r*)
 *(vtable)
                0x00000000080034a8                . = ALIGN (0x4)

.glue_7         0x00000000080034a8        0x0 load address 0x000000000c0034a8
 .glue_7        0x00000000080034a8        0x0 linker stubs

.glue_7t        0x00000000080034a8        0x0 load address 0x000000000c0034a8
 .glue_7t       0x00000000080034a8        0x0 linker stubs

.vfp11_veneer   0x00000000080034a8        0x0 load address 0x000000000c0034a8
 .vfp11_veneer  0x00000000080034a8        0x0 linker stubs

.v4_bx          0x00000000080034a8        0x0 load address 0x000000000c0034a8
 .v4_bx         0x00000000080034a8        0x0 linker stubs

.iplt           0x00000000080034a8        0x0 load address 0x000000000c0034a8
 .iplt          0x00000000080034a8        0x0 build/part_a.o

.rel.dyn        0x00000000080034a8        0x0 load address 0x000000000c0034a8
 .rel.iplt      0x00000000080034a8        0x0 build/part_a.o

.eh_frame_hdr
 *(.eh_frame_hdr)

.eh_frame
 *(.eh_frame)

.ARM.extab
 *(.ARM.extab* .gnu.linkonce.armextab.*)
                0x00000000080034a8                . = ALIGN (0x4)
                0x00000000080034a8                __exidx_start = .

.ARM.exidx
 *(.ARM.exidx* .gnu.linkonce.armexidx.*)
                0x00000000080034a8                __exidx_end = .
                0x00000000080034a8                . = ALIGN (0x4)

Stack           0x0000000010000000      0x800
                0x0000000010000000                __stack_start = .
                0x0000000010000800                . = (. + stack_size)
 *fill*         0x0000000010000000      0x800 
                0x0000000010000800                __stack_end = .
                0x0000000010000800                __initial_sp = .

.ram_code       0x0000000010000800        0x0 load address 0x000000000c0034a8
                0x0000000010000800                . = ALIGN (0x4)
                0x0000000010000800                __ram_code_start = .
 *(.ram_code)
                0x0000000010000800                . = ALIGN (0x4)
                0x0000000010000800                __ram_code_end = .
                0x000000000c0034a8                __ram_code_load = LOADADDR (.ram_code)
                0x0000000000000000                __ram_code_size = (__ram_code_end - __ram_code_start)

PSRAM_DATA      0x0000000010000800        0x0 load address 0x000000000c0034a8
                0x0000000010000800                . = ALIGN (0x4)
                0x0000000010000800                __data3_start = .
 *(PSRAM_DATA)
                0x0000000010000800                . = ALIGN (0x4)
                0x0000000010000800                __data3_end = .
                0x000000000c0034a8                __data3_load = LOADADDR (PSRAM_DATA)
                0x0000000000000000                __data3_size = (__data3_end - __data3_start)

PSRAM_BSS       0x0000000010000800        0x0 load address 0x000000000c0034a8
                0x0000000010000800                . = ALIGN (0x4)
                0x0000000010000800                __bss3_start = .
 *(PSRAM_BSS)
                0x0000000010000800                . = ALIGN (0x4)
                0x0000000010000800                __bss3_end = .
                0x0000000010000800                . = ALIGN (0x8)
                0x0000000010000800                Heap_Bank3_Start = .
                0x0000000000000000                __bss3_size = (__bss3_end - __bss3_start)

.data           0x0000000020000000      0x438 load address 0x000000000c0034a8
                0x0000000020000000                . = ALIGN (0x4)
                0x0000000020000000                __data_start = .
 *(.data)
 .data          0x0000000020000000        0xc build/part_a.o
                0x0000000020000000                led_config
 .data          0x000000002000000c        0x0 lib_build/xmc_gpio.o
 .data          0x000000002000000c        0x0 lib_build/xmc4_scu.o
 .data          0x000000002000000c        0x0 lib_build/xmc4_gpio.o
 .data          0x000000002000000c        0x0 lib_build/xmc_ccu4.o
 .data          0x000000002000000c        0x0 lib_build/startup_XMC4500.o
 .data          0x000000002000000c        0x0 lib_build/system_XMC4500.o
 .data          0x000000002000000c        0x0 lib_build/syscalls.o
 .data          0x000000002000000c        0x0 /usr/bin/../lib/gcc/arm-none-eabi/7.3.1/../../../../arm-none-eabi/lib/thumb/v7e-m/libg.a(lib_a-errno.o)
 .data          0x000000002000000c        0x0 /usr/bin/../lib/gcc/arm-none-eabi/7.3.1/../../../../arm-none-eabi/lib/thumb/v7e-m/libg.a(lib_a-impure.o)
 .data          0x000000002000000c        0x0 /usr/bin/../lib/gcc/arm-none-eabi/7.3.1/../../../../arm-none-eabi/lib/thumb/v7e-m/libg.a(lib_a-init.o)
 *(.data*)
 .data._impure_ptr
                0x000000002000000c        0x4 /usr/bin/../lib/gcc/arm-none-eabi/7.3.1/../../../../arm-none-eabi/lib/thumb/v7e-m/libg.a(lib_a-impure.o)
                0x000000002000000c                _impure_ptr
 .data.impure_data
                0x0000000020000010      0x428 /usr/bin/../lib/gcc/arm-none-eabi/7.3.1/../../../../arm-none-eabi/lib/thumb/v7e-m/libg.a(lib_a-impure.o)
 *(*.data)
 *(.gnu.linkonce.d*)
                0x0000000020000438                . = ALIGN (0x4)
                0x0000000020000438                PROVIDE (__preinit_array_start = .)
 *(.preinit_array)
                0x0000000020000438                PROVIDE (__preinit_array_end = .)
                0x0000000020000438                . = ALIGN (0x4)
                0x0000000020000438                PROVIDE (__init_array_start = .)
 *(SORT_BY_NAME(.init_array.*))
 *(.init_array)
                0x0000000020000438                PROVIDE (__init_array_end = .)
                0x0000000020000438                . = ALIGN (0x4)
                [!provide]                        PROVIDE (__fini_array_start = .)
 *(SORT_BY_NAME(.fini_array.*))
 *(.fini_array)
                [!provide]                        PROVIDE (__fini_array_end = .)
                0x0000000020000438                . = ALIGN (0x4)
                0x0000000020000438                __data_end = .
                0x000000000c0034a8                __data_load = LOADADDR (.data)
                0x0000000000000438                __data_size = (__data_end - __data_start)

.igot.plt       0x0000000020000438        0x0 load address 0x000000000c0038e0
 .igot.plt      0x0000000020000438        0x0 build/part_a.o

.bss            0x0000000020000438       0x90 load address 0x000000000c0038e0
                0x0000000020000438                . = ALIGN (0x4)
                0x0000000020000438                __bss_start = .
 *(.bss)
 .bss           0x0000000020000438        0x4 build/part_a.o
                0x0000000020000438                system_ticks
 .bss           0x000000002000043c        0x0 lib_build/xmc_gpio.o
 .bss           0x000000002000043c        0x0 lib_build/xmc4_scu.o
 .bss           0x000000002000043c        0x0 lib_build/xmc4_gpio.o
 .bss           0x000000002000043c        0x0 lib_build/xmc_ccu4.o
 .bss           0x000000002000043c        0x0 lib_build/startup_XMC4500.o
 .bss           0x000000002000043c        0x0 lib_build/system_XMC4500.o
 .bss           0x000000002000043c        0x8 lib_build/syscalls.o
                0x000000002000043c                __dso_handle
 .bss           0x0000000020000444        0x0 /usr/bin/../lib/gcc/arm-none-eabi/7.3.1/../../../../arm-none-eabi/lib/thumb/v7e-m/libg.a(lib_a-errno.o)
 .bss           0x0000000020000444        0x0 /usr/bin/../lib/gcc/arm-none-eabi/7.3.1/../../../../arm-none-eabi/lib/thumb/v7e-m/libg.a(lib_a-impure.o)
 .bss           0x0000000020000444        0x0 /usr/bin/../lib/gcc/arm-none-eabi/7.3.1/../../../../arm-none-eabi/lib/thumb/v7e-m/libg.a(lib_a-init.o)
 *(.bss*)
 *(COMMON)
 COMMON         0x0000000020000444       0x80 lib_build/xmc4_scu.o
                0x0000000020000444                event_handler_list
 *(.gnu.linkonce.b*)
                0x00000000200004c4                . = ALIGN (0x4)
                0x00000000200004c4                __bss_end = .
                0x00000000200004c8                . = ALIGN (0x8)
 *fill*         0x00000000200004c4        0x4 
                0x00000000200004c8                Heap_Bank1_Start = .
                0x000000000000008c                __bss_size = (__bss_end - __bss_start)

.no_init        0x000000002000ffc0       0x14
                0x000000002000ffc0                Heap_Bank1_End = .
 *(.no_init)
 .no_init       0x000000002000ffc0       0x14 lib_build/system_XMC4500.o
                0x000000002000ffc0                SystemCoreClock
                0x000000002000ffc4                g_chipid

DSRAM2_DATA     0x0000000030000000        0x0 load address 0x000000000c0038e0
                0x0000000030000000                . = ALIGN (0x4)
                0x0000000030000000                __data2_start = .
 *(DSRAM2_DATA)
                0x0000000030000000                . = ALIGN (0x4)
                0x0000000030000000                __data2_end = .
                0x000000000c0038e0                __data2_load = LOADADDR (DSRAM2_DATA)
                0x0000000000000000                __data2_size = (__data2_end - __data2_start)
                0x00000000000038e0                __text_size = (((((__exidx_end - sText) + __data_size) + __ram_code_size) + __data2_size) + __data3_size)
                0x00000000080038e0                eText = (sText + __text_size)

DSRAM2_BSS      0x0000000030000000        0x0 load address 0x000000000c0038e0
                0x0000000030000000                . = ALIGN (0x4)
                0x0000000030000000                __bss2_start = .
 *(ETH_RAM)
 *(USB_RAM)
 *(DSRAM2_BSS)
                0x0000000030000000                . = ALIGN (0x4)
                0x0000000030000000                __bss2_end = .
                0x0000000030000000                . = ALIGN (0x8)
                0x0000000030000000                Heap_Bank2_Start = .
                0x0000000000000000                __bss2_size = (__bss2_end - __bss2_start)
                0x000000000000faf8                Heap_Bank1_Size = (Heap_Bank1_End - Heap_Bank1_Start)
                0x0000000000008000                Heap_Bank2_Size = (LENGTH (DSRAM_2_comm) - (Heap_Bank2_Start - ORIGIN (DSRAM_2_comm)))
                0x000000000000f800                Heap_Bank3_Size = (LENGTH (PSRAM_1) - (Heap_Bank3_Start - ORIGIN (PSRAM_1)))
                0x0000000000000001                ASSERT ((Heap_Bank1_Start <= Heap_Bank1_End), region SRAM_combined overflowed no_init section)

/DISCARD/
 *(.comment)

.stab
 *(.stab)

.stabstr
 *(.stabstr)

.debug
 *(.debug)

.line
 *(.line)

.debug_srcinfo
 *(.debug_srcinfo)

.debug_sfnames
 *(.debug_sfnames)

.debug_aranges  0x0000000000000000      0x650
 *(.debug_aranges)
 .debug_aranges
                0x0000000000000000       0x80 build/part_a.o
 .debug_aranges
                0x0000000000000080       0x28 lib_build/xmc_gpio.o
 .debug_aranges
                0x00000000000000a8      0x3c8 lib_build/xmc4_scu.o
 .debug_aranges
                0x0000000000000470       0x28 lib_build/xmc4_gpio.o
 .debug_aranges
                0x0000000000000498      0x128 lib_build/xmc_ccu4.o
 .debug_aranges
                0x00000000000005c0       0x20 lib_build/startup_XMC4500.o
 .debug_aranges
                0x00000000000005e0       0x48 lib_build/system_XMC4500.o
 .debug_aranges
                0x0000000000000628       0x28 lib_build/syscalls.o

.debug_pubnames
 *(.debug_pubnames)

.debug_pubtypes
 *(.debug_pubtypes)

.debug_info     0x0000000000000000     0x9463
 *(.debug_info .gnu.linkonce.wi.*)
 .debug_info    0x0000000000000000     0x14cc build/part_a.o
 .debug_info    0x00000000000014cc      0xcc6 lib_build/xmc_gpio.o
 .debug_info    0x0000000000002192     0x2a2c lib_build/xmc4_scu.o
 .debug_info    0x0000000000004bbe      0xd55 lib_build/xmc4_gpio.o
 .debug_info    0x0000000000005913     0x1f26 lib_build/xmc_ccu4.o
 .debug_info    0x0000000000007839       0x26 lib_build/startup_XMC4500.o
 .debug_info    0x000000000000785f     0x11ca lib_build/system_XMC4500.o
 .debug_info    0x0000000000008a29      0xa3a lib_build/syscalls.o

.debug_abbrev   0x0000000000000000     0x1198
 *(.debug_abbrev)
 .debug_abbrev  0x0000000000000000      0x303 build/part_a.o
 .debug_abbrev  0x0000000000000303      0x1f8 lib_build/xmc_gpio.o
 .debug_abbrev  0x00000000000004fb      0x35d lib_build/xmc4_scu.o
 .debug_abbrev  0x0000000000000858      0x1e9 lib_build/xmc4_gpio.o
 .debug_abbrev  0x0000000000000a41      0x2e0 lib_build/xmc_ccu4.o
 .debug_abbrev  0x0000000000000d21       0x14 lib_build/startup_XMC4500.o
 .debug_abbrev  0x0000000000000d35      0x287 lib_build/system_XMC4500.o
 .debug_abbrev  0x0000000000000fbc      0x1dc lib_build/syscalls.o

.debug_line     0x0000000000000000     0x2a05
 *(.debug_line)
 .debug_line    0x0000000000000000      0x5b3 build/part_a.o
 .debug_line    0x00000000000005b3      0x38c lib_build/xmc_gpio.o
 .debug_line    0x000000000000093f      0xe9c lib_build/xmc4_scu.o
 .debug_line    0x00000000000017db      0x39e lib_build/xmc4_gpio.o
 .debug_line    0x0000000000001b79      0x712 lib_build/xmc_ccu4.o
 .debug_line    0x000000000000228b       0xd1 lib_build/startup_XMC4500.o
 .debug_line    0x000000000000235c      0x404 lib_build/system_XMC4500.o
 .debug_line    0x0000000000002760      0x2a5 lib_build/syscalls.o

.debug_frame    0x0000000000000000     0x1b3c
 *(.debug_frame)
 .debug_frame   0x0000000000000000      0x1cc build/part_a.o
 .debug_frame   0x00000000000001cc       0x60 lib_build/xmc_gpio.o
 .debug_frame   0x000000000000022c     0x11bc lib_build/xmc4_scu.o
 .debug_frame   0x00000000000013e8       0x60 lib_build/xmc4_gpio.o
 .debug_frame   0x0000000000001448      0x560 lib_build/xmc_ccu4.o
 .debug_frame   0x00000000000019a8       0xec lib_build/system_XMC4500.o
 .debug_frame   0x0000000000001a94       0x5c lib_build/syscalls.o
 .debug_frame   0x0000000000001af0       0x20 /usr/bin/../lib/gcc/arm-none-eabi/7.3.1/../../../../arm-none-eabi/lib/thumb/v7e-m/libg.a(lib_a-errno.o)
 .debug_frame   0x0000000000001b10       0x2c /usr/bin/../lib/gcc/arm-none-eabi/7.3.1/../../../../arm-none-eabi/lib/thumb/v7e-m/libg.a(lib_a-init.o)

.debug_str      0x0000000000000000    0x7bd23
 *(.debug_str)
 .debug_str     0x0000000000000000    0x75d76 build/part_a.o
                                      0x76051 (size before relaxing)
 .debug_str     0x0000000000075d76       0xd3 lib_build/xmc_gpio.o
                                      0x73933 (size before relaxing)
 .debug_str     0x0000000000075e49     0x24ac lib_build/xmc4_scu.o
                                      0x72323 (size before relaxing)
 .debug_str     0x00000000000782f5       0x9e lib_build/xmc4_gpio.o
                                      0x73ab8 (size before relaxing)
 .debug_str     0x0000000000078393     0x1ced lib_build/xmc_ccu4.o
                                      0x737c7 (size before relaxing)
 .debug_str     0x000000000007a080       0x74 lib_build/startup_XMC4500.o
                                         0xb1 (size before relaxing)
 .debug_str     0x000000000007a0f4      0xb70 lib_build/system_XMC4500.o
                                      0x701a4 (size before relaxing)
 .debug_str     0x000000000007ac64     0x10bf lib_build/syscalls.o
                                       0x7b7b (size before relaxing)

.debug_loc      0x0000000000000000     0x37f8
 *(.debug_loc)
 .debug_loc     0x0000000000000000      0x35c build/part_a.o
 .debug_loc     0x000000000000035c       0xb8 lib_build/xmc_gpio.o
 .debug_loc     0x0000000000000414     0x2504 lib_build/xmc4_scu.o
 .debug_loc     0x0000000000002918       0xb8 lib_build/xmc4_gpio.o
 .debug_loc     0x00000000000029d0      0xbf0 lib_build/xmc_ccu4.o
 .debug_loc     0x00000000000035c0      0x1a4 lib_build/system_XMC4500.o
 .debug_loc     0x0000000000003764       0x94 lib_build/syscalls.o

.debug_macinfo
 *(.debug_macinfo)

.debug_ranges   0x0000000000000000      0x5c0
 *(.debug_ranges)
 .debug_ranges  0x0000000000000000       0x70 build/part_a.o
 .debug_ranges  0x0000000000000070       0x18 lib_build/xmc_gpio.o
 .debug_ranges  0x0000000000000088      0x3b8 lib_build/xmc4_scu.o
 .debug_ranges  0x0000000000000440       0x18 lib_build/xmc4_gpio.o
 .debug_ranges  0x0000000000000458      0x118 lib_build/xmc_ccu4.o
 .debug_ranges  0x0000000000000570       0x38 lib_build/system_XMC4500.o
 .debug_ranges  0x00000000000005a8       0x18 lib_build/syscalls.o

.debug_weaknames
 *(.debug_weaknames)

.debug_funcnames
 *(.debug_funcnames)

.debug_typenames
 *(.debug_typenames)

.debug_varnames
 *(.debug_varnames)

.build_attributes
                0x0000000000000000      0x230
 *(.ARM.attributes)
 .ARM.attributes
                0x0000000000000000       0x37 build/part_a.o
 .ARM.attributes
                0x0000000000000037       0x37 lib_build/xmc_gpio.o
 .ARM.attributes
                0x000000000000006e       0x37 lib_build/xmc4_scu.o
 .ARM.attributes
                0x00000000000000a5       0x37 lib_build/xmc4_gpio.o
 .ARM.attributes
                0x00000000000000dc       0x37 lib_build/xmc_ccu4.o
 .ARM.attributes
                0x0000000000000113       0x25 lib_build/startup_XMC4500.o
 .ARM.attributes
                0x0000000000000138       0x37 lib_build/system_XMC4500.o
 .ARM.attributes
                0x000000000000016f       0x37 lib_build/syscalls.o
 .ARM.attributes
                0x00000000000001a6       0x2e /usr/bin/../lib/gcc/arm-none-eabi/7.3.1/../../../../arm-none-eabi/lib/thumb/v7e-m/libg.a(lib_a-errno.o)
 .ARM.attributes
                0x00000000000001d4       0x2e /usr/bin/../lib/gcc/arm-none-eabi/7.3.1/../../../../arm-none-eabi/lib/thumb/v7e-m/libg.a(lib_a-impure.o)
 .ARM.attributes
                0x0000000000000202       0x2e /usr/bin/../lib/gcc/arm-none-eabi/7.3.1/../../../../arm-none-eabi/lib/thumb/v7e-m/libg.a(lib_a-init.o)
OUTPUT(build/main.elf elf32-littlearm)

.debug_macro    0x0000000000000000    0x19818
 .debug_macro   0x0000000000000000      0x208 build/part_a.o
 .debug_macro   0x0000000000000208      0xa4e build/part_a.o
 .debug_macro   0x0000000000000c56       0x2d build/part_a.o
 .debug_macro   0x0000000000000c83       0x22 build/part_a.o
 .debug_macro   0x0000000000000ca5       0x8e build/part_a.o
 .debug_macro   0x0000000000000d33       0x51 build/part_a.o
 .debug_macro   0x0000000000000d84       0xef build/part_a.o
 .debug_macro   0x0000000000000e73       0x6a build/part_a.o
 .debug_macro   0x0000000000000edd      0x1df build/part_a.o
 .debug_macro   0x00000000000010bc       0x22 build/part_a.o
 .debug_macro   0x00000000000010de       0xaf build/part_a.o
 .debug_macro   0x000000000000118d      0xfe7 build/part_a.o
 .debug_macro   0x0000000000002174       0x16 build/part_a.o
 .debug_macro   0x000000000000218a    0x1474b build/part_a.o
 .debug_macro   0x00000000000168d5      0x16d build/part_a.o
 .debug_macro   0x0000000000016a42       0x22 build/part_a.o
 .debug_macro   0x0000000000016a64       0x5e build/part_a.o
 .debug_macro   0x0000000000016ac2       0x18 build/part_a.o
 .debug_macro   0x0000000000016ada       0x35 build/part_a.o
 .debug_macro   0x0000000000016b0f       0x34 build/part_a.o
 .debug_macro   0x0000000000016b43       0x58 build/part_a.o
 .debug_macro   0x0000000000016b9b       0x1f build/part_a.o
 .debug_macro   0x0000000000016bba       0x43 build/part_a.o
 .debug_macro   0x0000000000016bfd       0x20 build/part_a.o
 .debug_macro   0x0000000000016c1d      0x18e build/part_a.o
 .debug_macro   0x0000000000016dab      0x353 build/part_a.o
 .debug_macro   0x00000000000170fe       0x10 build/part_a.o
 .debug_macro   0x000000000001710e       0x35 build/part_a.o
 .debug_macro   0x0000000000017143      0x175 build/part_a.o
 .debug_macro   0x00000000000172b8       0x4c build/part_a.o
 .debug_macro   0x0000000000017304       0x22 build/part_a.o
 .debug_macro   0x0000000000017326      0x861 build/part_a.o
 .debug_macro   0x0000000000017b87       0xa5 build/part_a.o
 .debug_macro   0x0000000000017c2c      0x6ec build/part_a.o
 .debug_macro   0x0000000000018318       0xa5 build/part_a.o
 .debug_macro   0x00000000000183bd      0x1b8 lib_build/xmc_gpio.o
 .debug_macro   0x0000000000018575      0x167 lib_build/xmc_gpio.o
 .debug_macro   0x00000000000186dc       0x28 lib_build/xmc_gpio.o
 .debug_macro   0x0000000000018704       0x12 lib_build/xmc_gpio.o
 .debug_macro   0x0000000000018716      0x20f lib_build/xmc4_scu.o
 .debug_macro   0x0000000000018925       0x9f lib_build/xmc4_scu.o
 .debug_macro   0x00000000000189c4      0x1c4 lib_build/xmc4_gpio.o
 .debug_macro   0x0000000000018b88      0x230 lib_build/xmc_ccu4.o
 .debug_macro   0x0000000000018db8      0x303 lib_build/system_XMC4500.o
 .debug_macro   0x00000000000190bb       0x58 lib_build/system_XMC4500.o
 .debug_macro   0x0000000000019113       0x94 lib_build/system_XMC4500.o
 .debug_macro   0x00000000000191a7       0x57 lib_build/system_XMC4500.o
 .debug_macro   0x00000000000191fe      0x191 lib_build/syscalls.o
 .debug_macro   0x000000000001938f       0x10 lib_build/syscalls.o
 .debug_macro   0x000000000001939f      0x23b lib_build/syscalls.o
 .debug_macro   0x00000000000195da       0x10 lib_build/syscalls.o
 .debug_macro   0x00000000000195ea       0x1c lib_build/syscalls.o
 .debug_macro   0x0000000000019606       0x52 lib_build/syscalls.o
 .debug_macro   0x0000000000019658       0x40 lib_build/syscalls.o
 .debug_macro   0x0000000000019698       0x10 lib_build/syscalls.o
 .debug_macro   0x00000000000196a8       0x40 lib_build/syscalls.o
 .debug_macro   0x00000000000196e8       0xd7 lib_build/syscalls.o
 .debug_macro   0x00000000000197bf       0x1c lib_build/syscalls.o
 .debug_macro   0x00000000000197db       0x3d lib_build/syscalls.o
