Archive member included to satisfy reference by file (symbol)

/usr/bin/../lib/gcc/arm-none-eabi/7.3.1/../../../../arm-none-eabi/lib/thumb/v7e-m/libg.a(lib_a-errno.o)
                              lib_build/syscalls.o (__errno)
/usr/bin/../lib/gcc/arm-none-eabi/7.3.1/../../../../arm-none-eabi/lib/thumb/v7e-m/libg.a(lib_a-impure.o)
                              /usr/bin/../lib/gcc/arm-none-eabi/7.3.1/../../../../arm-none-eabi/lib/thumb/v7e-m/libg.a(lib_a-errno.o) (_impure_ptr)
/usr/bin/../lib/gcc/arm-none-eabi/7.3.1/../../../../arm-none-eabi/lib/thumb/v7e-m/libg.a(lib_a-init.o)
                              lib_build/startup_XMC4500.o (__libc_init_array)
/usr/bin/../lib/gcc/arm-none-eabi/7.3.1/../../../../arm-none-eabi/lib/thumb/v7e-m/libg.a(lib_a-sprintf.o)
                              build/part_b.o (sprintf)
/usr/bin/../lib/gcc/arm-none-eabi/7.3.1/../../../../arm-none-eabi/lib/thumb/v7e-m/libg.a(lib_a-svfprintf.o)
                              /usr/bin/../lib/gcc/arm-none-eabi/7.3.1/../../../../arm-none-eabi/lib/thumb/v7e-m/libg.a(lib_a-sprintf.o) (_svfprintf_r)
/usr/bin/../lib/gcc/arm-none-eabi/7.3.1/../../../../arm-none-eabi/lib/thumb/v7e-m/libg.a(lib_a-dtoa.o)
                              /usr/bin/../lib/gcc/arm-none-eabi/7.3.1/../../../../arm-none-eabi/lib/thumb/v7e-m/libg.a(lib_a-svfprintf.o) (_dtoa_r)
/usr/bin/../lib/gcc/arm-none-eabi/7.3.1/../../../../arm-none-eabi/lib/thumb/v7e-m/libg.a(lib_a-freer.o)
                              /usr/bin/../lib/gcc/arm-none-eabi/7.3.1/../../../../arm-none-eabi/lib/thumb/v7e-m/libg.a(lib_a-svfprintf.o) (_free_r)
/usr/bin/../lib/gcc/arm-none-eabi/7.3.1/../../../../arm-none-eabi/lib/thumb/v7e-m/libg.a(lib_a-localeconv.o)
                              /usr/bin/../lib/gcc/arm-none-eabi/7.3.1/../../../../arm-none-eabi/lib/thumb/v7e-m/libg.a(lib_a-svfprintf.o) (_localeconv_r)
/usr/bin/../lib/gcc/arm-none-eabi/7.3.1/../../../../arm-none-eabi/lib/thumb/v7e-m/libg.a(lib_a-mallocr.o)
                              /usr/bin/../lib/gcc/arm-none-eabi/7.3.1/../../../../arm-none-eabi/lib/thumb/v7e-m/libg.a(lib_a-svfprintf.o) (_malloc_r)
/usr/bin/../lib/gcc/arm-none-eabi/7.3.1/../../../../arm-none-eabi/lib/thumb/v7e-m/libg.a(lib_a-memchr.o)
                              /usr/bin/../lib/gcc/arm-none-eabi/7.3.1/../../../../arm-none-eabi/lib/thumb/v7e-m/libg.a(lib_a-svfprintf.o) (memchr)
/usr/bin/../lib/gcc/arm-none-eabi/7.3.1/../../../../arm-none-eabi/lib/thumb/v7e-m/libg.a(lib_a-memcpy.o)
                              /usr/bin/../lib/gcc/arm-none-eabi/7.3.1/../../../../arm-none-eabi/lib/thumb/v7e-m/libg.a(lib_a-dtoa.o) (memcpy)
/usr/bin/../lib/gcc/arm-none-eabi/7.3.1/../../../../arm-none-eabi/lib/thumb/v7e-m/libg.a(lib_a-mlock.o)
                              /usr/bin/../lib/gcc/arm-none-eabi/7.3.1/../../../../arm-none-eabi/lib/thumb/v7e-m/libg.a(lib_a-freer.o) (__malloc_lock)
/usr/bin/../lib/gcc/arm-none-eabi/7.3.1/../../../../arm-none-eabi/lib/thumb/v7e-m/libg.a(lib_a-mprec.o)
                              /usr/bin/../lib/gcc/arm-none-eabi/7.3.1/../../../../arm-none-eabi/lib/thumb/v7e-m/libg.a(lib_a-dtoa.o) (_Balloc)
/usr/bin/../lib/gcc/arm-none-eabi/7.3.1/../../../../arm-none-eabi/lib/thumb/v7e-m/libg.a(lib_a-s_frexp.o)
                              /usr/bin/../lib/gcc/arm-none-eabi/7.3.1/../../../../arm-none-eabi/lib/thumb/v7e-m/libg.a(lib_a-svfprintf.o) (frexp)
/usr/bin/../lib/gcc/arm-none-eabi/7.3.1/../../../../arm-none-eabi/lib/thumb/v7e-m/libg.a(lib_a-sbrkr.o)
                              /usr/bin/../lib/gcc/arm-none-eabi/7.3.1/../../../../arm-none-eabi/lib/thumb/v7e-m/libg.a(lib_a-freer.o) (_sbrk_r)
/usr/bin/../lib/gcc/arm-none-eabi/7.3.1/../../../../arm-none-eabi/lib/thumb/v7e-m/libg.a(lib_a-strlen.o)
                              /usr/bin/../lib/gcc/arm-none-eabi/7.3.1/../../../../arm-none-eabi/lib/thumb/v7e-m/libg.a(lib_a-svfprintf.o) (strlen)
/usr/bin/../lib/gcc/arm-none-eabi/7.3.1/../../../../arm-none-eabi/lib/thumb/v7e-m/libg.a(lib_a-strncpy.o)
                              /usr/bin/../lib/gcc/arm-none-eabi/7.3.1/../../../../arm-none-eabi/lib/thumb/v7e-m/libg.a(lib_a-svfprintf.o) (strncpy)
/usr/bin/../lib/gcc/arm-none-eabi/7.3.1/../../../../arm-none-eabi/lib/thumb/v7e-m/libg.a(lib_a-svfiprintf.o)
                              /usr/bin/../lib/gcc/arm-none-eabi/7.3.1/../../../../arm-none-eabi/lib/thumb/v7e-m/libg.a(lib_a-svfprintf.o) (__ssprint_r)
/usr/bin/../lib/gcc/arm-none-eabi/7.3.1/../../../../arm-none-eabi/lib/thumb/v7e-m/libg.a(lib_a-callocr.o)
                              /usr/bin/../lib/gcc/arm-none-eabi/7.3.1/../../../../arm-none-eabi/lib/thumb/v7e-m/libg.a(lib_a-mprec.o) (_calloc_r)
/usr/bin/../lib/gcc/arm-none-eabi/7.3.1/../../../../arm-none-eabi/lib/thumb/v7e-m/libg.a(lib_a-locale.o)
                              /usr/bin/../lib/gcc/arm-none-eabi/7.3.1/../../../../arm-none-eabi/lib/thumb/v7e-m/libg.a(lib_a-localeconv.o) (__global_locale)
/usr/bin/../lib/gcc/arm-none-eabi/7.3.1/../../../../arm-none-eabi/lib/thumb/v7e-m/libg.a(lib_a-lock.o)
[...]
Memory Configuration

Name             Origin             Length             Attributes
FLASH_1_cached   0x0000000008000000 0x0000000000100000 xr
FLASH_1_uncached 0x000000000c000000 0x0000000000100000 xr
PSRAM_1          0x0000000010000000 0x0000000000010000 !xr
DSRAM_1_system   0x0000000020000000 0x0000000000010000 !xr
DSRAM_2_comm     0x0000000030000000 0x0000000000008000 !xr
*default*        0x0000000000000000 0xffffffffffffffff

Linker script and memory map

LOAD build/part_b.o
LOAD lib_build/xmc_gpio.o
LOAD lib_build/xmc4_scu.o
LOAD lib_build/xmc4_gpio.o
LOAD lib_build/startup_XMC4500.o
LOAD lib_build/system_XMC4500.o
LOAD lib_build/syscalls.o
START GROUP
LOAD /usr/bin/../lib/gcc/arm-none-eabi/7.3.1/thumb/v7e-m/libgcc.a
LOAD /usr/bin/../lib/gcc/arm-none-eabi/7.3.1/../../../../arm-none-eabi/lib/thumb/v7e-m/libg.a
LOAD /usr/bin/../lib/gcc/arm-none-eabi/7.3.1/../../../../arm-none-eabi/lib/thumb/v7e-m/libc.a
END GROUP
START GROUP
LOAD /usr/bin/../lib/gcc/arm-none-eabi/7.3.1/thumb/v7e-m/libgcc.a
LOAD /usr/bin/../lib/gcc/arm-none-eabi/7.3.1/../../../../arm-none-eabi/lib/thumb/v7e-m/libc.a
LOAD /usr/bin/../lib/gcc/arm-none-eabi/7.3.1/../../../../arm-none-eabi/lib/thumb/v7e-m/libnosys.a
END GROUP
                0x0000000000000800                stack_size = DEFINED (stack_size)?stack_size:0x800
                0x0000000000000040                no_init_size = 0x40

.text           0x0000000008000000     0x8e90 load address 0x000000000c000000
                0x0000000008000000                sText = .
 *(.reset)
 .reset         0x0000000008000000      0x2b2 lib_build/startup_XMC4500.o
                0x0000000008000000                __Vectors
                0x0000000008000200                Reset_Handler
                0x00000000080002b0                VADC0_C0_3_IRQHandler
                0x00000000080002b0                DSD0_7_IRQHandler
                0x00000000080002b0                DebugMon_Handler
                0x00000000080002b0                VADC0_C0_0_IRQHandler
                0x00000000080002b0                CAN0_4_IRQHandler
                0x00000000080002b0                VADC0_G2_0_IRQHandler
                0x00000000080002b0                USIC0_5_IRQHandler
                0x00000000080002b0                POSIF0_0_IRQHandler
                0x00000000080002b0                POSIF1_0_IRQHandler
                0x00000000080002b0                HardFault_Handler
                0x00000000080002b0                VADC0_G1_1_IRQHandler
                0x00000000080002b0                PendSV_Handler
                0x00000000080002b0                NMI_Handler
                0x00000000080002b0                USIC1_3_IRQHandler
                0x00000000080002b0                CCU40_2_IRQHandler
                0x00000000080002b0                SCU_0_IRQHandler
                0x00000000080002b0                ERU0_0_IRQHandler
                0x00000000080002b0                CCU41_0_IRQHandler
                0x00000000080002b0                USIC1_5_IRQHandler
                0x00000000080002b0                DSD0_4_IRQHandler
                0x00000000080002b0                CCU80_1_IRQHandler
                0x00000000080002b0                CCU81_0_IRQHandler
                0x00000000080002b0                UsageFault_Handler
                0x00000000080002b0                USIC0_0_IRQHandler
                0x00000000080002b0                POSIF1_1_IRQHandler
                0x00000000080002b0                ERU0_2_IRQHandler
                0x00000000080002b0                CCU81_1_IRQHandler
                0x00000000080002b0                ERU1_1_IRQHandler
                0x00000000080002b0                VADC0_G2_3_IRQHandler
                0x00000000080002b0                VADC0_G2_2_IRQHandler
                0x00000000080002b0                CCU42_3_IRQHandler
                0x00000000080002b0                ERU0_3_IRQHandler
                0x00000000080002b0                DSD0_5_IRQHandler
                0x00000000080002b0                CAN0_6_IRQHandler
                0x00000000080002b0                CCU43_0_IRQHandler
                0x00000000080002b0                VADC0_G0_1_IRQHandler
                0x00000000080002b0                CCU81_2_IRQHandler
                0x00000000080002b0                USIC2_4_IRQHandler
                0x00000000080002b0                CCU81_3_IRQHandler
                0x00000000080002b0                CCU42_1_IRQHandler
                0x00000000080002b0                USIC1_1_IRQHandler
                0x00000000080002b0                USIC2_5_IRQHandler
                0x00000000080002b0                CCU40_0_IRQHandler
                0x00000000080002b0                CAN0_0_IRQHandler
                0x00000000080002b0                ERU1_0_IRQHandler
                0x00000000080002b0                CCU42_2_IRQHandler
                0x00000000080002b0                Default_Handler
                0x00000000080002b0                USIC1_4_IRQHandler
                0x00000000080002b0                ERU1_3_IRQHandler
                0x00000000080002b0                USIC1_0_IRQHandler
                0x00000000080002b0                POSIF0_1_IRQHandler
                0x00000000080002b0                VADC0_G0_0_IRQHandler
                0x00000000080002b0                DSD0_2_IRQHandler
                0x00000000080002b0                CCU80_3_IRQHandler
                0x00000000080002b0                CCU41_3_IRQHandler
                0x00000000080002b0                CCU80_2_IRQHandler
                0x00000000080002b0                VADC0_G1_3_IRQHandler
                0x00000000080002b0                VADC0_G0_3_IRQHandler
                0x00000000080002b0                GPDMA0_0_IRQHandler
                0x00000000080002b0                PMU0_0_IRQHandler
                0x00000000080002b0                CAN0_7_IRQHandler
                0x00000000080002b0                DSD0_1_IRQHandler
                0x00000000080002b0                CCU41_2_IRQHandler
                0x00000000080002b0                VADC0_C0_1_IRQHandler
                0x00000000080002b0                CCU43_2_IRQHandler
                0x00000000080002b0                USIC2_2_IRQHandler
                0x00000000080002b0                MemManage_Handler
                0x00000000080002b0                VADC0_G3_1_IRQHandler
                0x00000000080002b0                DAC0_0_IRQHandler
                0x00000000080002b0                SVC_Handler
                0x00000000080002b0                VADC0_G3_3_IRQHandler
                0x00000000080002b0                ERU1_2_IRQHandler
                0x00000000080002b0                CCU41_1_IRQHandler
                0x00000000080002b0                DSD0_6_IRQHandler
                0x00000000080002b0                CCU43_1_IRQHandler
                0x00000000080002b0                VADC0_G1_2_IRQHandler
                0x00000000080002b0                USIC2_3_IRQHandler
                0x00000000080002b0                CAN0_2_IRQHandler
                0x00000000080002b0                USIC2_0_IRQHandler
                0x00000000080002b0                VADC0_G0_2_IRQHandler
                0x00000000080002b0                VADC0_G2_1_IRQHandler
                0x00000000080002b0                CAN0_3_IRQHandler
                0x00000000080002b0                ETH0_0_IRQHandler
                0x00000000080002b0                USIC0_3_IRQHandler
                0x00000000080002b0                DSD0_0_IRQHandler
                0x00000000080002b0                VADC0_C0_2_IRQHandler
                0x00000000080002b0                CCU42_0_IRQHandler
                0x00000000080002b0                FCE0_0_IRQHandler
                0x00000000080002b0                VADC0_G1_0_IRQHandler
                0x00000000080002b0                USB0_0_IRQHandler
                0x00000000080002b0                CAN0_5_IRQHandler
                0x00000000080002b0                CCU80_0_IRQHandler
                0x00000000080002b0                CCU40_1_IRQHandler
                0x00000000080002b0                USIC2_1_IRQHandler
                0x00000000080002b0                USIC0_1_IRQHandler
                0x00000000080002b0                VADC0_G3_2_IRQHandler
                0x00000000080002b0                CCU40_3_IRQHandler
                0x00000000080002b0                BusFault_Handler
                0x00000000080002b0                LEDTS0_0_IRQHandler
                0x00000000080002b0                USIC0_4_IRQHandler
                0x00000000080002b0                CCU43_3_IRQHandler
                0x00000000080002b0                ERU0_1_IRQHandler
                0x00000000080002b0                VADC0_G3_0_IRQHandler
                0x00000000080002b0                USIC1_2_IRQHandler
                0x00000000080002b0                DSD0_3_IRQHandler
                0x00000000080002b0                SDMMC0_0_IRQHandler
                0x00000000080002b0                CAN0_1_IRQHandler
                0x00000000080002b0                USIC0_2_IRQHandler
                0x00000000080002b0                DAC0_1_IRQHandler
                0x00000000080002b0                GPDMA1_0_IRQHandler
 *(.text .text.* .gnu.linkonce.t.*)
 .text          0x00000000080002b2        0x0 build/part_b.o
 *fill*         0x00000000080002b2        0x2 
 .text.__NVIC_SetPriority
                0x00000000080002b4       0x54 build/part_b.o
 .text.SysTick_Config
                0x0000000008000308       0x44 build/part_b.o
 .text.XMC_GPIO_SetOutputHigh
                0x000000000800034c       0x22 build/part_b.o
 .text.XMC_GPIO_SetOutputLow
                0x000000000800036e       0x24 build/part_b.o
 .text.XMC_GPIO_GetInput
                0x0000000008000392       0x26 build/part_b.o
 .text.main     0x00000000080003b8      0x10c build/part_b.o
                0x00000000080003b8                main
 .text.SysTick_Handler
                0x00000000080004c4       0x1c build/part_b.o
                0x00000000080004c4                SysTick_Handler
 .text.delay_ms
                0x00000000080004e0       0x34 build/part_b.o
                0x00000000080004e0                delay_ms
 .text.dot_LED  0x0000000008000514       0x24 build/part_b.o
                0x0000000008000514                dot_LED
 .text.dash_LED
                0x0000000008000538       0x24 build/part_b.o
                0x0000000008000538                dash_LED
 .text.space_symbol
                0x000000000800055c        0xe build/part_b.o
                0x000000000800055c                space_symbol
 .text.space_letter
                0x000000000800056a       0x10 build/part_b.o
                0x000000000800056a                space_letter
 .text.space_word
                0x000000000800057a       0x10 build/part_b.o
                0x000000000800057a                space_word
 *fill*         0x000000000800058a        0x2 
 .text.output_morse_code
                0x000000000800058c      0x5c0 build/part_b.o
                0x000000000800058c                output_morse_code
 .text          0x0000000008000b4c        0x0 lib_build/xmc_gpio.o
 .text.XMC_GPIO_SetMode
                0x0000000008000b4c       0x82 lib_build/xmc_gpio.o
                0x0000000008000b4c                XMC_GPIO_SetMode
 .text.XMC_GPIO_SetHardwareControl
                0x0000000008000bce       0x46 lib_build/xmc_gpio.o
                0x0000000008000bce                XMC_GPIO_SetHardwareControl
 .text          0x0000000008000c14        0x0 lib_build/xmc4_scu.o
 .text.XMC_SCU_CLOCK_GetUsbClockSource
                0x0000000008000c14       0x1c lib_build/xmc4_scu.o
 .text.XMC_SCU_CLOCK_GetWdtClockSource
                0x0000000008000c30       0x1c lib_build/xmc4_scu.o
 .text.XMC_SCU_CLOCK_GetExternalOutputClockSource
                0x0000000008000c4c       0x20 lib_build/xmc4_scu.o
 .text.XMC_SCU_CLOCK_GetSystemClockFrequency
                0x0000000008000c6c       0x28 lib_build/xmc4_scu.o
 .text.XMC_SCU_CLOCK_GetCpuClockFrequency
                0x0000000008000c94       0x18 lib_build/xmc4_scu.o
 .text.XMC_SCU_GetMirrorStatus
                0x0000000008000cac       0x18 lib_build/xmc4_scu.o
 .text.XMC_SCU_lDelay
                0x0000000008000cc4       0x48 lib_build/xmc4_scu.o
 .text.XMC_SCU_INTERRUPT_EnableEvent
                0x0000000008000d0c       0x24 lib_build/xmc4_scu.o
                0x0000000008000d0c                XMC_SCU_INTERRUPT_EnableEvent
 .text.XMC_SCU_INTERRUPT_DisableEvent
                0x0000000008000d30       0x28 lib_build/xmc4_scu.o
                0x0000000008000d30                XMC_SCU_INTERRUPT_DisableEvent
 .text.XMC_SCU_INTERRUPT_TriggerEvent
                0x0000000008000d58       0x24 lib_build/xmc4_scu.o
                0x0000000008000d58                XMC_SCU_INTERRUPT_TriggerEvent
 .text.XMC_SCU_INTERUPT_GetEventStatus
                0x0000000008000d7c       0x18 lib_build/xmc4_scu.o
                0x0000000008000d7c                XMC_SCU_INTERUPT_GetEventStatus
 .text.XMC_SCU_INTERRUPT_ClearEventStatus
                0x0000000008000d94       0x20 lib_build/xmc4_scu.o
                0x0000000008000d94                XMC_SCU_INTERRUPT_ClearEventStatus
 .text.XMC_SCU_GetBootMode
                0x0000000008000db4       0x1c lib_build/xmc4_scu.o
                0x0000000008000db4                XMC_SCU_GetBootMode
 .text.XMC_SCU_SetBootMode
                0x0000000008000dd0       0x20 lib_build/xmc4_scu.o
                0x0000000008000dd0                XMC_SCU_SetBootMode
 .text.XMC_SCU_ReadGPR
                0x0000000008000df0       0x24 lib_build/xmc4_scu.o
                0x0000000008000df0                XMC_SCU_ReadGPR
 .text.XMC_SCU_WriteGPR
                0x0000000008000e14       0x28 lib_build/xmc4_scu.o
                0x0000000008000e14                XMC_SCU_WriteGPR
 .text.XMC_SCU_EnableOutOfRangeComparator
                0x0000000008000e3c       0x38 lib_build/xmc4_scu.o
                0x0000000008000e3c                XMC_SCU_EnableOutOfRangeComparator
 .text.XMC_SCU_DisableOutOfRangeComparator
                0x0000000008000e74       0x3c lib_build/xmc4_scu.o
                0x0000000008000e74                XMC_SCU_DisableOutOfRangeComparator
 .text.XMC_SCU_CalibrateTemperatureSensor
                0x0000000008000eb0       0x30 lib_build/xmc4_scu.o
                0x0000000008000eb0                XMC_SCU_CalibrateTemperatureSensor
 .text.XMC_SCU_EnableTemperatureSensor
                0x0000000008000ee0       0x24 lib_build/xmc4_scu.o
                0x0000000008000ee0                XMC_SCU_EnableTemperatureSensor
 .text.XMC_SCU_DisableTemperatureSensor
                0x0000000008000f04       0x24 lib_build/xmc4_scu.o
                0x0000000008000f04                XMC_SCU_DisableTemperatureSensor
 .text.XMC_SCU_IsTemperatureSensorEnabled
                0x0000000008000f28       0x28 lib_build/xmc4_scu.o
                0x0000000008000f28                XMC_SCU_IsTemperatureSensorEnabled
 .text.XMC_SCU_IsTemperatureSensorReady
                0x0000000008000f50       0x28 lib_build/xmc4_scu.o
                0x0000000008000f50                XMC_SCU_IsTemperatureSensorReady
 .text.XMC_SCU_StartTemperatureMeasurement
                0x0000000008000f78       0x4c lib_build/xmc4_scu.o
                0x0000000008000f78                XMC_SCU_StartTemperatureMeasurement
 .text.XMC_SCU_GetTemperatureMeasurement
                0x0000000008000fc4       0x38 lib_build/xmc4_scu.o
                0x0000000008000fc4                XMC_SCU_GetTemperatureMeasurement
 .text.XMC_SCU_IsTemperatureSensorBusy
                0x0000000008000ffc       0x28 lib_build/xmc4_scu.o
                0x0000000008000ffc                XMC_SCU_IsTemperatureSensorBusy
 .text.XMC_SCU_WriteToRetentionMemory
                0x0000000008001024       0x4c lib_build/xmc4_scu.o
                0x0000000008001024                XMC_SCU_WriteToRetentionMemory
 .text.XMC_SCU_ReadFromRetentionMemory
                0x0000000008001070       0x48 lib_build/xmc4_scu.o
                0x0000000008001070                XMC_SCU_ReadFromRetentionMemory
 .text.XMC_SCU_CLOCK_Init
                0x00000000080010b8       0xe6 lib_build/xmc4_scu.o
                0x00000000080010b8                XMC_SCU_CLOCK_Init
 *fill*         0x000000000800119e        0x2 
 .text.XMC_SCU_TRAP_Enable
                0x00000000080011a0       0x28 lib_build/xmc4_scu.o
                0x00000000080011a0                XMC_SCU_TRAP_Enable
 .text.XMC_SCU_TRAP_Disable
                0x00000000080011c8       0x24 lib_build/xmc4_scu.o
                0x00000000080011c8                XMC_SCU_TRAP_Disable
 .text.XMC_SCU_TRAP_GetStatus
                0x00000000080011ec       0x18 lib_build/xmc4_scu.o
                0x00000000080011ec                XMC_SCU_TRAP_GetStatus
 .text.XMC_SCU_TRAP_Trigger
                0x0000000008001204       0x20 lib_build/xmc4_scu.o
                0x0000000008001204                XMC_SCU_TRAP_Trigger
 .text.XMC_SCU_TRAP_ClearStatus
                0x0000000008001224       0x20 lib_build/xmc4_scu.o
                0x0000000008001224                XMC_SCU_TRAP_ClearStatus
 .text.XMC_SCU_PARITY_ClearStatus
                0x0000000008001244       0x24 lib_build/xmc4_scu.o
                0x0000000008001244                XMC_SCU_PARITY_ClearStatus
 .text.XMC_SCU_PARITY_GetStatus
                0x0000000008001268       0x18 lib_build/xmc4_scu.o
                0x0000000008001268                XMC_SCU_PARITY_GetStatus
 .text.XMC_SCU_PARITY_Enable
                0x0000000008001280       0x24 lib_build/xmc4_scu.o
                0x0000000008001280                XMC_SCU_PARITY_Enable
 .text.XMC_SCU_PARITY_Disable
                0x00000000080012a4       0x28 lib_build/xmc4_scu.o
                0x00000000080012a4                XMC_SCU_PARITY_Disable
 .text.XMC_SCU_PARITY_EnableTrapGeneration
                0x00000000080012cc       0x24 lib_build/xmc4_scu.o
                0x00000000080012cc                XMC_SCU_PARITY_EnableTrapGeneration
 .text.XMC_SCU_PARITY_DisableTrapGeneration
                0x00000000080012f0       0x28 lib_build/xmc4_scu.o
                0x00000000080012f0                XMC_SCU_PARITY_DisableTrapGeneration
 .text.XMC_SCU_INTERRUPT_EnableNmiRequest
                0x0000000008001318       0x24 lib_build/xmc4_scu.o
                0x0000000008001318                XMC_SCU_INTERRUPT_EnableNmiRequest
 .text.XMC_SCU_INTERRUPT_DisableNmiRequest
                0x000000000800133c       0x28 lib_build/xmc4_scu.o
                0x000000000800133c                XMC_SCU_INTERRUPT_DisableNmiRequest
 .text.XMC_SCU_RESET_AssertPeripheralReset
                0x0000000008001364       0x3c lib_build/xmc4_scu.o
                0x0000000008001364                XMC_SCU_RESET_AssertPeripheralReset
 .text.XMC_SCU_RESET_DeassertPeripheralReset
                0x00000000080013a0       0x3c lib_build/xmc4_scu.o
                0x00000000080013a0                XMC_SCU_RESET_DeassertPeripheralReset
 .text.XMC_SCU_RESET_IsPeripheralResetAsserted
                0x00000000080013dc       0x48 lib_build/xmc4_scu.o
                0x00000000080013dc                XMC_SCU_RESET_IsPeripheralResetAsserted
 .text.XMC_SCU_CLOCK_GetSystemPllClockFrequency
                0x0000000008001424       0x7c lib_build/xmc4_scu.o
                0x0000000008001424                XMC_SCU_CLOCK_GetSystemPllClockFrequency
 .text.XMC_SCU_CLOCK_GetSystemPllClockSourceFrequency
                0x00000000080014a0       0x30 lib_build/xmc4_scu.o
                0x00000000080014a0                XMC_SCU_CLOCK_GetSystemPllClockSourceFrequency
 .text.XMC_SCU_CLOCK_GetUsbPllClockFrequency
                0x00000000080014d0       0x54 lib_build/xmc4_scu.o
                0x00000000080014d0                XMC_SCU_CLOCK_GetUsbPllClockFrequency
 .text.XMC_SCU_CLOCK_GetCcuClockFrequency
                0x0000000008001524       0x2c lib_build/xmc4_scu.o
                0x0000000008001524                XMC_SCU_CLOCK_GetCcuClockFrequency
 .text.XMC_SCU_CLOCK_GetUsbClockFrequency
                0x0000000008001550       0x48 lib_build/xmc4_scu.o
                0x0000000008001550                XMC_SCU_CLOCK_GetUsbClockFrequency
 .text.XMC_SCU_CLOCK_GetEbuClockFrequency
                0x0000000008001598       0x28 lib_build/xmc4_scu.o
                0x0000000008001598                XMC_SCU_CLOCK_GetEbuClockFrequency
 .text.XMC_SCU_CLOCK_GetWdtClockFrequency
                0x00000000080015c0       0x58 lib_build/xmc4_scu.o
                0x00000000080015c0                XMC_SCU_CLOCK_GetWdtClockFrequency
 .text.XMC_SCU_CLOCK_GetExternalOutputClockFrequency
                0x0000000008001618       0x70 lib_build/xmc4_scu.o
                0x0000000008001618                XMC_SCU_CLOCK_GetExternalOutputClockFrequency
 .text.XMC_SCU_CLOCK_GetPeripheralClockFrequency
                0x0000000008001688       0x20 lib_build/xmc4_scu.o
                0x0000000008001688                XMC_SCU_CLOCK_GetPeripheralClockFrequency
 .text.XMC_SCU_CLOCK_SetSystemClockSource
                0x00000000080016a8       0x28 lib_build/xmc4_scu.o
                0x00000000080016a8                XMC_SCU_CLOCK_SetSystemClockSource
 .text.XMC_SCU_CLOCK_SetUsbClockSource
                0x00000000080016d0       0x28 lib_build/xmc4_scu.o
                0x00000000080016d0                XMC_SCU_CLOCK_SetUsbClockSource
 .text.XMC_SCU_CLOCK_SetWdtClockSource
                0x00000000080016f8       0x28 lib_build/xmc4_scu.o
                0x00000000080016f8                XMC_SCU_CLOCK_SetWdtClockSource
 .text.XMC_SCU_CLOCK_SetExternalOutputClockSource
                0x0000000008001720       0x2c lib_build/xmc4_scu.o
                0x0000000008001720                XMC_SCU_CLOCK_SetExternalOutputClockSource
 .text.XMC_SCU_CLOCK_SetSystemPllClockSource
                0x000000000800174c       0x44 lib_build/xmc4_scu.o
                0x000000000800174c                XMC_SCU_CLOCK_SetSystemPllClockSource
 .text.XMC_SCU_HIB_SetRtcClockSource
                0x0000000008001790       0x40 lib_build/xmc4_scu.o
                0x0000000008001790                XMC_SCU_HIB_SetRtcClockSource
 .text.XMC_SCU_HIB_SetStandbyClockSource
                0x00000000080017d0       0x40 lib_build/xmc4_scu.o
                0x00000000080017d0                XMC_SCU_HIB_SetStandbyClockSource
 .text.XMC_SCU_CLOCK_SetSystemClockDivider
                0x0000000008001810       0x2c lib_build/xmc4_scu.o
                0x0000000008001810                XMC_SCU_CLOCK_SetSystemClockDivider
 .text.XMC_SCU_CLOCK_SetCcuClockDivider
                0x000000000800183c       0x2c lib_build/xmc4_scu.o
                0x000000000800183c                XMC_SCU_CLOCK_SetCcuClockDivider
 .text.XMC_SCU_CLOCK_SetCpuClockDivider
                0x0000000008001868       0x2c lib_build/xmc4_scu.o
                0x0000000008001868                XMC_SCU_CLOCK_SetCpuClockDivider
 .text.XMC_SCU_CLOCK_SetPeripheralClockDivider
                0x0000000008001894       0x2c lib_build/xmc4_scu.o
                0x0000000008001894                XMC_SCU_CLOCK_SetPeripheralClockDivider
 .text.XMC_SCU_CLOCK_SetUsbClockDivider
                0x00000000080018c0       0x2c lib_build/xmc4_scu.o
                0x00000000080018c0                XMC_SCU_CLOCK_SetUsbClockDivider
 .text.XMC_SCU_CLOCK_SetEbuClockDivider
                0x00000000080018ec       0x2c lib_build/xmc4_scu.o
                0x00000000080018ec                XMC_SCU_CLOCK_SetEbuClockDivider
 .text.XMC_SCU_CLOCK_SetWdtClockDivider
                0x0000000008001918       0x2c lib_build/xmc4_scu.o
                0x0000000008001918                XMC_SCU_CLOCK_SetWdtClockDivider
 .text.XMC_SCU_CLOCK_SetExternalOutputClockDivider
                0x0000000008001944       0x30 lib_build/xmc4_scu.o
                0x0000000008001944                XMC_SCU_CLOCK_SetExternalOutputClockDivider
 .text.XMC_SCU_CLOCK_EnableClock
                0x0000000008001974       0x20 lib_build/xmc4_scu.o
                0x0000000008001974                XMC_SCU_CLOCK_EnableClock
 .text.XMC_SCU_CLOCK_DisableClock
                0x0000000008001994       0x20 lib_build/xmc4_scu.o
                0x0000000008001994                XMC_SCU_CLOCK_DisableClock
 .text.XMC_SCU_CLOCK_IsClockEnabled
                0x00000000080019b4       0x2c lib_build/xmc4_scu.o
                0x00000000080019b4                XMC_SCU_CLOCK_IsClockEnabled
 .text.XMC_SCU_POWER_GetEVR13Voltage
                0x00000000080019e0       0x30 lib_build/xmc4_scu.o
                0x00000000080019e0                XMC_SCU_POWER_GetEVR13Voltage
 .text.XMC_SCU_POWER_GetEVR33Voltage
                0x0000000008001a10       0x34 lib_build/xmc4_scu.o
                0x0000000008001a10                XMC_SCU_POWER_GetEVR33Voltage
 .text.XMC_SCU_CLOCK_EnableUsbPll
                0x0000000008001a44       0x24 lib_build/xmc4_scu.o
                0x0000000008001a44                XMC_SCU_CLOCK_EnableUsbPll
 .text.XMC_SCU_CLOCK_DisableUsbPll
                0x0000000008001a68       0x24 lib_build/xmc4_scu.o
                0x0000000008001a68                XMC_SCU_CLOCK_DisableUsbPll
 .text.XMC_SCU_CLOCK_StartUsbPll
                0x0000000008001a8c       0x78 lib_build/xmc4_scu.o
                0x0000000008001a8c                XMC_SCU_CLOCK_StartUsbPll
 .text.XMC_SCU_CLOCK_StopUsbPll
                0x0000000008001b04       0x1c lib_build/xmc4_scu.o
                0x0000000008001b04                XMC_SCU_CLOCK_StopUsbPll
 .text.XMC_SCU_CLOCK_SetBackupClockCalibrationMode
                0x0000000008001b20       0x4c lib_build/xmc4_scu.o
                0x0000000008001b20                XMC_SCU_CLOCK_SetBackupClockCalibrationMode
 .text.XMC_SCU_POWER_EnableUsb
                0x0000000008001b6c       0x1c lib_build/xmc4_scu.o
                0x0000000008001b6c                XMC_SCU_POWER_EnableUsb
 .text.XMC_SCU_POWER_DisableUsb
                0x0000000008001b88       0x1c lib_build/xmc4_scu.o
                0x0000000008001b88                XMC_SCU_POWER_DisableUsb
 .text.XMC_SCU_CLOCK_IsUsbPllLocked
                0x0000000008001ba4       0x24 lib_build/xmc4_scu.o
                0x0000000008001ba4                XMC_SCU_CLOCK_IsUsbPllLocked
 .text.XMC_SCU_HIB_EnableHibernateDomain
                0x0000000008001bc8       0x58 lib_build/xmc4_scu.o
                0x0000000008001bc8                XMC_SCU_HIB_EnableHibernateDomain
 .text.XMC_SCU_HIB_DisableHibernateDomain
                0x0000000008001c20       0x24 lib_build/xmc4_scu.o
                0x0000000008001c20                XMC_SCU_HIB_DisableHibernateDomain
 .text.XMC_SCU_HIB_IsHibernateDomainEnabled
                0x0000000008001c44       0x3c lib_build/xmc4_scu.o
                0x0000000008001c44                XMC_SCU_HIB_IsHibernateDomainEnabled
 .text.XMC_SCU_HIB_EnableInternalSlowClock
                0x0000000008001c80       0x34 lib_build/xmc4_scu.o
                0x0000000008001c80                XMC_SCU_HIB_EnableInternalSlowClock
 .text.XMC_SCU_HIB_DisableInternalSlowClock
                0x0000000008001cb4       0x34 lib_build/xmc4_scu.o
                0x0000000008001cb4                XMC_SCU_HIB_DisableInternalSlowClock
 .text.XMC_SCU_HIB_ClearEventStatus
                0x0000000008001ce8       0x34 lib_build/xmc4_scu.o
                0x0000000008001ce8                XMC_SCU_HIB_ClearEventStatus
 .text.XMC_SCU_HIB_TriggerEvent
                0x0000000008001d1c       0x34 lib_build/xmc4_scu.o
                0x0000000008001d1c                XMC_SCU_HIB_TriggerEvent
 .text.XMC_SCU_HIB_EnableEvent
                0x0000000008001d50       0x38 lib_build/xmc4_scu.o
                0x0000000008001d50                XMC_SCU_HIB_EnableEvent
 .text.XMC_SCU_HIB_DisableEvent
                0x0000000008001d88       0x3c lib_build/xmc4_scu.o
                0x0000000008001d88                XMC_SCU_HIB_DisableEvent
 .text.XMC_SCU_HIB_EnterHibernateState
                0x0000000008001dc4       0x34 lib_build/xmc4_scu.o
                0x0000000008001dc4                XMC_SCU_HIB_EnterHibernateState
 .text.XMC_SCU_HIB_EnterHibernateStateEx
                0x0000000008001df8       0x1c lib_build/xmc4_scu.o
                0x0000000008001df8                XMC_SCU_HIB_EnterHibernateStateEx
 .text.XMC_SCU_HIB_SetWakeupTriggerInput
                0x0000000008001e14       0x50 lib_build/xmc4_scu.o
                0x0000000008001e14                XMC_SCU_HIB_SetWakeupTriggerInput
 .text.XMC_SCU_HIB_SetPinMode
                0x0000000008001e64       0x54 lib_build/xmc4_scu.o
                0x0000000008001e64                XMC_SCU_HIB_SetPinMode
 .text.XMC_SCU_HIB_SetPinOutputLevel
                0x0000000008001eb8       0x58 lib_build/xmc4_scu.o
                0x0000000008001eb8                XMC_SCU_HIB_SetPinOutputLevel
 .text.XMC_SCU_HIB_SetInput0
                0x0000000008001f10       0x50 lib_build/xmc4_scu.o
                0x0000000008001f10                XMC_SCU_HIB_SetInput0
 .text.XMC_SCU_HIB_SetSR0Input
                0x0000000008001f60       0x40 lib_build/xmc4_scu.o
                0x0000000008001f60                XMC_SCU_HIB_SetSR0Input
 .text.XMC_SCU_CLOCK_IsLowPowerOscillatorStable
                0x0000000008001fa0       0x24 lib_build/xmc4_scu.o
                0x0000000008001fa0                XMC_SCU_CLOCK_IsLowPowerOscillatorStable
 .text.XMC_SCU_CLOCK_EnableLowPowerOscillator
                0x0000000008001fc4       0x6c lib_build/xmc4_scu.o
                0x0000000008001fc4                XMC_SCU_CLOCK_EnableLowPowerOscillator
 .text.XMC_SCU_CLOCK_DisableLowPowerOscillator
                0x0000000008002030       0x34 lib_build/xmc4_scu.o
                0x0000000008002030                XMC_SCU_CLOCK_DisableLowPowerOscillator
 .text.XMC_SCU_CLOCK_EnableLowPowerOscillatorGeneralPurposeInput
                0x0000000008002064       0x34 lib_build/xmc4_scu.o
                0x0000000008002064                XMC_SCU_CLOCK_EnableLowPowerOscillatorGeneralPurposeInput
 .text.XMC_SCU_CLOCK_DisableLowPowerOscillatorGeneralPurposeInput
                0x0000000008002098       0x38 lib_build/xmc4_scu.o
                0x0000000008002098                XMC_SCU_CLOCK_DisableLowPowerOscillatorGeneralPurposeInput
 .text.XMC_SCU_CLOCK_GetLowPowerOscillatorGeneralPurposeInputStatus
                0x00000000080020d0       0x1c lib_build/xmc4_scu.o
                0x00000000080020d0                XMC_SCU_CLOCK_GetLowPowerOscillatorGeneralPurposeInputStatus
 .text.XMC_SCU_CLOCK_EnableHighPerformanceOscillator
                0x00000000080020ec       0x50 lib_build/xmc4_scu.o
                0x00000000080020ec                XMC_SCU_CLOCK_EnableHighPerformanceOscillator
 .text.XMC_SCU_CLOCK_IsHighPerformanceOscillatorStable
                0x000000000800213c       0x28 lib_build/xmc4_scu.o
                0x000000000800213c                XMC_SCU_CLOCK_IsHighPerformanceOscillatorStable
 .text.XMC_SCU_CLOCK_DisableHighPerformanceOscillator
                0x0000000008002164       0x20 lib_build/xmc4_scu.o
                0x0000000008002164                XMC_SCU_CLOCK_DisableHighPerformanceOscillator
 .text.XMC_SCU_CLOCK_EnableHighPerformanceOscillatorGeneralPurposeInput
                0x0000000008002184       0x20 lib_build/xmc4_scu.o
                0x0000000008002184                XMC_SCU_CLOCK_EnableHighPerformanceOscillatorGeneralPurposeInput
 .text.XMC_SCU_CLOCK_DisableHighPerformanceOscillatorGeneralPurposeInput
                0x00000000080021a4       0x20 lib_build/xmc4_scu.o
                0x00000000080021a4                XMC_SCU_CLOCK_DisableHighPerformanceOscillatorGeneralPurposeInput
 .text.XMC_SCU_CLOCK_GetHighPerformanceOscillatorGeneralPurposeInputStatus
                0x00000000080021c4       0x1c lib_build/xmc4_scu.o
                0x00000000080021c4                XMC_SCU_CLOCK_GetHighPerformanceOscillatorGeneralPurposeInputStatus
 .text.XMC_SCU_CLOCK_EnableSystemPll
                0x00000000080021e0       0x24 lib_build/xmc4_scu.o
                0x00000000080021e0                XMC_SCU_CLOCK_EnableSystemPll
 .text.XMC_SCU_CLOCK_DisableSystemPll
                0x0000000008002204       0x24 lib_build/xmc4_scu.o
                0x0000000008002204                XMC_SCU_CLOCK_DisableSystemPll
 .text.XMC_SCU_CLOCK_StartSystemPll
                0x0000000008002228      0x178 lib_build/xmc4_scu.o
                0x0000000008002228                XMC_SCU_CLOCK_StartSystemPll
 .text.XMC_SCU_CLOCK_StopSystemPll
                0x00000000080023a0       0x20 lib_build/xmc4_scu.o
                0x00000000080023a0                XMC_SCU_CLOCK_StopSystemPll
 .text.XMC_SCU_CLOCK_StepSystemPllFrequency
                0x00000000080023c0       0x30 lib_build/xmc4_scu.o
                0x00000000080023c0                XMC_SCU_CLOCK_StepSystemPllFrequency
 .text.XMC_SCU_CLOCK_IsSystemPllLocked
                0x00000000080023f0       0x24 lib_build/xmc4_scu.o
                0x00000000080023f0                XMC_SCU_CLOCK_IsSystemPllLocked
 .text.XMC_SCU_INTERRUPT_SetEventHandler
                0x0000000008002414       0x58 lib_build/xmc4_scu.o
                0x0000000008002414                XMC_SCU_INTERRUPT_SetEventHandler
 .text.XMC_SCU_IRQHandler
                0x000000000800246c       0x60 lib_build/xmc4_scu.o
                0x000000000800246c                XMC_SCU_IRQHandler
 .text          0x00000000080024cc        0x0 lib_build/xmc4_gpio.o
 .text.XMC_GPIO_Init
                0x00000000080024cc      0x144 lib_build/xmc4_gpio.o
                0x00000000080024cc                XMC_GPIO_Init
 .text.XMC_GPIO_SetOutputStrength
                0x0000000008002610       0x86 lib_build/xmc4_gpio.o
                0x0000000008002610                XMC_GPIO_SetOutputStrength
 .text          0x0000000008002696        0x0 lib_build/startup_XMC4500.o
 .text          0x0000000008002696        0x0 lib_build/system_XMC4500.o
 .text.delay    0x0000000008002696       0x2a lib_build/system_XMC4500.o
 .text.SystemInit
                0x00000000080026c0       0x24 lib_build/system_XMC4500.o
                0x00000000080026c0                SystemInit
 .text.SystemCoreSetup
                0x00000000080026e4       0x70 lib_build/system_XMC4500.o
                0x00000000080026e4                SystemCoreSetup
 .text.SystemCoreClockSetup
                0x0000000008002754      0x208 lib_build/system_XMC4500.o
                0x0000000008002754                SystemCoreClockSetup
 .text.SystemCoreClockUpdate
                0x000000000800295c       0xd4 lib_build/system_XMC4500.o
                0x000000000800295c                SystemCoreClockUpdate
 .text.OSCHP_GetFrequency
                0x0000000008002a30       0x14 lib_build/system_XMC4500.o
                0x0000000008002a30                OSCHP_GetFrequency
 .text          0x0000000008002a44        0x0 lib_build/syscalls.o
 .text._sbrk    0x0000000008002a44       0x68 lib_build/syscalls.o
                0x0000000008002a44                _sbrk
 .text._init    0x0000000008002aac        0xe lib_build/syscalls.o
                0x0000000008002aac                _init
 .text          0x0000000008002aba        0x0 /usr/bin/../lib/gcc/arm-none-eabi/7.3.1/../../../../arm-none-eabi/lib/thumb/v7e-m/libg.a(lib_a-errno.o)
 *fill*         0x0000000008002aba        0x2 
 .text.__errno  0x0000000008002abc        0xc /usr/bin/../lib/gcc/arm-none-eabi/7.3.1/../../../../arm-none-eabi/lib/thumb/v7e-m/libg.a(lib_a-errno.o)
                0x0000000008002abc                __errno
 .text          0x0000000008002ac8        0x0 /usr/bin/../lib/gcc/arm-none-eabi/7.3.1/../../../../arm-none-eabi/lib/thumb/v7e-m/libg.a(lib_a-impure.o)
 .text          0x0000000008002ac8        0x0 /usr/bin/../lib/gcc/arm-none-eabi/7.3.1/../../../../arm-none-eabi/lib/thumb/v7e-m/libg.a(lib_a-init.o)
 .text.__libc_init_array
                0x0000000008002ac8       0x48 /usr/bin/../lib/gcc/arm-none-eabi/7.3.1/../../../../arm-none-eabi/lib/thumb/v7e-m/libg.a(lib_a-init.o)
                0x0000000008002ac8                __libc_init_array
 .text          0x0000000008002b10        0x0 /usr/bin/../lib/gcc/arm-none-eabi/7.3.1/../../../../arm-none-eabi/lib/thumb/v7e-m/libg.a(lib_a-sprintf.o)
 .text._sprintf_r
                0x0000000008002b10       0x3c /usr/bin/../lib/gcc/arm-none-eabi/7.3.1/../../../../arm-none-eabi/lib/thumb/v7e-m/libg.a(lib_a-sprintf.o)
                0x0000000008002b10                _sprintf_r
 .text.sprintf  0x0000000008002b4c       0x44 /usr/bin/../lib/gcc/arm-none-eabi/7.3.1/../../../../arm-none-eabi/lib/thumb/v7e-m/libg.a(lib_a-sprintf.o)
                0x0000000008002b4c                sprintf
 .text          0x0000000008002b90        0x0 /usr/bin/../lib/gcc/arm-none-eabi/7.3.1/../../../../arm-none-eabi/lib/thumb/v7e-m/libg.a(lib_a-svfprintf.o)
 .text._svfprintf_r
                0x0000000008002b90     0x19d0 /usr/bin/../lib/gcc/arm-none-eabi/7.3.1/../../../../arm-none-eabi/lib/thumb/v7e-m/libg.a(lib_a-svfprintf.o)
                0x0000000008002b90                _svfprintf_r
 .text          0x0000000008004560        0x0 /usr/bin/../lib/gcc/arm-none-eabi/7.3.1/../../../../arm-none-eabi/lib/thumb/v7e-m/libg.a(lib_a-dtoa.o)
 .text.quorem   0x0000000008004560      0x124 /usr/bin/../lib/gcc/arm-none-eabi/7.3.1/../../../../arm-none-eabi/lib/thumb/v7e-m/libg.a(lib_a-dtoa.o)
 *fill*         0x0000000008004684        0x4 
 .text._dtoa_r  0x0000000008004688      0xdf4 /usr/bin/../lib/gcc/arm-none-eabi/7.3.1/../../../../arm-none-eabi/lib/thumb/v7e-m/libg.a(lib_a-dtoa.o)
                0x0000000008004688                _dtoa_r
 .text          0x000000000800547c        0x0 /usr/bin/../lib/gcc/arm-none-eabi/7.3.1/../../../../arm-none-eabi/lib/thumb/v7e-m/libg.a(lib_a-freer.o)
 .text._malloc_trim_r
                0x000000000800547c       0xa0 /usr/bin/../lib/gcc/arm-none-eabi/7.3.1/../../../../arm-none-eabi/lib/thumb/v7e-m/libg.a(lib_a-freer.o)
                0x000000000800547c                _malloc_trim_r
 .text._free_r  0x000000000800551c      0x1e8 /usr/bin/../lib/gcc/arm-none-eabi/7.3.1/../../../../arm-none-eabi/lib/thumb/v7e-m/libg.a(lib_a-freer.o)
                0x000000000800551c                _free_r
 .text          0x0000000008005704        0x0 /usr/bin/../lib/gcc/arm-none-eabi/7.3.1/../../../../arm-none-eabi/lib/thumb/v7e-m/libg.a(lib_a-localeconv.o)
 .text.__localeconv_l
                0x0000000008005704        0x4 /usr/bin/../lib/gcc/arm-none-eabi/7.3.1/../../../../arm-none-eabi/lib/thumb/v7e-m/libg.a(lib_a-localeconv.o)
                0x0000000008005704                __localeconv_l
 .text._localeconv_r
                0x0000000008005708       0x1c /usr/bin/../lib/gcc/arm-none-eabi/7.3.1/../../../../arm-none-eabi/lib/thumb/v7e-m/libg.a(lib_a-localeconv.o)
                0x0000000008005708                _localeconv_r
 .text.localeconv
                0x0000000008005724       0x1c /usr/bin/../lib/gcc/arm-none-eabi/7.3.1/../../../../arm-none-eabi/lib/thumb/v7e-m/libg.a(lib_a-localeconv.o)
                0x0000000008005724                localeconv
 .text          0x0000000008005740        0x0 /usr/bin/../lib/gcc/arm-none-eabi/7.3.1/../../../../arm-none-eabi/lib/thumb/v7e-m/libg.a(lib_a-mallocr.o)
 .text._malloc_r
                0x0000000008005740      0x548 /usr/bin/../lib/gcc/arm-none-eabi/7.3.1/../../../../arm-none-eabi/lib/thumb/v7e-m/libg.a(lib_a-mallocr.o)
                0x0000000008005740                _malloc_r
 *fill*         0x0000000008005c88        0x8 
 .text          0x0000000008005c90       0xa0 /usr/bin/../lib/gcc/arm-none-eabi/7.3.1/../../../../arm-none-eabi/lib/thumb/v7e-m/libg.a(lib_a-memchr.o)
                0x0000000008005c90                memchr
 .text          0x0000000008005d30      0x134 /usr/bin/../lib/gcc/arm-none-eabi/7.3.1/../../../../arm-none-eabi/lib/thumb/v7e-m/libg.a(lib_a-memcpy.o)
                0x0000000008005d30                memcpy
 .text          0x0000000008005e64        0x0 /usr/bin/../lib/gcc/arm-none-eabi/7.3.1/../../../../arm-none-eabi/lib/thumb/v7e-m/libg.a(lib_a-mlock.o)
 .text.__malloc_lock
                0x0000000008005e64        0xc /usr/bin/../lib/gcc/arm-none-eabi/7.3.1/../../../../arm-none-eabi/lib/thumb/v7e-m/libg.a(lib_a-mlock.o)
                0x0000000008005e64                __malloc_lock
 .text.__malloc_unlock
                0x0000000008005e70        0xc /usr/bin/../lib/gcc/arm-none-eabi/7.3.1/../../../../arm-none-eabi/lib/thumb/v7e-m/libg.a(lib_a-mlock.o)
                0x0000000008005e70                __malloc_unlock
 .text          0x0000000008005e7c        0x0 /usr/bin/../lib/gcc/arm-none-eabi/7.3.1/../../../../arm-none-eabi/lib/thumb/v7e-m/libg.a(lib_a-mprec.o)
 .text._Balloc  0x0000000008005e7c       0x4c /usr/bin/../lib/gcc/arm-none-eabi/7.3.1/../../../../arm-none-eabi/lib/thumb/v7e-m/libg.a(lib_a-mprec.o)
                0x0000000008005e7c                _Balloc
 .text._Bfree   0x0000000008005ec8       0x14 /usr/bin/../lib/gcc/arm-none-eabi/7.3.1/../../../../arm-none-eabi/lib/thumb/v7e-m/libg.a(lib_a-mprec.o)
                0x0000000008005ec8                _Bfree
 .text.__multadd
                0x0000000008005edc       0x80 /usr/bin/../lib/gcc/arm-none-eabi/7.3.1/../../../../arm-none-eabi/lib/thumb/v7e-m/libg.a(lib_a-mprec.o)
                0x0000000008005edc                __multadd
 .text.__s2b    0x0000000008005f5c       0x98 /usr/bin/../lib/gcc/arm-none-eabi/7.3.1/../../../../arm-none-eabi/lib/thumb/v7e-m/libg.a(lib_a-mprec.o)
                0x0000000008005f5c                __s2b
 .text.__hi0bits
                0x0000000008005ff4       0x40 /usr/bin/../lib/gcc/arm-none-eabi/7.3.1/../../../../arm-none-eabi/lib/thumb/v7e-m/libg.a(lib_a-mprec.o)
                0x0000000008005ff4                __hi0bits
 .text.__lo0bits
                0x0000000008006034       0x60 /usr/bin/../lib/gcc/arm-none-eabi/7.3.1/../../../../arm-none-eabi/lib/thumb/v7e-m/libg.a(lib_a-mprec.o)
                0x0000000008006034                __lo0bits
 .text.__i2b    0x0000000008006094       0x14 /usr/bin/../lib/gcc/arm-none-eabi/7.3.1/../../../../arm-none-eabi/lib/thumb/v7e-m/libg.a(lib_a-mprec.o)
                0x0000000008006094                __i2b
 .text.__multiply
                0x00000000080060a8      0x14c /usr/bin/../lib/gcc/arm-none-eabi/7.3.1/../../../../arm-none-eabi/lib/thumb/v7e-m/libg.a(lib_a-mprec.o)
                0x00000000080060a8                __multiply
 .text.__pow5mult
                0x00000000080061f4       0xa0 /usr/bin/../lib/gcc/arm-none-eabi/7.3.1/../../../../arm-none-eabi/lib/thumb/v7e-m/libg.a(lib_a-mprec.o)
                0x00000000080061f4                __pow5mult
 .text.__lshift
                0x0000000008006294       0xac /usr/bin/../lib/gcc/arm-none-eabi/7.3.1/../../../../arm-none-eabi/lib/thumb/v7e-m/libg.a(lib_a-mprec.o)
                0x0000000008006294                __lshift
 .text.__mcmp   0x0000000008006340       0x38 /usr/bin/../lib/gcc/arm-none-eabi/7.3.1/../../../../arm-none-eabi/lib/thumb/v7e-m/libg.a(lib_a-mprec.o)
                0x0000000008006340                __mcmp
 .text.__mdiff  0x0000000008006378       0xec /usr/bin/../lib/gcc/arm-none-eabi/7.3.1/../../../../arm-none-eabi/lib/thumb/v7e-m/libg.a(lib_a-mprec.o)
                0x0000000008006378                __mdiff
 .text.__ulp    0x0000000008006464       0x44 /usr/bin/../lib/gcc/arm-none-eabi/7.3.1/../../../../arm-none-eabi/lib/thumb/v7e-m/libg.a(lib_a-mprec.o)
                0x0000000008006464                __ulp
 .text.__b2d    0x00000000080064a8       0xc0 /usr/bin/../lib/gcc/arm-none-eabi/7.3.1/../../../../arm-none-eabi/lib/thumb/v7e-m/libg.a(lib_a-mprec.o)
                0x00000000080064a8                __b2d
 .text.__d2b    0x0000000008006568       0xb0 /usr/bin/../lib/gcc/arm-none-eabi/7.3.1/../../../../arm-none-eabi/lib/thumb/v7e-m/libg.a(lib_a-mprec.o)
                0x0000000008006568                __d2b
 .text.__ratio  0x0000000008006618       0x5c /usr/bin/../lib/gcc/arm-none-eabi/7.3.1/../../../../arm-none-eabi/lib/thumb/v7e-m/libg.a(lib_a-mprec.o)
                0x0000000008006618                __ratio
 .text._mprec_log10
                0x0000000008006674       0x38 /usr/bin/../lib/gcc/arm-none-eabi/7.3.1/../../../../arm-none-eabi/lib/thumb/v7e-m/libg.a(lib_a-mprec.o)
                0x0000000008006674                _mprec_log10
 .text.__copybits
                0x00000000080066ac       0x48 /usr/bin/../lib/gcc/arm-none-eabi/7.3.1/../../../../arm-none-eabi/lib/thumb/v7e-m/libg.a(lib_a-mprec.o)
                0x00000000080066ac                __copybits
 .text.__any_on
                0x00000000080066f4       0x54 /usr/bin/../lib/gcc/arm-none-eabi/7.3.1/../../../../arm-none-eabi/lib/thumb/v7e-m/libg.a(lib_a-mprec.o)
                0x00000000080066f4                __any_on
 .text          0x0000000008006748        0x0 /usr/bin/../lib/gcc/arm-none-eabi/7.3.1/../../../../arm-none-eabi/lib/thumb/v7e-m/libg.a(lib_a-s_frexp.o)
 .text.frexp    0x0000000008006748       0x64 /usr/bin/../lib/gcc/arm-none-eabi/7.3.1/../../../../arm-none-eabi/lib/thumb/v7e-m/libg.a(lib_a-s_frexp.o)
                0x0000000008006748                frexp
 .text          0x00000000080067ac        0x0 /usr/bin/../lib/gcc/arm-none-eabi/7.3.1/../../../../arm-none-eabi/lib/thumb/v7e-m/libg.a(lib_a-sbrkr.o)
 .text._sbrk_r  0x00000000080067ac       0x24 /usr/bin/../lib/gcc/arm-none-eabi/7.3.1/../../../../arm-none-eabi/lib/thumb/v7e-m/libg.a(lib_a-sbrkr.o)
                0x00000000080067ac                _sbrk_r
 *fill*         0x00000000080067d0       0x30 
 .text          0x0000000008006800       0xdc /usr/bin/../lib/gcc/arm-none-eabi/7.3.1/../../../../arm-none-eabi/lib/thumb/v7e-m/libg.a(lib_a-strlen.o)
                0x0000000008006800                strlen
 .text          0x00000000080068dc        0x0 /usr/bin/../lib/gcc/arm-none-eabi/7.3.1/../../../../arm-none-eabi/lib/thumb/v7e-m/libg.a(lib_a-strncpy.o)
 .text.strncpy  0x00000000080068dc       0x64 /usr/bin/../lib/gcc/arm-none-eabi/7.3.1/../../../../arm-none-eabi/lib/thumb/v7e-m/libg.a(lib_a-strncpy.o)
                0x00000000080068dc                strncpy
 .text          0x0000000008006940        0x0 /usr/bin/../lib/gcc/arm-none-eabi/7.3.1/../../../../arm-none-eabi/lib/thumb/v7e-m/libg.a(lib_a-svfiprintf.o)
 .text.__ssprint_r
                0x0000000008006940       0xf4 /usr/bin/../lib/gcc/arm-none-eabi/7.3.1/../../../../arm-none-eabi/lib/thumb/v7e-m/libg.a(lib_a-svfiprintf.o)
                0x0000000008006940                __ssprint_r
 .text._svfiprintf_r
                0x0000000008006a34      0xb30 /usr/bin/../lib/gcc/arm-none-eabi/7.3.1/../../../../arm-none-eabi/lib/thumb/v7e-m/libg.a(lib_a-svfiprintf.o)
                0x0000000008006a34                _svfiprintf_r
 .text          0x0000000008007564        0x0 /usr/bin/../lib/gcc/arm-none-eabi/7.3.1/../../../../arm-none-eabi/lib/thumb/v7e-m/libg.a(lib_a-callocr.o)
 .text._calloc_r
                0x0000000008007564       0x68 /usr/bin/../lib/gcc/arm-none-eabi/7.3.1/../../../../arm-none-eabi/lib/thumb/v7e-m/libg.a(lib_a-callocr.o)
                0x0000000008007564                _calloc_r
 .text          0x00000000080075cc        0x0 /usr/bin/../lib/gcc/arm-none-eabi/7.3.1/../../../../arm-none-eabi/lib/thumb/v7e-m/libg.a(lib_a-locale.o)
 .text._setlocale_r
                0x00000000080075cc       0x40 /usr/bin/../lib/gcc/arm-none-eabi/7.3.1/../../../../arm-none-eabi/lib/thumb/v7e-m/libg.a(lib_a-locale.o)
                0x00000000080075cc                _setlocale_r
 .text.__locale_mb_cur_max
                0x000000000800760c       0x1c /usr/bin/../lib/gcc/arm-none-eabi/7.3.1/../../../../arm-none-eabi/lib/thumb/v7e-m/libg.a(lib_a-locale.o)
                0x000000000800760c                __locale_mb_cur_max
 .text.__locale_ctype_ptr_l
                0x0000000008007628        0x8 /usr/bin/../lib/gcc/arm-none-eabi/7.3.1/../../../../arm-none-eabi/lib/thumb/v7e-m/libg.a(lib_a-locale.o)
                0x0000000008007628                __locale_ctype_ptr_l
 .text.__locale_ctype_ptr
                0x0000000008007630       0x1c /usr/bin/../lib/gcc/arm-none-eabi/7.3.1/../../../../arm-none-eabi/lib/thumb/v7e-m/libg.a(lib_a-locale.o)
                0x0000000008007630                __locale_ctype_ptr
 .text.setlocale
                0x000000000800764c       0x10 /usr/bin/../lib/gcc/arm-none-eabi/7.3.1/../../../../arm-none-eabi/lib/thumb/v7e-m/libg.a(lib_a-locale.o)
                0x000000000800764c                setlocale
 .text          0x000000000800765c        0x0 /usr/bin/../lib/gcc/arm-none-eabi/7.3.1/../../../../arm-none-eabi/lib/thumb/v7e-m/libg.a(lib_a-lock.o)
 .text.__retarget_lock_init
                0x000000000800765c        0x4 /usr/bin/../lib/gcc/arm-none-eabi/7.3.1/../../../../arm-none-eabi/lib/thumb/v7e-m/libg.a(lib_a-lock.o)
                0x000000000800765c                __retarget_lock_init
 .text.__retarget_lock_init_recursive
                0x0000000008007660        0x4 /usr/bin/../lib/gcc/arm-none-eabi/7.3.1/../../../../arm-none-eabi/lib/thumb/v7e-m/libg.a(lib_a-lock.o)
                0x0000000008007660                __retarget_lock_init_recursive
 .text.__retarget_lock_close
                0x0000000008007664        0x4 /usr/bin/../lib/gcc/arm-none-eabi/7.3.1/../../../../arm-none-eabi/lib/thumb/v7e-m/libg.a(lib_a-lock.o)
                0x0000000008007664                __retarget_lock_close
 .text.__retarget_lock_close_recursive
                0x0000000008007668        0x4 /usr/bin/../lib/gcc/arm-none-eabi/7.3.1/../../../../arm-none-eabi/lib/thumb/v7e-m/libg.a(lib_a-lock.o)
                0x0000000008007668                __retarget_lock_close_recursive
 .text.__retarget_lock_acquire
                0x000000000800766c        0x4 /usr/bin/../lib/gcc/arm-none-eabi/7.3.1/../../../../arm-none-eabi/lib/thumb/v7e-m/libg.a(lib_a-lock.o)
                0x000000000800766c                __retarget_lock_acquire
 .text.__retarget_lock_acquire_recursive
                0x0000000008007670        0x4 /usr/bin/../lib/gcc/arm-none-eabi/7.3.1/../../../../arm-none-eabi/lib/thumb/v7e-m/libg.a(lib_a-lock.o)
                0x0000000008007670                __retarget_lock_acquire_recursive
 .text.__retarget_lock_try_acquire
                0x0000000008007674        0x4 /usr/bin/../lib/gcc/arm-none-eabi/7.3.1/../../../../arm-none-eabi/lib/thumb/v7e-m/libg.a(lib_a-lock.o)
                0x0000000008007674                __retarget_lock_try_acquire
 .text.__retarget_lock_try_acquire_recursive
                0x0000000008007678        0x4 /usr/bin/../lib/gcc/arm-none-eabi/7.3.1/../../../../arm-none-eabi/lib/thumb/v7e-m/libg.a(lib_a-lock.o)
                0x0000000008007678                __retarget_lock_try_acquire_recursive
 .text.__retarget_lock_release
                0x000000000800767c        0x4 /usr/bin/../lib/gcc/arm-none-eabi/7.3.1/../../../../arm-none-eabi/lib/thumb/v7e-m/libg.a(lib_a-lock.o)
                0x000000000800767c                __retarget_lock_release
 .text.__retarget_lock_release_recursive
                0x0000000008007680        0x4 /usr/bin/../lib/gcc/arm-none-eabi/7.3.1/../../../../arm-none-eabi/lib/thumb/v7e-m/libg.a(lib_a-lock.o)
                0x0000000008007680                __retarget_lock_release_recursive
 .text          0x0000000008007684        0x0 /usr/bin/../lib/gcc/arm-none-eabi/7.3.1/../../../../arm-none-eabi/lib/thumb/v7e-m/libg.a(lib_a-mbtowc_r.o)
 .text._mbtowc_r
                0x0000000008007684       0x24 /usr/bin/../lib/gcc/arm-none-eabi/7.3.1/../../../../arm-none-eabi/lib/thumb/v7e-m/libg.a(lib_a-mbtowc_r.o)
                0x0000000008007684                _mbtowc_r
 .text.__ascii_mbtowc
                0x00000000080076a8       0x2c /usr/bin/../lib/gcc/arm-none-eabi/7.3.1/../../../../arm-none-eabi/lib/thumb/v7e-m/libg.a(lib_a-mbtowc_r.o)
                0x00000000080076a8                __ascii_mbtowc
 .text          0x00000000080076d4        0x0 /usr/bin/../lib/gcc/arm-none-eabi/7.3.1/../../../../arm-none-eabi/lib/thumb/v7e-m/libg.a(lib_a-memmove.o)
 .text.memmove  0x00000000080076d4       0xc8 /usr/bin/../lib/gcc/arm-none-eabi/7.3.1/../../../../arm-none-eabi/lib/thumb/v7e-m/libg.a(lib_a-memmove.o)
                0x00000000080076d4                memmove
 .text          0x000000000800779c        0x0 /usr/bin/../lib/gcc/arm-none-eabi/7.3.1/../../../../arm-none-eabi/lib/thumb/v7e-m/libg.a(lib_a-memset.o)
 .text.memset   0x000000000800779c       0x94 /usr/bin/../lib/gcc/arm-none-eabi/7.3.1/../../../../arm-none-eabi/lib/thumb/v7e-m/libg.a(lib_a-memset.o)
                0x000000000800779c                memset
 .text          0x0000000008007830        0x0 /usr/bin/../lib/gcc/arm-none-eabi/7.3.1/../../../../arm-none-eabi/lib/thumb/v7e-m/libg.a(lib_a-reallocr.o)
 .text._realloc_r
                0x0000000008007830      0x35c /usr/bin/../lib/gcc/arm-none-eabi/7.3.1/../../../../arm-none-eabi/lib/thumb/v7e-m/libg.a(lib_a-reallocr.o)
                0x0000000008007830                _realloc_r
 .text          0x0000000008007b8c        0x0 /usr/bin/../lib/gcc/arm-none-eabi/7.3.1/../../../../arm-none-eabi/lib/thumb/v7e-m/libg.a(lib_a-reent.o)
 .text.cleanup_glue
                0x0000000008007b8c       0x28 /usr/bin/../lib/gcc/arm-none-eabi/7.3.1/../../../../arm-none-eabi/lib/thumb/v7e-m/libg.a(lib_a-reent.o)
                0x0000000008007b8c                cleanup_glue
 .text._reclaim_reent
                0x0000000008007bb4       0x88 /usr/bin/../lib/gcc/arm-none-eabi/7.3.1/../../../../arm-none-eabi/lib/thumb/v7e-m/libg.a(lib_a-reent.o)
                0x0000000008007bb4                _reclaim_reent
 *fill*         0x0000000008007c3c        0x4 
 .text          0x0000000008007c40      0x2dc /usr/bin/../lib/gcc/arm-none-eabi/7.3.1/../../../../arm-none-eabi/lib/thumb/v7e-m/libg.a(lib_a-strcmp.o)
                0x0000000008007c48                strcmp
 .text          0x0000000008007f1c        0x0 /usr/bin/../lib/gcc/arm-none-eabi/7.3.1/../../../../arm-none-eabi/lib/thumb/v7e-m/libg.a(lib_a-wctomb_r.o)
 .text._wctomb_r
                0x0000000008007f1c       0x24 /usr/bin/../lib/gcc/arm-none-eabi/7.3.1/../../../../arm-none-eabi/lib/thumb/v7e-m/libg.a(lib_a-wctomb_r.o)
                0x0000000008007f1c                _wctomb_r
 .text.__ascii_wctomb
                0x0000000008007f40       0x1c /usr/bin/../lib/gcc/arm-none-eabi/7.3.1/../../../../arm-none-eabi/lib/thumb/v7e-m/libg.a(lib_a-wctomb_r.o)
                0x0000000008007f40                __ascii_wctomb
 .text          0x0000000008007f5c        0x0 /usr/bin/../lib/gcc/arm-none-eabi/7.3.1/../../../../arm-none-eabi/lib/thumb/v7e-m/libg.a(lib_a-ctype_.o)
 .text          0x0000000008007f5c      0x378 /usr/bin/../lib/gcc/arm-none-eabi/7.3.1/thumb/v7e-m/libgcc.a(_arm_addsubdf3.o)
                0x0000000008007f5c                __aeabi_drsub
                0x0000000008007f64                __aeabi_dsub
                0x0000000008007f64                __subdf3
                0x0000000008007f68                __adddf3
                0x0000000008007f68                __aeabi_dadd
                0x00000000080081e0                __aeabi_ui2d
                0x00000000080081e0                __floatunsidf
                0x0000000008008200                __floatsidf
                0x0000000008008200                __aeabi_i2d
                0x0000000008008224                __extendsfdf2
                0x0000000008008224                __aeabi_f2d
                0x0000000008008268                __aeabi_ul2d
                0x0000000008008268                __floatundidf
                0x0000000008008278                __floatdidf
                0x0000000008008278                __aeabi_l2d
 .text          0x00000000080082d4      0x424 /usr/bin/../lib/gcc/arm-none-eabi/7.3.1/thumb/v7e-m/libgcc.a(_arm_muldivdf3.o)
                0x00000000080082d4                __aeabi_dmul
                0x00000000080082d4                __muldf3
                0x0000000008008528                __aeabi_ddiv
                0x0000000008008528                __divdf3
 .text          0x00000000080086f8      0x110 /usr/bin/../lib/gcc/arm-none-eabi/7.3.1/thumb/v7e-m/libgcc.a(_arm_cmpdf2.o)
                0x00000000080086f8                __gtdf2
                0x00000000080086f8                __gedf2
                0x0000000008008700                __ltdf2
                0x0000000008008700                __ledf2
                0x0000000008008708                __cmpdf2
                0x0000000008008708                __eqdf2
                0x0000000008008708                __nedf2
                0x0000000008008784                __aeabi_cdrcmple
                0x0000000008008794                __aeabi_cdcmple
                0x0000000008008794                __aeabi_cdcmpeq
                0x00000000080087a4                __aeabi_dcmpeq
                0x00000000080087b8                __aeabi_dcmplt
                0x00000000080087cc                __aeabi_dcmple
                0x00000000080087e0                __aeabi_dcmpge
                0x00000000080087f4                __aeabi_dcmpgt
 .text          0x0000000008008808       0x2c /usr/bin/../lib/gcc/arm-none-eabi/7.3.1/thumb/v7e-m/libgcc.a(_arm_unorddf2.o)
                0x0000000008008808                __aeabi_dcmpun
                0x0000000008008808                __unorddf2
 .text          0x0000000008008834       0x50 /usr/bin/../lib/gcc/arm-none-eabi/7.3.1/thumb/v7e-m/libgcc.a(_arm_fixdfsi.o)
                0x0000000008008834                __fixdfsi
                0x0000000008008834                __aeabi_d2iz
 .text          0x0000000008008884       0x30 /usr/bin/../lib/gcc/arm-none-eabi/7.3.1/thumb/v7e-m/libgcc.a(_aeabi_uldivmod.o)
                0x0000000008008884                __aeabi_uldivmod
 .text          0x00000000080088b4      0x2cc /usr/bin/../lib/gcc/arm-none-eabi/7.3.1/thumb/v7e-m/libgcc.a(_udivmoddi4.o)
                0x00000000080088b4                __udivmoddi4
 .text          0x0000000008008b80        0x4 /usr/bin/../lib/gcc/arm-none-eabi/7.3.1/thumb/v7e-m/libgcc.a(_dvmd_tls.o)
                0x0000000008008b80                __aeabi_ldiv0
                0x0000000008008b80                __aeabi_idiv0
 *(.init)
 *(.fini)
 *crtbegin.o(.ctors)
 *crtbegin?.o(.ctors)
 *(EXCLUDE_FILE(*crtend.o *crtend?.o) .ctors)
 *(SORT_BY_NAME(.ctors.*))
 *(.ctors)
 *crtbegin.o(.dtors)
 *crtbegin?.o(.dtors)
 *(EXCLUDE_FILE(*crtend.o *crtend?.o) .dtors)
 *(SORT_BY_NAME(.dtors.*))
 *(.dtors)
 *(.rodata .rodata.*)
 .rodata        0x0000000008008b84       0x38 build/part_b.o
                0x0000000008008b84                led_config
                0x0000000008008b90                BUTTON_1_config
                0x0000000008008b9c                BUTTON_2_config
 .rodata._global_impure_ptr
                0x0000000008008bbc        0x4 /usr/bin/../lib/gcc/arm-none-eabi/7.3.1/../../../../arm-none-eabi/lib/thumb/v7e-m/libg.a(lib_a-impure.o)
                0x0000000008008bbc                _global_impure_ptr
 .rodata._svfprintf_r.str1.4
                0x0000000008008bc0       0x42 /usr/bin/../lib/gcc/arm-none-eabi/7.3.1/../../../../arm-none-eabi/lib/thumb/v7e-m/libg.a(lib_a-svfprintf.o)
 *fill*         0x0000000008008c02        0x2 
 .rodata.blanks.7315
                0x0000000008008c04       0x10 /usr/bin/../lib/gcc/arm-none-eabi/7.3.1/../../../../arm-none-eabi/lib/thumb/v7e-m/libg.a(lib_a-svfprintf.o)
 .rodata.zeroes.7316
                0x0000000008008c14       0x10 /usr/bin/../lib/gcc/arm-none-eabi/7.3.1/../../../../arm-none-eabi/lib/thumb/v7e-m/libg.a(lib_a-svfprintf.o)
 .rodata._dtoa_r.str1.4
                0x0000000008008c24       0x10 /usr/bin/../lib/gcc/arm-none-eabi/7.3.1/../../../../arm-none-eabi/lib/thumb/v7e-m/libg.a(lib_a-dtoa.o)
                                         0x12 (size before relaxing)
 *fill*         0x0000000008008c34        0x4 
 .rodata.__mprec_bigtens
                0x0000000008008c38       0x28 /usr/bin/../lib/gcc/arm-none-eabi/7.3.1/../../../../arm-none-eabi/lib/thumb/v7e-m/libg.a(lib_a-mprec.o)
                0x0000000008008c38                __mprec_bigtens
 .rodata.__mprec_tens
                0x0000000008008c60       0xc8 /usr/bin/../lib/gcc/arm-none-eabi/7.3.1/../../../../arm-none-eabi/lib/thumb/v7e-m/libg.a(lib_a-mprec.o)
                0x0000000008008c60                __mprec_tens
 .rodata.__mprec_tinytens
                0x0000000008008d28       0x28 /usr/bin/../lib/gcc/arm-none-eabi/7.3.1/../../../../arm-none-eabi/lib/thumb/v7e-m/libg.a(lib_a-mprec.o)
                0x0000000008008d28                __mprec_tinytens
 .rodata.p05.6092
                0x0000000008008d50        0xc /usr/bin/../lib/gcc/arm-none-eabi/7.3.1/../../../../arm-none-eabi/lib/thumb/v7e-m/libg.a(lib_a-mprec.o)
 .rodata._svfiprintf_r.str1.4
                0x0000000008008d5c       0x2f /usr/bin/../lib/gcc/arm-none-eabi/7.3.1/../../../../arm-none-eabi/lib/thumb/v7e-m/libg.a(lib_a-svfiprintf.o)
 .rodata.blanks.7294
                0x0000000008008d5c       0x10 /usr/bin/../lib/gcc/arm-none-eabi/7.3.1/../../../../arm-none-eabi/lib/thumb/v7e-m/libg.a(lib_a-svfiprintf.o)
 .rodata.zeroes.7295
                0x0000000008008d6c       0x10 /usr/bin/../lib/gcc/arm-none-eabi/7.3.1/../../../../arm-none-eabi/lib/thumb/v7e-m/libg.a(lib_a-svfiprintf.o)
 .rodata._setlocale_r.str1.4
                0x0000000008008d7c        0xa /usr/bin/../lib/gcc/arm-none-eabi/7.3.1/../../../../arm-none-eabi/lib/thumb/v7e-m/libg.a(lib_a-locale.o)
                                          0xd (size before relaxing)
 *fill*         0x0000000008008d86        0x2 
 .rodata.str1.4
                0x0000000008008d88        0x4 /usr/bin/../lib/gcc/arm-none-eabi/7.3.1/../../../../arm-none-eabi/lib/thumb/v7e-m/libg.a(lib_a-locale.o)
                                          0x2 (size before relaxing)
 .rodata._ctype_
                0x0000000008008d8c      0x101 /usr/bin/../lib/gcc/arm-none-eabi/7.3.1/../../../../arm-none-eabi/lib/thumb/v7e-m/libg.a(lib_a-ctype_.o)
                0x0000000008008d8c                _ctype_
 *(.gnu.linkonce.r*)
 *(vtable)
                0x0000000008008e90                . = ALIGN (0x4)
 *fill*         0x0000000008008e8d        0x3 

.glue_7         0x0000000008008e90        0x0 load address 0x000000000c008e90
 .glue_7        0x0000000008008e90        0x0 linker stubs

.glue_7t        0x0000000008008e90        0x0 load address 0x000000000c008e90
 .glue_7t       0x0000000008008e90        0x0 linker stubs

.vfp11_veneer   0x0000000008008e90        0x0 load address 0x000000000c008e90
 .vfp11_veneer  0x0000000008008e90        0x0 linker stubs

.v4_bx          0x0000000008008e90        0x0 load address 0x000000000c008e90
 .v4_bx         0x0000000008008e90        0x0 linker stubs

.iplt           0x0000000008008e90        0x0 load address 0x000000000c008e90
 .iplt          0x0000000008008e90        0x0 build/part_b.o

.eh_frame_hdr
 *(.eh_frame_hdr)

.eh_frame
 *(.eh_frame)

.ARM.extab      0x0000000008008e90        0x0 load address 0x000000000c008e90
 *(.ARM.extab* .gnu.linkonce.armextab.*)
 .ARM.extab     0x0000000008008e90        0x0 /usr/bin/../lib/gcc/arm-none-eabi/7.3.1/thumb/v7e-m/libgcc.a(_udivmoddi4.o)
                0x0000000008008e90                . = ALIGN (0x4)
                0x0000000008008e90                __exidx_start = .

.ARM.exidx      0x0000000008008e90        0x8 load address 0x000000000c008e90
 *(.ARM.exidx* .gnu.linkonce.armexidx.*)
 .ARM.exidx     0x0000000008008e90        0x8 /usr/bin/../lib/gcc/arm-none-eabi/7.3.1/thumb/v7e-m/libgcc.a(_udivmoddi4.o)
                0x0000000008008e98                __exidx_end = .

.rel.dyn        0x0000000008008e98        0x0 load address 0x000000000c008e98
 .rel.iplt      0x0000000008008e98        0x0 build/part_b.o
                0x0000000008008e98                . = ALIGN (0x4)

Stack           0x0000000010000000      0x800
                0x0000000010000000                __stack_start = .
                0x0000000010000800                . = (. + stack_size)
 *fill*         0x0000000010000000      0x800 
                0x0000000010000800                __stack_end = .
                0x0000000010000800                __initial_sp = .

.ram_code       0x0000000010000800        0x0 load address 0x000000000c008e98
                0x0000000010000800                . = ALIGN (0x4)
                0x0000000010000800                __ram_code_start = .
 *(.ram_code)
                0x0000000010000800                . = ALIGN (0x4)
                0x0000000010000800                __ram_code_end = .
                0x000000000c008e98                __ram_code_load = LOADADDR (.ram_code)
                0x0000000000000000                __ram_code_size = (__ram_code_end - __ram_code_start)

PSRAM_DATA      0x0000000010000800        0x0 load address 0x000000000c008e98
                0x0000000010000800                . = ALIGN (0x4)
                0x0000000010000800                __data3_start = .
 *(PSRAM_DATA)
                0x0000000010000800                . = ALIGN (0x4)
                0x0000000010000800                __data3_end = .
                0x000000000c008e98                __data3_load = LOADADDR (PSRAM_DATA)
                0x0000000000000000                __data3_size = (__data3_end - __data3_start)

PSRAM_BSS       0x0000000010000800        0x0 load address 0x000000000c008e98
                0x0000000010000800                . = ALIGN (0x4)
                0x0000000010000800                __bss3_start = .
 *(PSRAM_BSS)
                0x0000000010000800                . = ALIGN (0x4)
                0x0000000010000800                __bss3_end = .
                0x0000000010000800                . = ALIGN (0x8)
                0x0000000010000800                Heap_Bank3_Start = .
                0x0000000000000000                __bss3_size = (__bss3_end - __bss3_start)

.data           0x0000000020000000      0x9ac load address 0x000000000c008e98
                0x0000000020000000                . = ALIGN (0x4)
                0x0000000020000000                __data_start = .
 *(.data)
 .data          0x0000000020000000        0x0 build/part_b.o
 .data          0x0000000020000000        0x0 lib_build/xmc_gpio.o
 .data          0x0000000020000000        0x0 lib_build/xmc4_scu.o
 .data          0x0000000020000000        0x0 lib_build/xmc4_gpio.o
 .data          0x0000000020000000        0x0 lib_build/startup_XMC4500.o
 .data          0x0000000020000000        0x0 lib_build/system_XMC4500.o
 .data          0x0000000020000000        0x0 lib_build/syscalls.o
 .data          0x0000000020000000        0x0 /usr/bin/../lib/gcc/arm-none-eabi/7.3.1/../../../../arm-none-eabi/lib/thumb/v7e-m/libg.a(lib_a-errno.o)
 .data          0x0000000020000000        0x0 /usr/bin/../lib/gcc/arm-none-eabi/7.3.1/../../../../arm-none-eabi/lib/thumb/v7e-m/libg.a(lib_a-impure.o)
 .data          0x0000000020000000        0x0 /usr/bin/../lib/gcc/arm-none-eabi/7.3.1/../../../../arm-none-eabi/lib/thumb/v7e-m/libg.a(lib_a-init.o)
 .data          0x0000000020000000        0x0 /usr/bin/../lib/gcc/arm-none-eabi/7.3.1/../../../../arm-none-eabi/lib/thumb/v7e-m/libg.a(lib_a-sprintf.o)
 .data          0x0000000020000000        0x0 /usr/bin/../lib/gcc/arm-none-eabi/7.3.1/../../../../arm-none-eabi/lib/thumb/v7e-m/libg.a(lib_a-svfprintf.o)
 .data          0x0000000020000000        0x0 /usr/bin/../lib/gcc/arm-none-eabi/7.3.1/../../../../arm-none-eabi/lib/thumb/v7e-m/libg.a(lib_a-dtoa.o)
 .data          0x0000000020000000        0x0 /usr/bin/../lib/gcc/arm-none-eabi/7.3.1/../../../../arm-none-eabi/lib/thumb/v7e-m/libg.a(lib_a-freer.o)
 .data          0x0000000020000000        0x0 /usr/bin/../lib/gcc/arm-none-eabi/7.3.1/../../../../arm-none-eabi/lib/thumb/v7e-m/libg.a(lib_a-localeconv.o)
 .data          0x0000000020000000        0x0 /usr/bin/../lib/gcc/arm-none-eabi/7.3.1/../../../../arm-none-eabi/lib/thumb/v7e-m/libg.a(lib_a-mallocr.o)
 .data          0x0000000020000000        0x0 /usr/bin/../lib/gcc/arm-none-eabi/7.3.1/../../../../arm-none-eabi/lib/thumb/v7e-m/libg.a(lib_a-memchr.o)
 .data          0x0000000020000000        0x0 /usr/bin/../lib/gcc/arm-none-eabi/7.3.1/../../../../arm-none-eabi/lib/thumb/v7e-m/libg.a(lib_a-memcpy.o)
 .data          0x0000000020000000        0x0 /usr/bin/../lib/gcc/arm-none-eabi/7.3.1/../../../../arm-none-eabi/lib/thumb/v7e-m/libg.a(lib_a-mlock.o)
 .data          0x0000000020000000        0x0 /usr/bin/../lib/gcc/arm-none-eabi/7.3.1/../../../../arm-none-eabi/lib/thumb/v7e-m/libg.a(lib_a-mprec.o)
 .data          0x0000000020000000        0x0 /usr/bin/../lib/gcc/arm-none-eabi/7.3.1/../../../../arm-none-eabi/lib/thumb/v7e-m/libg.a(lib_a-s_frexp.o)
 .data          0x0000000020000000        0x0 /usr/bin/../lib/gcc/arm-none-eabi/7.3.1/../../../../arm-none-eabi/lib/thumb/v7e-m/libg.a(lib_a-sbrkr.o)
 .data          0x0000000020000000        0x0 /usr/bin/../lib/gcc/arm-none-eabi/7.3.1/../../../../arm-none-eabi/lib/thumb/v7e-m/libg.a(lib_a-strlen.o)
 .data          0x0000000020000000        0x0 /usr/bin/../lib/gcc/arm-none-eabi/7.3.1/../../../../arm-none-eabi/lib/thumb/v7e-m/libg.a(lib_a-strncpy.o)
 .data          0x0000000020000000        0x0 /usr/bin/../lib/gcc/arm-none-eabi/7.3.1/../../../../arm-none-eabi/lib/thumb/v7e-m/libg.a(lib_a-svfiprintf.o)
 .data          0x0000000020000000        0x0 /usr/bin/../lib/gcc/arm-none-eabi/7.3.1/../../../../arm-none-eabi/lib/thumb/v7e-m/libg.a(lib_a-callocr.o)
 .data          0x0000000020000000        0x0 /usr/bin/../lib/gcc/arm-none-eabi/7.3.1/../../../../arm-none-eabi/lib/thumb/v7e-m/libg.a(lib_a-locale.o)
 .data          0x0000000020000000        0x0 /usr/bin/../lib/gcc/arm-none-eabi/7.3.1/../../../../arm-none-eabi/lib/thumb/v7e-m/libg.a(lib_a-lock.o)
 .data          0x0000000020000000        0x0 /usr/bin/../lib/gcc/arm-none-eabi/7.3.1/../../../../arm-none-eabi/lib/thumb/v7e-m/libg.a(lib_a-mbtowc_r.o)
 .data          0x0000000020000000        0x0 /usr/bin/../lib/gcc/arm-none-eabi/7.3.1/../../../../arm-none-eabi/lib/thumb/v7e-m/libg.a(lib_a-memmove.o)
 .data          0x0000000020000000        0x0 /usr/bin/../lib/gcc/arm-none-eabi/7.3.1/../../../../arm-none-eabi/lib/thumb/v7e-m/libg.a(lib_a-memset.o)
 .data          0x0000000020000000        0x0 /usr/bin/../lib/gcc/arm-none-eabi/7.3.1/../../../../arm-none-eabi/lib/thumb/v7e-m/libg.a(lib_a-reallocr.o)
 .data          0x0000000020000000        0x0 /usr/bin/../lib/gcc/arm-none-eabi/7.3.1/../../../../arm-none-eabi/lib/thumb/v7e-m/libg.a(lib_a-reent.o)
 .data          0x0000000020000000        0x0 /usr/bin/../lib/gcc/arm-none-eabi/7.3.1/../../../../arm-none-eabi/lib/thumb/v7e-m/libg.a(lib_a-strcmp.o)
 .data          0x0000000020000000        0x0 /usr/bin/../lib/gcc/arm-none-eabi/7.3.1/../../../../arm-none-eabi/lib/thumb/v7e-m/libg.a(lib_a-wctomb_r.o)
 .data          0x0000000020000000        0x0 /usr/bin/../lib/gcc/arm-none-eabi/7.3.1/../../../../arm-none-eabi/lib/thumb/v7e-m/libg.a(lib_a-ctype_.o)
 .data          0x0000000020000000        0x0 /usr/bin/../lib/gcc/arm-none-eabi/7.3.1/thumb/v7e-m/libgcc.a(_arm_addsubdf3.o)
 .data          0x0000000020000000        0x0 /usr/bin/../lib/gcc/arm-none-eabi/7.3.1/thumb/v7e-m/libgcc.a(_arm_muldivdf3.o)
 .data          0x0000000020000000        0x0 /usr/bin/../lib/gcc/arm-none-eabi/7.3.1/thumb/v7e-m/libgcc.a(_arm_cmpdf2.o)
 .data          0x0000000020000000        0x0 /usr/bin/../lib/gcc/arm-none-eabi/7.3.1/thumb/v7e-m/libgcc.a(_arm_unorddf2.o)
 .data          0x0000000020000000        0x0 /usr/bin/../lib/gcc/arm-none-eabi/7.3.1/thumb/v7e-m/libgcc.a(_arm_fixdfsi.o)
 .data          0x0000000020000000        0x0 /usr/bin/../lib/gcc/arm-none-eabi/7.3.1/thumb/v7e-m/libgcc.a(_aeabi_uldivmod.o)
 .data          0x0000000020000000        0x0 /usr/bin/../lib/gcc/arm-none-eabi/7.3.1/thumb/v7e-m/libgcc.a(_udivmoddi4.o)
 .data          0x0000000020000000        0x0 /usr/bin/../lib/gcc/arm-none-eabi/7.3.1/thumb/v7e-m/libgcc.a(_dvmd_tls.o)
 *(.data*)
 .data._impure_ptr
                0x0000000020000000        0x4 /usr/bin/../lib/gcc/arm-none-eabi/7.3.1/../../../../arm-none-eabi/lib/thumb/v7e-m/libg.a(lib_a-impure.o)
                0x0000000020000000                _impure_ptr
 *fill*         0x0000000020000004        0x4 
 .data.impure_data
                0x0000000020000008      0x428 /usr/bin/../lib/gcc/arm-none-eabi/7.3.1/../../../../arm-none-eabi/lib/thumb/v7e-m/libg.a(lib_a-impure.o)
 .data.__malloc_av_
                0x0000000020000430      0x408 /usr/bin/../lib/gcc/arm-none-eabi/7.3.1/../../../../arm-none-eabi/lib/thumb/v7e-m/libg.a(lib_a-mallocr.o)
                0x0000000020000430                __malloc_av_
 .data.__malloc_sbrk_base
                0x0000000020000838        0x4 /usr/bin/../lib/gcc/arm-none-eabi/7.3.1/../../../../arm-none-eabi/lib/thumb/v7e-m/libg.a(lib_a-mallocr.o)
                0x0000000020000838                __malloc_sbrk_base
 .data.__malloc_trim_threshold
                0x000000002000083c        0x4 /usr/bin/../lib/gcc/arm-none-eabi/7.3.1/../../../../arm-none-eabi/lib/thumb/v7e-m/libg.a(lib_a-mallocr.o)
                0x000000002000083c                __malloc_trim_threshold
 .data.__global_locale
                0x0000000020000840      0x16c /usr/bin/../lib/gcc/arm-none-eabi/7.3.1/../../../../arm-none-eabi/lib/thumb/v7e-m/libg.a(lib_a-locale.o)
                0x0000000020000840                __global_locale
 *(*.data)
 *(.gnu.linkonce.d*)
                0x00000000200009ac                . = ALIGN (0x4)
                0x00000000200009ac                PROVIDE (__preinit_array_start = .)
 *(.preinit_array)
                0x00000000200009ac                PROVIDE (__preinit_array_end = .)
                0x00000000200009ac                . = ALIGN (0x4)
                0x00000000200009ac                PROVIDE (__init_array_start = .)
 *(SORT_BY_NAME(.init_array.*))
 *(.init_array)
                0x00000000200009ac                PROVIDE (__init_array_end = .)
                0x00000000200009ac                . = ALIGN (0x4)
                [!provide]                        PROVIDE (__fini_array_start = .)
 *(SORT_BY_NAME(.fini_array.*))
 *(.fini_array)
                [!provide]                        PROVIDE (__fini_array_end = .)
                0x00000000200009ac                . = ALIGN (0x4)
                0x00000000200009ac                __data_end = .
                0x000000000c008e98                __data_load = LOADADDR (.data)
                0x00000000000009ac                __data_size = (__data_end - __data_start)

.igot.plt       0x00000000200009ac        0x0 load address 0x000000000c009844
 .igot.plt      0x00000000200009ac        0x0 build/part_b.o

.bss            0x00000000200009ac      0x10c load address 0x000000000c009844
                0x00000000200009ac                . = ALIGN (0x4)
                0x00000000200009ac                __bss_start = .
 *(.bss)
 .bss           0x00000000200009ac        0xc build/part_b.o
                0x00000000200009ac                system_ticks
                0x00000000200009b0                button_1_pressed_time
                0x00000000200009b4                prev_button_1_pressed_time
 .bss           0x00000000200009b8        0x0 lib_build/xmc_gpio.o
 .bss           0x00000000200009b8        0x0 lib_build/xmc4_scu.o
 .bss           0x00000000200009b8        0x0 lib_build/xmc4_gpio.o
 .bss           0x00000000200009b8        0x0 lib_build/startup_XMC4500.o
 .bss           0x00000000200009b8        0x0 lib_build/system_XMC4500.o
 .bss           0x00000000200009b8        0x8 lib_build/syscalls.o
                0x00000000200009b8                __dso_handle
 .bss           0x00000000200009c0        0x0 /usr/bin/../lib/gcc/arm-none-eabi/7.3.1/../../../../arm-none-eabi/lib/thumb/v7e-m/libg.a(lib_a-errno.o)
 .bss           0x00000000200009c0        0x0 /usr/bin/../lib/gcc/arm-none-eabi/7.3.1/../../../../arm-none-eabi/lib/thumb/v7e-m/libg.a(lib_a-impure.o)
 .bss           0x00000000200009c0        0x0 /usr/bin/../lib/gcc/arm-none-eabi/7.3.1/../../../../arm-none-eabi/lib/thumb/v7e-m/libg.a(lib_a-init.o)
 .bss           0x00000000200009c0        0x0 /usr/bin/../lib/gcc/arm-none-eabi/7.3.1/../../../../arm-none-eabi/lib/thumb/v7e-m/libg.a(lib_a-sprintf.o)
 .bss           0x00000000200009c0        0x0 /usr/bin/../lib/gcc/arm-none-eabi/7.3.1/../../../../arm-none-eabi/lib/thumb/v7e-m/libg.a(lib_a-svfprintf.o)
 .bss           0x00000000200009c0        0x0 /usr/bin/../lib/gcc/arm-none-eabi/7.3.1/../../../../arm-none-eabi/lib/thumb/v7e-m/libg.a(lib_a-dtoa.o)
 .bss           0x00000000200009c0        0x0 /usr/bin/../lib/gcc/arm-none-eabi/7.3.1/../../../../arm-none-eabi/lib/thumb/v7e-m/libg.a(lib_a-freer.o)
 .bss           0x00000000200009c0        0x0 /usr/bin/../lib/gcc/arm-none-eabi/7.3.1/../../../../arm-none-eabi/lib/thumb/v7e-m/libg.a(lib_a-localeconv.o)
 .bss           0x00000000200009c0        0x0 /usr/bin/../lib/gcc/arm-none-eabi/7.3.1/../../../../arm-none-eabi/lib/thumb/v7e-m/libg.a(lib_a-mallocr.o)
 .bss           0x00000000200009c0        0x0 /usr/bin/../lib/gcc/arm-none-eabi/7.3.1/../../../../arm-none-eabi/lib/thumb/v7e-m/libg.a(lib_a-memchr.o)
 .bss           0x00000000200009c0        0x0 /usr/bin/../lib/gcc/arm-none-eabi/7.3.1/../../../../arm-none-eabi/lib/thumb/v7e-m/libg.a(lib_a-memcpy.o)
 .bss           0x00000000200009c0        0x0 /usr/bin/../lib/gcc/arm-none-eabi/7.3.1/../../../../arm-none-eabi/lib/thumb/v7e-m/libg.a(lib_a-mlock.o)
 .bss           0x00000000200009c0        0x0 /usr/bin/../lib/gcc/arm-none-eabi/7.3.1/../../../../arm-none-eabi/lib/thumb/v7e-m/libg.a(lib_a-mprec.o)
 .bss           0x00000000200009c0        0x0 /usr/bin/../lib/gcc/arm-none-eabi/7.3.1/../../../../arm-none-eabi/lib/thumb/v7e-m/libg.a(lib_a-s_frexp.o)
 .bss           0x00000000200009c0        0x0 /usr/bin/../lib/gcc/arm-none-eabi/7.3.1/../../../../arm-none-eabi/lib/thumb/v7e-m/libg.a(lib_a-sbrkr.o)
 .bss           0x00000000200009c0        0x0 /usr/bin/../lib/gcc/arm-none-eabi/7.3.1/../../../../arm-none-eabi/lib/thumb/v7e-m/libg.a(lib_a-strlen.o)
 .bss           0x00000000200009c0        0x0 /usr/bin/../lib/gcc/arm-none-eabi/7.3.1/../../../../arm-none-eabi/lib/thumb/v7e-m/libg.a(lib_a-strncpy.o)
 .bss           0x00000000200009c0        0x0 /usr/bin/../lib/gcc/arm-none-eabi/7.3.1/../../../../arm-none-eabi/lib/thumb/v7e-m/libg.a(lib_a-svfiprintf.o)
 .bss           0x00000000200009c0        0x0 /usr/bin/../lib/gcc/arm-none-eabi/7.3.1/../../../../arm-none-eabi/lib/thumb/v7e-m/libg.a(lib_a-callocr.o)
 .bss           0x00000000200009c0        0x0 /usr/bin/../lib/gcc/arm-none-eabi/7.3.1/../../../../arm-none-eabi/lib/thumb/v7e-m/libg.a(lib_a-locale.o)
 .bss           0x00000000200009c0        0x0 /usr/bin/../lib/gcc/arm-none-eabi/7.3.1/../../../../arm-none-eabi/lib/thumb/v7e-m/libg.a(lib_a-lock.o)
 .bss           0x00000000200009c0        0x0 /usr/bin/../lib/gcc/arm-none-eabi/7.3.1/../../../../arm-none-eabi/lib/thumb/v7e-m/libg.a(lib_a-mbtowc_r.o)
 .bss           0x00000000200009c0        0x0 /usr/bin/../lib/gcc/arm-none-eabi/7.3.1/../../../../arm-none-eabi/lib/thumb/v7e-m/libg.a(lib_a-memmove.o)
 .bss           0x00000000200009c0        0x0 /usr/bin/../lib/gcc/arm-none-eabi/7.3.1/../../../../arm-none-eabi/lib/thumb/v7e-m/libg.a(lib_a-memset.o)
 .bss           0x00000000200009c0        0x0 /usr/bin/../lib/gcc/arm-none-eabi/7.3.1/../../../../arm-none-eabi/lib/thumb/v7e-m/libg.a(lib_a-reallocr.o)
 .bss           0x00000000200009c0        0x0 /usr/bin/../lib/gcc/arm-none-eabi/7.3.1/../../../../arm-none-eabi/lib/thumb/v7e-m/libg.a(lib_a-reent.o)
 .bss           0x00000000200009c0        0x0 /usr/bin/../lib/gcc/arm-none-eabi/7.3.1/../../../../arm-none-eabi/lib/thumb/v7e-m/libg.a(lib_a-strcmp.o)
 .bss           0x00000000200009c0        0x0 /usr/bin/../lib/gcc/arm-none-eabi/7.3.1/../../../../arm-none-eabi/lib/thumb/v7e-m/libg.a(lib_a-wctomb_r.o)
 .bss           0x00000000200009c0        0x0 /usr/bin/../lib/gcc/arm-none-eabi/7.3.1/../../../../arm-none-eabi/lib/thumb/v7e-m/libg.a(lib_a-ctype_.o)
 .bss           0x00000000200009c0        0x0 /usr/bin/../lib/gcc/arm-none-eabi/7.3.1/thumb/v7e-m/libgcc.a(_arm_addsubdf3.o)
 .bss           0x00000000200009c0        0x0 /usr/bin/../lib/gcc/arm-none-eabi/7.3.1/thumb/v7e-m/libgcc.a(_arm_muldivdf3.o)
 .bss           0x00000000200009c0        0x0 /usr/bin/../lib/gcc/arm-none-eabi/7.3.1/thumb/v7e-m/libgcc.a(_arm_cmpdf2.o)
 .bss           0x00000000200009c0        0x0 /usr/bin/../lib/gcc/arm-none-eabi/7.3.1/thumb/v7e-m/libgcc.a(_arm_unorddf2.o)
 .bss           0x00000000200009c0        0x0 /usr/bin/../lib/gcc/arm-none-eabi/7.3.1/thumb/v7e-m/libgcc.a(_arm_fixdfsi.o)
 .bss           0x00000000200009c0        0x0 /usr/bin/../lib/gcc/arm-none-eabi/7.3.1/thumb/v7e-m/libgcc.a(_aeabi_uldivmod.o)
 .bss           0x00000000200009c0        0x0 /usr/bin/../lib/gcc/arm-none-eabi/7.3.1/thumb/v7e-m/libgcc.a(_udivmoddi4.o)
 .bss           0x00000000200009c0        0x0 /usr/bin/../lib/gcc/arm-none-eabi/7.3.1/thumb/v7e-m/libgcc.a(_dvmd_tls.o)
 *(.bss*)
 .bss.__malloc_current_mallinfo
                0x00000000200009c0       0x28 /usr/bin/../lib/gcc/arm-none-eabi/7.3.1/../../../../arm-none-eabi/lib/thumb/v7e-m/libg.a(lib_a-mallocr.o)
                0x00000000200009c0                __malloc_current_mallinfo
 .bss.__malloc_max_sbrked_mem
                0x00000000200009e8        0x4 /usr/bin/../lib/gcc/arm-none-eabi/7.3.1/../../../../arm-none-eabi/lib/thumb/v7e-m/libg.a(lib_a-mallocr.o)
                0x00000000200009e8                __malloc_max_sbrked_mem
 .bss.__malloc_max_total_mem
                0x00000000200009ec        0x4 /usr/bin/../lib/gcc/arm-none-eabi/7.3.1/../../../../arm-none-eabi/lib/thumb/v7e-m/libg.a(lib_a-mallocr.o)
                0x00000000200009ec                __malloc_max_total_mem
 .bss.__malloc_top_pad
                0x00000000200009f0        0x4 /usr/bin/../lib/gcc/arm-none-eabi/7.3.1/../../../../arm-none-eabi/lib/thumb/v7e-m/libg.a(lib_a-mallocr.o)
                0x00000000200009f0                __malloc_top_pad
 .bss._PathLocale
                0x00000000200009f4        0x4 /usr/bin/../lib/gcc/arm-none-eabi/7.3.1/../../../../arm-none-eabi/lib/thumb/v7e-m/libg.a(lib_a-locale.o)
                0x00000000200009f4                _PathLocale
 *(COMMON)
 COMMON         0x00000000200009f8       0x14 build/part_b.o
                0x00000000200009f8                time_difference
 COMMON         0x0000000020000a0c       0x80 lib_build/xmc4_scu.o
                0x0000000020000a0c                event_handler_list
 COMMON         0x0000000020000a8c       0x21 /usr/bin/../lib/gcc/arm-none-eabi/7.3.1/../../../../arm-none-eabi/lib/thumb/v7e-m/libg.a(lib_a-lock.o)
                0x0000000020000a8c                __lock___atexit_recursive_mutex
                0x0000000020000a90                __lock___arc4random_mutex
                0x0000000020000a94                __lock___env_recursive_mutex
                0x0000000020000a98                __lock___sinit_recursive_mutex
                0x0000000020000a9c                __lock___malloc_recursive_mutex
                0x0000000020000aa0                __lock___at_quick_exit_mutex
                0x0000000020000aa4                __lock___dd_hash_mutex
                0x0000000020000aa8                __lock___tz_mutex
                0x0000000020000aac                __lock___sfp_recursive_mutex
 *fill*         0x0000000020000aad        0x3 
 COMMON         0x0000000020000ab0        0x4 /usr/bin/../lib/gcc/arm-none-eabi/7.3.1/../../../../arm-none-eabi/lib/thumb/v7e-m/libg.a(lib_a-reent.o)
                0x0000000020000ab0                errno
 *(.gnu.linkonce.b*)
                0x0000000020000ab4                . = ALIGN (0x4)
                0x0000000020000ab4                __bss_end = .
                0x0000000020000ab8                . = ALIGN (0x8)
 *fill*         0x0000000020000ab4        0x4 
                0x0000000020000ab8                Heap_Bank1_Start = .
                0x0000000000000108                __bss_size = (__bss_end - __bss_start)

.no_init        0x000000002000ffc0       0x14
                0x000000002000ffc0                Heap_Bank1_End = .
 *(.no_init)
 .no_init       0x000000002000ffc0       0x14 lib_build/system_XMC4500.o
                0x000000002000ffc0                SystemCoreClock
                0x000000002000ffc4                g_chipid

DSRAM2_DATA     0x0000000030000000        0x0 load address 0x000000000c009844
                0x0000000030000000                . = ALIGN (0x4)
                0x0000000030000000                __data2_start = .
 *(DSRAM2_DATA)
                0x0000000030000000                . = ALIGN (0x4)
                0x0000000030000000                __data2_end = .
                0x000000000c009844                __data2_load = LOADADDR (DSRAM2_DATA)
                0x0000000000000000                __data2_size = (__data2_end - __data2_start)
                0x0000000000009844                __text_size = (((((__exidx_end - sText) + __data_size) + __ram_code_size) + __data2_size) + __data3_size)
                0x0000000008009844                eText = (sText + __text_size)

DSRAM2_BSS      0x0000000030000000        0x0 load address 0x000000000c009844
                0x0000000030000000                . = ALIGN (0x4)
                0x0000000030000000                __bss2_start = .
 *(ETH_RAM)
 *(USB_RAM)
 *(DSRAM2_BSS)
                0x0000000030000000                . = ALIGN (0x4)
                0x0000000030000000                __bss2_end = .
                0x0000000030000000                . = ALIGN (0x8)
                0x0000000030000000                Heap_Bank2_Start = .
                0x0000000000000000                __bss2_size = (__bss2_end - __bss2_start)
                0x000000000000f508                Heap_Bank1_Size = (Heap_Bank1_End - Heap_Bank1_Start)
                0x0000000000008000                Heap_Bank2_Size = (LENGTH (DSRAM_2_comm) - (Heap_Bank2_Start - ORIGIN (DSRAM_2_comm)))
                0x000000000000f800                Heap_Bank3_Size = (LENGTH (PSRAM_1) - (Heap_Bank3_Start - ORIGIN (PSRAM_1)))
                0x0000000000000001                ASSERT ((Heap_Bank1_Start <= Heap_Bank1_End), region SRAM_combined overflowed no_init section)

/DISCARD/
 *(.comment)

.stab
 *(.stab)

.stabstr
 *(.stabstr)

.debug
 *(.debug)

.line
 *(.line)

.debug_srcinfo
 *(.debug_srcinfo)

.debug_sfnames
 *(.debug_sfnames)

.debug_aranges  0x0000000000000000      0x530
 *(.debug_aranges)
 .debug_aranges
                0x0000000000000000       0x88 build/part_b.o
 .debug_aranges
                0x0000000000000088       0x28 lib_build/xmc_gpio.o
 .debug_aranges
                0x00000000000000b0      0x3c8 lib_build/xmc4_scu.o
 .debug_aranges
                0x0000000000000478       0x28 lib_build/xmc4_gpio.o
 .debug_aranges
                0x00000000000004a0       0x20 lib_build/startup_XMC4500.o
 .debug_aranges
                0x00000000000004c0       0x48 lib_build/system_XMC4500.o
 .debug_aranges
                0x0000000000000508       0x28 lib_build/syscalls.o

.debug_pubnames
 *(.debug_pubnames)

.debug_pubtypes
 *(.debug_pubtypes)

.debug_info     0x0000000000000000     0x75f6
 *(.debug_info .gnu.linkonce.wi.*)
 .debug_info    0x0000000000000000     0x1585 build/part_b.o
 .debug_info    0x0000000000001585      0xcc6 lib_build/xmc_gpio.o
 .debug_info    0x000000000000224b     0x2a2c lib_build/xmc4_scu.o
 .debug_info    0x0000000000004c77      0xd55 lib_build/xmc4_gpio.o
 .debug_info    0x00000000000059cc       0x26 lib_build/startup_XMC4500.o
 .debug_info    0x00000000000059f2     0x11ca lib_build/system_XMC4500.o
 .debug_info    0x0000000000006bbc      0xa3a lib_build/syscalls.o

.debug_abbrev   0x0000000000000000      0xed2
 *(.debug_abbrev)
 .debug_abbrev  0x0000000000000000      0x31d build/part_b.o
 .debug_abbrev  0x000000000000031d      0x1f8 lib_build/xmc_gpio.o
 .debug_abbrev  0x0000000000000515      0x35d lib_build/xmc4_scu.o
 .debug_abbrev  0x0000000000000872      0x1e9 lib_build/xmc4_gpio.o
 .debug_abbrev  0x0000000000000a5b       0x14 lib_build/startup_XMC4500.o
 .debug_abbrev  0x0000000000000a6f      0x287 lib_build/system_XMC4500.o
 .debug_abbrev  0x0000000000000cf6      0x1dc lib_build/syscalls.o

.debug_line     0x0000000000000000     0x23f1
 *(.debug_line)
 .debug_line    0x0000000000000000      0x6b1 build/part_b.o
 .debug_line    0x00000000000006b1      0x38c lib_build/xmc_gpio.o
 .debug_line    0x0000000000000a3d      0xe9c lib_build/xmc4_scu.o
 .debug_line    0x00000000000018d9      0x39e lib_build/xmc4_gpio.o
 .debug_line    0x0000000000001c77       0xd1 lib_build/startup_XMC4500.o
 .debug_line    0x0000000000001d48      0x404 lib_build/system_XMC4500.o
 .debug_line    0x000000000000214c      0x2a5 lib_build/syscalls.o

.debug_frame    0x0000000000000000     0x21c8
 *(.debug_frame)
 .debug_frame   0x0000000000000000      0x1f4 build/part_b.o
 .debug_frame   0x00000000000001f4       0x60 lib_build/xmc_gpio.o
 .debug_frame   0x0000000000000254     0x11bc lib_build/xmc4_scu.o
 .debug_frame   0x0000000000001410       0x60 lib_build/xmc4_gpio.o
 .debug_frame   0x0000000000001470       0xec lib_build/system_XMC4500.o
 .debug_frame   0x000000000000155c       0x5c lib_build/syscalls.o
 .debug_frame   0x00000000000015b8       0x20 /usr/bin/../lib/gcc/arm-none-eabi/7.3.1/../../../../arm-none-eabi/lib/thumb/v7e-m/libg.a(lib_a-errno.o)
 .debug_frame   0x00000000000015d8       0x2c /usr/bin/../lib/gcc/arm-none-eabi/7.3.1/../../../../arm-none-eabi/lib/thumb/v7e-m/libg.a(lib_a-init.o)
 .debug_frame   0x0000000000001604       0x80 /usr/bin/../lib/gcc/arm-none-eabi/7.3.1/../../../../arm-none-eabi/lib/thumb/v7e-m/libg.a(lib_a-sprintf.o)
 .debug_frame   0x0000000000001684       0x40 /usr/bin/../lib/gcc/arm-none-eabi/7.3.1/../../../../arm-none-eabi/lib/thumb/v7e-m/libg.a(lib_a-svfprintf.o)
 .debug_frame   0x00000000000016c4       0x90 /usr/bin/../lib/gcc/arm-none-eabi/7.3.1/../../../../arm-none-eabi/lib/thumb/v7e-m/libg.a(lib_a-dtoa.o)
 .debug_frame   0x0000000000001754       0x80 /usr/bin/../lib/gcc/arm-none-eabi/7.3.1/../../../../arm-none-eabi/lib/thumb/v7e-m/libg.a(lib_a-freer.o)
 .debug_frame   0x00000000000017d4       0x40 /usr/bin/../lib/gcc/arm-none-eabi/7.3.1/../../../../arm-none-eabi/lib/thumb/v7e-m/libg.a(lib_a-localeconv.o)
 .debug_frame   0x0000000000001814       0x54 /usr/bin/../lib/gcc/arm-none-eabi/7.3.1/../../../../arm-none-eabi/lib/thumb/v7e-m/libg.a(lib_a-mallocr.o)
 .debug_frame   0x0000000000001868       0x30 /usr/bin/../lib/gcc/arm-none-eabi/7.3.1/../../../../arm-none-eabi/lib/thumb/v7e-m/libg.a(lib_a-mlock.o)
 .debug_frame   0x0000000000001898      0x25c /usr/bin/../lib/gcc/arm-none-eabi/7.3.1/../../../../arm-none-eabi/lib/thumb/v7e-m/libg.a(lib_a-mprec.o)
 .debug_frame   0x0000000000001af4       0x30 /usr/bin/../lib/gcc/arm-none-eabi/7.3.1/../../../../arm-none-eabi/lib/thumb/v7e-m/libg.a(lib_a-s_frexp.o)
 .debug_frame   0x0000000000001b24       0x2c /usr/bin/../lib/gcc/arm-none-eabi/7.3.1/../../../../arm-none-eabi/lib/thumb/v7e-m/libg.a(lib_a-sbrkr.o)
 .debug_frame   0x0000000000001b50       0x34 /usr/bin/../lib/gcc/arm-none-eabi/7.3.1/../../../../arm-none-eabi/lib/thumb/v7e-m/libg.a(lib_a-strncpy.o)
 .debug_frame   0x0000000000001b84       0x74 /usr/bin/../lib/gcc/arm-none-eabi/7.3.1/../../../../arm-none-eabi/lib/thumb/v7e-m/libg.a(lib_a-svfiprintf.o)
 .debug_frame   0x0000000000001bf8       0x28 /usr/bin/../lib/gcc/arm-none-eabi/7.3.1/../../../../arm-none-eabi/lib/thumb/v7e-m/libg.a(lib_a-callocr.o)
 .debug_frame   0x0000000000001c20       0x6c /usr/bin/../lib/gcc/arm-none-eabi/7.3.1/../../../../arm-none-eabi/lib/thumb/v7e-m/libg.a(lib_a-locale.o)
 .debug_frame   0x0000000000001c8c       0xb0 /usr/bin/../lib/gcc/arm-none-eabi/7.3.1/../../../../arm-none-eabi/lib/thumb/v7e-m/libg.a(lib_a-lock.o)
 .debug_frame   0x0000000000001d3c       0x4c /usr/bin/../lib/gcc/arm-none-eabi/7.3.1/../../../../arm-none-eabi/lib/thumb/v7e-m/libg.a(lib_a-mbtowc_r.o)
 .debug_frame   0x0000000000001d88       0x40 /usr/bin/../lib/gcc/arm-none-eabi/7.3.1/../../../../arm-none-eabi/lib/thumb/v7e-m/libg.a(lib_a-memmove.o)
 .debug_frame   0x0000000000001dc8       0x38 /usr/bin/../lib/gcc/arm-none-eabi/7.3.1/../../../../arm-none-eabi/lib/thumb/v7e-m/libg.a(lib_a-memset.o)
 .debug_frame   0x0000000000001e00       0x58 /usr/bin/../lib/gcc/arm-none-eabi/7.3.1/../../../../arm-none-eabi/lib/thumb/v7e-m/libg.a(lib_a-reallocr.o)
 .debug_frame   0x0000000000001e58       0x68 /usr/bin/../lib/gcc/arm-none-eabi/7.3.1/../../../../arm-none-eabi/lib/thumb/v7e-m/libg.a(lib_a-reent.o)
 .debug_frame   0x0000000000001ec0       0x68 /usr/bin/../lib/gcc/arm-none-eabi/7.3.1/../../../../arm-none-eabi/lib/thumb/v7e-m/libg.a(lib_a-strcmp.o)
 .debug_frame   0x0000000000001f28       0x3c /usr/bin/../lib/gcc/arm-none-eabi/7.3.1/../../../../arm-none-eabi/lib/thumb/v7e-m/libg.a(lib_a-wctomb_r.o)
 .debug_frame   0x0000000000001f64       0xac /usr/bin/../lib/gcc/arm-none-eabi/7.3.1/thumb/v7e-m/libgcc.a(_arm_addsubdf3.o)
 .debug_frame   0x0000000000002010       0x50 /usr/bin/../lib/gcc/arm-none-eabi/7.3.1/thumb/v7e-m/libgcc.a(_arm_muldivdf3.o)
 .debug_frame   0x0000000000002060       0xc4 /usr/bin/../lib/gcc/arm-none-eabi/7.3.1/thumb/v7e-m/libgcc.a(_arm_cmpdf2.o)
 .debug_frame   0x0000000000002124       0x20 /usr/bin/../lib/gcc/arm-none-eabi/7.3.1/thumb/v7e-m/libgcc.a(_arm_unorddf2.o)
 .debug_frame   0x0000000000002144       0x24 /usr/bin/../lib/gcc/arm-none-eabi/7.3.1/thumb/v7e-m/libgcc.a(_arm_fixdfsi.o)
 .debug_frame   0x0000000000002168       0x2c /usr/bin/../lib/gcc/arm-none-eabi/7.3.1/thumb/v7e-m/libgcc.a(_aeabi_uldivmod.o)
 .debug_frame   0x0000000000002194       0x34 /usr/bin/../lib/gcc/arm-none-eabi/7.3.1/thumb/v7e-m/libgcc.a(_udivmoddi4.o)

.debug_str      0x0000000000000000    0x7a86a
 *(.debug_str)
 .debug_str     0x0000000000000000    0x7713d build/part_b.o
                                      0x77439 (size before relaxing)
 .debug_str     0x000000000007713d       0xd3 lib_build/xmc_gpio.o
                                      0x73933 (size before relaxing)
 .debug_str     0x0000000000077210     0x24b8 lib_build/xmc4_scu.o
                                      0x72323 (size before relaxing)
 .debug_str     0x00000000000796c8       0x9e lib_build/xmc4_gpio.o
                                      0x73ab8 (size before relaxing)
 .debug_str     0x0000000000079766       0x74 lib_build/startup_XMC4500.o
                                         0xb1 (size before relaxing)