Archive member included to satisfy reference by file (symbol)

/usr/bin/../lib/gcc/arm-none-eabi/7.3.1/thumb/v7e-m/libgcc.a(_arm_addsubdf3.o)
                              build/main.o (__aeabi_i2d)
/usr/bin/../lib/gcc/arm-none-eabi/7.3.1/thumb/v7e-m/libgcc.a(_arm_cmpdf2.o)
                              build/main.o (__aeabi_dcmplt)
/usr/bin/../lib/gcc/arm-none-eabi/7.3.1/../../../../arm-none-eabi/lib/thumb/v7e-m/libg.a(lib_a-errno.o)
                              lib_build/syscalls.o (__errno)
/usr/bin/../lib/gcc/arm-none-eabi/7.3.1/../../../../arm-none-eabi/lib/thumb/v7e-m/libg.a(lib_a-impure.o)
                              /usr/bin/../lib/gcc/arm-none-eabi/7.3.1/../../../../arm-none-eabi/lib/thumb/v7e-m/libg.a(lib_a-errno.o) (_impure_ptr)
/usr/bin/../lib/gcc/arm-none-eabi/7.3.1/../../../../arm-none-eabi/lib/thumb/v7e-m/libg.a(lib_a-init.o)
                              lib_build/startup_XMC4500.o (__libc_init_array)
/usr/bin/../lib/gcc/arm-none-eabi/7.3.1/../../../../arm-none-eabi/lib/thumb/v7e-m/libg.a(lib_a-memcmp.o)
                              lib_build/HIDClassDevice.o (memcmp)
/usr/bin/../lib/gcc/arm-none-eabi/7.3.1/../../../../arm-none-eabi/lib/thumb/v7e-m/libg.a(lib_a-memcpy.o)
                              build/main.o (memcpy)
/usr/bin/../lib/gcc/arm-none-eabi/7.3.1/../../../../arm-none-eabi/lib/thumb/v7e-m/libg.a(lib_a-memset.o)
                              lib_build/HIDClassDevice.o (memset)

Allocating common symbols
Common symbol       size              file

USB_IsInitialized   0x1               lib_build/USBTask.o
USB_DeviceState     0x1               lib_build/USBTask.o
event_handler_list  0x80              lib_build/xmc4_scu.o
buffer              0x8               build/KeyboardHID.o
endpoint0_in_buffer
                    0x100             lib_build/USBController_XMC4000.o
usbd_init           0x4               lib_build/xmc_usbd.o
USB_ControlRequest  0x8               lib_build/USBTask.o
endpoint0_out_buffer
                    0x100             lib_build/USBController_XMC4000.o
xmc_device          0x208             lib_build/xmc_usbd.o
device              0x140             lib_build/USBController_XMC4000.o

Discarded input sections

 .group         0x0000000000000000        0xc build/main.o
 .group         0x0000000000000000        0xc build/main.o
 .group         0x0000000000000000        0xc build/main.o
 .group         0x0000000000000000        0xc build/main.o
 .group         0x0000000000000000        0xc build/main.o
 .group         0x0000000000000000        0xc build/main.o
 .group         0x0000000000000000        0xc build/main.o
 .group         0x0000000000000000        0xc build/main.o
 .group         0x0000000000000000        0xc build/main.o
 .group         0x0000000000000000        0xc build/main.o
 .group         0x0000000000000000        0xc build/main.o
 .group         0x0000000000000000        0xc build/main.o
 .group         0x0000000000000000        0xc build/main.o
 .group         0x0000000000000000        0xc build/main.o
 .group         0x0000000000000000        0xc build/main.o
 .group         0x0000000000000000        0xc build/main.o
 .group         0x0000000000000000        0xc build/main.o
 .group         0x0000000000000000        0xc build/main.o
 .group         0x0000000000000000        0xc build/main.o
 .group         0x0000000000000000        0xc build/main.o
 .group         0x0000000000000000        0xc build/main.o
 .group         0x0000000000000000        0xc build/main.o
 .group         0x0000000000000000        0xc build/main.o
 .group         0x0000000000000000        0xc build/main.o
 .group         0x0000000000000000        0xc build/main.o
 .group         0x0000000000000000        0xc build/main.o
 .group         0x0000000000000000        0xc build/main.o
 .group         0x0000000000000000        0xc build/main.o
 .group         0x0000000000000000        0xc build/main.o
 .group         0x0000000000000000        0xc build/main.o
 .group         0x0000000000000000        0xc build/main.o
 .group         0x0000000000000000        0xc build/main.o
 .group         0x0000000000000000        0xc build/main.o
 .group         0x0000000000000000        0xc build/main.o
 .group         0x0000000000000000        0xc build/main.o
 .group         0x0000000000000000        0xc build/main.o
 .group         0x0000000000000000        0xc build/main.o
 .group         0x0000000000000000        0xc build/main.o
 .group         0x0000000000000000        0xc build/main.o
 .group         0x0000000000000000        0xc build/main.o
 .group         0x0000000000000000        0xc build/main.o
 .group         0x0000000000000000        0xc build/main.o
 .group         0x0000000000000000        0xc build/main.o
 .group         0x0000000000000000        0xc build/main.o
 .group         0x0000000000000000        0xc build/main.o
 .group         0x0000000000000000        0xc build/main.o
 .group         0x0000000000000000        0xc build/main.o
[...]
Memory Configuration

Name             Origin             Length             Attributes
FLASH_1_cached   0x0000000008000000 0x0000000000100000 xr
FLASH_1_uncached 0x000000000c000000 0x0000000000100000 xr
PSRAM_1          0x0000000010000000 0x0000000000010000 !xr
DSRAM_1_system   0x0000000020000000 0x0000000000010000 !xr
DSRAM_2_comm     0x0000000030000000 0x0000000000008000 !xr
*default*        0x0000000000000000 0xffffffffffffffff

Linker script and memory map

LOAD build/main.o
LOAD build/KeyboardHID.o
LOAD build/Descriptors.o
LOAD lib_build/xmc4_scu.o
LOAD lib_build/xmc_gpio.o
LOAD lib_build/HIDClassDevice.o
LOAD lib_build/memcpy.o
LOAD lib_build/Endpoint_XMC4000.o
LOAD lib_build/EndpointStream_XMC4000.o
LOAD lib_build/USBController_XMC4000.o
LOAD lib_build/xmc_usbd.o
LOAD lib_build/ConfigDescriptors.o
LOAD lib_build/HostStandardReq.o
LOAD lib_build/USBTask.o
LOAD lib_build/Events.o
LOAD lib_build/startup_XMC4500.o
LOAD lib_build/system_XMC4500.o
LOAD lib_build/syscalls.o
START GROUP
LOAD /usr/bin/../lib/gcc/arm-none-eabi/7.3.1/thumb/v7e-m/libgcc.a
LOAD /usr/bin/../lib/gcc/arm-none-eabi/7.3.1/../../../../arm-none-eabi/lib/thumb/v7e-m/libg.a
LOAD /usr/bin/../lib/gcc/arm-none-eabi/7.3.1/../../../../arm-none-eabi/lib/thumb/v7e-m/libc.a
END GROUP
START GROUP
LOAD /usr/bin/../lib/gcc/arm-none-eabi/7.3.1/thumb/v7e-m/libgcc.a
LOAD /usr/bin/../lib/gcc/arm-none-eabi/7.3.1/../../../../arm-none-eabi/lib/thumb/v7e-m/libc.a
LOAD /usr/bin/../lib/gcc/arm-none-eabi/7.3.1/../../../../arm-none-eabi/lib/thumb/v7e-m/libnosys.a
END GROUP
                0x0000000000000800                stack_size = DEFINED (stack_size)?stack_size:0x800
                0x0000000000000040                no_init_size = 0x40

.text           0x0000000008000000     0x6f34 load address 0x000000000c000000
                0x0000000008000000                sText = .
 *(.reset)
 .reset         0x0000000008000000      0x2b2 lib_build/startup_XMC4500.o
                0x0000000008000000                __Vectors
                0x0000000008000200                Reset_Handler
                0x00000000080002b0                VADC0_C0_3_IRQHandler
                0x00000000080002b0                DSD0_7_IRQHandler
                0x00000000080002b0                DebugMon_Handler
                0x00000000080002b0                VADC0_C0_0_IRQHandler
                0x00000000080002b0                CAN0_4_IRQHandler
                0x00000000080002b0                VADC0_G2_0_IRQHandler
                0x00000000080002b0                USIC0_5_IRQHandler
                0x00000000080002b0                POSIF0_0_IRQHandler
                0x00000000080002b0                POSIF1_0_IRQHandler
                0x00000000080002b0                HardFault_Handler
                0x00000000080002b0                VADC0_G1_1_IRQHandler
                0x00000000080002b0                PendSV_Handler
                0x00000000080002b0                NMI_Handler
                0x00000000080002b0                USIC1_3_IRQHandler
                0x00000000080002b0                CCU40_2_IRQHandler
                0x00000000080002b0                SCU_0_IRQHandler
                0x00000000080002b0                ERU0_0_IRQHandler
                0x00000000080002b0                CCU41_0_IRQHandler
                0x00000000080002b0                USIC1_5_IRQHandler
                0x00000000080002b0                DSD0_4_IRQHandler
                0x00000000080002b0                CCU80_1_IRQHandler
                0x00000000080002b0                CCU81_0_IRQHandler
                0x00000000080002b0                UsageFault_Handler
                0x00000000080002b0                USIC0_0_IRQHandler
                0x00000000080002b0                POSIF1_1_IRQHandler
                0x00000000080002b0                ERU0_2_IRQHandler
                0x00000000080002b0                CCU81_1_IRQHandler
                0x00000000080002b0                ERU1_1_IRQHandler
                0x00000000080002b0                VADC0_G2_3_IRQHandler
                0x00000000080002b0                VADC0_G2_2_IRQHandler
                0x00000000080002b0                CCU42_3_IRQHandler
                0x00000000080002b0                ERU0_3_IRQHandler
                0x00000000080002b0                DSD0_5_IRQHandler
                0x00000000080002b0                CAN0_6_IRQHandler
                0x00000000080002b0                CCU43_0_IRQHandler
                0x00000000080002b0                VADC0_G0_1_IRQHandler
                0x00000000080002b0                CCU81_2_IRQHandler
                0x00000000080002b0                USIC2_4_IRQHandler
                0x00000000080002b0                CCU81_3_IRQHandler
                0x00000000080002b0                CCU42_1_IRQHandler
                0x00000000080002b0                USIC1_1_IRQHandler
                0x00000000080002b0                USIC2_5_IRQHandler
                0x00000000080002b0                CCU40_0_IRQHandler
                0x00000000080002b0                CAN0_0_IRQHandler
                0x00000000080002b0                ERU1_0_IRQHandler
                0x00000000080002b0                CCU42_2_IRQHandler
                0x00000000080002b0                Default_Handler
                0x00000000080002b0                USIC1_4_IRQHandler
                0x00000000080002b0                ERU1_3_IRQHandler
                0x00000000080002b0                USIC1_0_IRQHandler
                0x00000000080002b0                POSIF0_1_IRQHandler
                0x00000000080002b0                VADC0_G0_0_IRQHandler
                0x00000000080002b0                DSD0_2_IRQHandler
                0x00000000080002b0                CCU80_3_IRQHandler
                0x00000000080002b0                CCU41_3_IRQHandler
                0x00000000080002b0                CCU80_2_IRQHandler
                0x00000000080002b0                VADC0_G1_3_IRQHandler
                0x00000000080002b0                VADC0_G0_3_IRQHandler
                0x00000000080002b0                GPDMA0_0_IRQHandler
                0x00000000080002b0                PMU0_0_IRQHandler
                0x00000000080002b0                CAN0_7_IRQHandler
                0x00000000080002b0                DSD0_1_IRQHandler
                0x00000000080002b0                CCU41_2_IRQHandler
                0x00000000080002b0                VADC0_C0_1_IRQHandler
                0x00000000080002b0                CCU43_2_IRQHandler
                0x00000000080002b0                USIC2_2_IRQHandler
                0x00000000080002b0                MemManage_Handler
                0x00000000080002b0                VADC0_G3_1_IRQHandler
                0x00000000080002b0                DAC0_0_IRQHandler
                0x00000000080002b0                SVC_Handler
                0x00000000080002b0                VADC0_G3_3_IRQHandler
                0x00000000080002b0                ERU1_2_IRQHandler
                0x00000000080002b0                CCU41_1_IRQHandler
                0x00000000080002b0                DSD0_6_IRQHandler
                0x00000000080002b0                CCU43_1_IRQHandler
                0x00000000080002b0                VADC0_G1_2_IRQHandler
                0x00000000080002b0                USIC2_3_IRQHandler
                0x00000000080002b0                CAN0_2_IRQHandler
                0x00000000080002b0                USIC2_0_IRQHandler
                0x00000000080002b0                VADC0_G0_2_IRQHandler
                0x00000000080002b0                VADC0_G2_1_IRQHandler
                0x00000000080002b0                CAN0_3_IRQHandler
                0x00000000080002b0                ETH0_0_IRQHandler
                0x00000000080002b0                USIC0_3_IRQHandler
                0x00000000080002b0                DSD0_0_IRQHandler
                0x00000000080002b0                VADC0_C0_2_IRQHandler
                0x00000000080002b0                CCU42_0_IRQHandler
                0x00000000080002b0                FCE0_0_IRQHandler
                0x00000000080002b0                VADC0_G1_0_IRQHandler
                0x00000000080002b0                CAN0_5_IRQHandler
                0x00000000080002b0                CCU80_0_IRQHandler
                0x00000000080002b0                CCU40_1_IRQHandler
                0x00000000080002b0                USIC2_1_IRQHandler
                0x00000000080002b0                USIC0_1_IRQHandler
                0x00000000080002b0                VADC0_G3_2_IRQHandler
                0x00000000080002b0                CCU40_3_IRQHandler
                0x00000000080002b0                BusFault_Handler
                0x00000000080002b0                LEDTS0_0_IRQHandler
                0x00000000080002b0                USIC0_4_IRQHandler
                0x00000000080002b0                CCU43_3_IRQHandler
                0x00000000080002b0                ERU0_1_IRQHandler
                0x00000000080002b0                VADC0_G3_0_IRQHandler
                0x00000000080002b0                USIC1_2_IRQHandler
                0x00000000080002b0                DSD0_3_IRQHandler
                0x00000000080002b0                SDMMC0_0_IRQHandler
                0x00000000080002b0                CAN0_1_IRQHandler
                0x00000000080002b0                USIC0_2_IRQHandler
                0x00000000080002b0                DAC0_1_IRQHandler
                0x00000000080002b0                GPDMA1_0_IRQHandler
 *(.text .text.* .gnu.linkonce.t.*)
 .text          0x00000000080002b2        0x0 build/main.o
 *fill*         0x00000000080002b2        0x2 
 .text.__NVIC_SetPriority
                0x00000000080002b4       0x54 build/main.o
 .text.SysTick_Config
                0x0000000008000308       0x44 build/main.o
 .text.XMC_GPIO_SetOutputHigh
                0x000000000800034c       0x22 build/main.o
 .text.XMC_GPIO_SetOutputLow
                0x000000000800036e       0x24 build/main.o
 *fill*         0x0000000008000392        0x2 
 .text.SysTick_Handler
                0x0000000008000394       0x1c build/main.o
                0x0000000008000394                SysTick_Handler
 .text.main     0x00000000080003b0       0x68 build/main.o
                0x00000000080003b0                main
 .text.modification
                0x0000000008000418       0x34 build/main.o
                0x0000000008000418                modification
 .text.codification
                0x000000000800044c       0x38 build/main.o
                0x000000000800044c                codification
 *fill*         0x0000000008000484        0x4 
 .text.CALLBACK_HID_Device_CreateHIDReport
                0x0000000008000488      0x364 build/main.o
                0x0000000008000488                CALLBACK_HID_Device_CreateHIDReport
 .text.findTheChar
                0x00000000080007ec       0x54 build/main.o
                0x00000000080007ec                findTheChar
 .text.CALLBACK_HID_Device_ProcessHIDReport
                0x0000000008000840       0xbc build/main.o
                0x0000000008000840                CALLBACK_HID_Device_ProcessHIDReport
 .text.SystemCoreClockSetup
                0x00000000080008fc       0x34 build/main.o
                0x00000000080008fc                SystemCoreClockSetup
 .text          0x0000000008000930        0x0 build/KeyboardHID.o
 .text.__NVIC_GetPriorityGrouping
                0x0000000008000930       0x1c build/KeyboardHID.o
 .text.__NVIC_EnableIRQ
                0x000000000800094c       0x3c build/KeyboardHID.o
 .text.__NVIC_ClearPendingIRQ
                0x0000000008000988       0x3c build/KeyboardHID.o
 .text.__NVIC_SetPriority
                0x00000000080009c4       0x54 build/KeyboardHID.o
 .text.NVIC_EncodePriority
                0x0000000008000a18       0x66 build/KeyboardHID.o
 *fill*         0x0000000008000a7e        0x2 
 .text.USB0_0_IRQHandler
                0x0000000008000a80       0x14 build/KeyboardHID.o
                0x0000000008000a80                USB0_0_IRQHandler
 .text.USB_Init
                0x0000000008000a94       0x44 build/KeyboardHID.o
                0x0000000008000a94                USB_Init
 .text.EVENT_USB_Device_
                0x0000000008000ad8        0xe build/KeyboardHID.o
                0x0000000008000ad8                EVENT_USB_Device_
 .text.EVENT_USB_Device_Connect
                0x0000000008000ae6        0xe build/KeyboardHID.o
                0x0000000008000ae6                EVENT_USB_Device_Connect
 .text.EVENT_USB_Device_Reset
                0x0000000008000af4       0x30 build/KeyboardHID.o
                0x0000000008000af4                EVENT_USB_Device_Reset
 .text.EVENT_USB_Device_ConfigurationChanged
                0x0000000008000b24       0x50 build/KeyboardHID.o
                0x0000000008000b24                EVENT_USB_Device_ConfigurationChanged
 .text.EVENT_USB_Device_ControlRequest
                0x0000000008000b74       0x14 build/KeyboardHID.o
                0x0000000008000b74                EVENT_USB_Device_ControlRequest
 .text.CALLBACK_HIDParser_FilterHIDReportItem
                0x0000000008000b88       0x16 build/KeyboardHID.o
                0x0000000008000b88                CALLBACK_HIDParser_FilterHIDReportItem
 .text          0x0000000008000b9e        0x0 build/Descriptors.o
 *fill*         0x0000000008000b9e        0x2 
 .text.CALLBACK_USB_GetDescriptor
                0x0000000008000ba0      0x144 build/Descriptors.o
                0x0000000008000ba0                CALLBACK_USB_GetDescriptor
 .text          0x0000000008000ce4        0x0 lib_build/xmc4_scu.o
 .text.XMC_SCU_CLOCK_GetUsbClockSource
                0x0000000008000ce4       0x1c lib_build/xmc4_scu.o
 .text.XMC_SCU_CLOCK_GetWdtClockSource
                0x0000000008000d00       0x1c lib_build/xmc4_scu.o
 .text.XMC_SCU_CLOCK_GetExternalOutputClockSource
                0x0000000008000d1c       0x20 lib_build/xmc4_scu.o
 .text.XMC_SCU_CLOCK_GetSystemClockFrequency
                0x0000000008000d3c       0x28 lib_build/xmc4_scu.o
 .text.XMC_SCU_CLOCK_GetCpuClockFrequency
                0x0000000008000d64       0x18 lib_build/xmc4_scu.o
 .text.XMC_SCU_GetMirrorStatus
                0x0000000008000d7c       0x18 lib_build/xmc4_scu.o
 .text.XMC_SCU_lDelay
                0x0000000008000d94       0x48 lib_build/xmc4_scu.o
 .text.XMC_SCU_INTERRUPT_EnableEvent
                0x0000000008000ddc       0x24 lib_build/xmc4_scu.o
                0x0000000008000ddc                XMC_SCU_INTERRUPT_EnableEvent
 .text.XMC_SCU_INTERRUPT_DisableEvent
                0x0000000008000e00       0x28 lib_build/xmc4_scu.o
                0x0000000008000e00                XMC_SCU_INTERRUPT_DisableEvent
 .text.XMC_SCU_INTERRUPT_TriggerEvent
                0x0000000008000e28       0x24 lib_build/xmc4_scu.o
                0x0000000008000e28                XMC_SCU_INTERRUPT_TriggerEvent
 .text.XMC_SCU_INTERUPT_GetEventStatus
                0x0000000008000e4c       0x18 lib_build/xmc4_scu.o
                0x0000000008000e4c                XMC_SCU_INTERUPT_GetEventStatus
 .text.XMC_SCU_INTERRUPT_ClearEventStatus
                0x0000000008000e64       0x20 lib_build/xmc4_scu.o
                0x0000000008000e64                XMC_SCU_INTERRUPT_ClearEventStatus
 .text.XMC_SCU_GetBootMode
                0x0000000008000e84       0x1c lib_build/xmc4_scu.o
                0x0000000008000e84                XMC_SCU_GetBootMode
 .text.XMC_SCU_SetBootMode
                0x0000000008000ea0       0x20 lib_build/xmc4_scu.o
                0x0000000008000ea0                XMC_SCU_SetBootMode
 .text.XMC_SCU_ReadGPR
                0x0000000008000ec0       0x24 lib_build/xmc4_scu.o
                0x0000000008000ec0                XMC_SCU_ReadGPR
 .text.XMC_SCU_WriteGPR
                0x0000000008000ee4       0x28 lib_build/xmc4_scu.o
                0x0000000008000ee4                XMC_SCU_WriteGPR
 .text.XMC_SCU_EnableOutOfRangeComparator
                0x0000000008000f0c       0x38 lib_build/xmc4_scu.o
                0x0000000008000f0c                XMC_SCU_EnableOutOfRangeComparator
 .text.XMC_SCU_DisableOutOfRangeComparator
                0x0000000008000f44       0x3c lib_build/xmc4_scu.o
                0x0000000008000f44                XMC_SCU_DisableOutOfRangeComparator
 .text.XMC_SCU_CalibrateTemperatureSensor
                0x0000000008000f80       0x30 lib_build/xmc4_scu.o
                0x0000000008000f80                XMC_SCU_CalibrateTemperatureSensor
 .text.XMC_SCU_EnableTemperatureSensor
                0x0000000008000fb0       0x24 lib_build/xmc4_scu.o
                0x0000000008000fb0                XMC_SCU_EnableTemperatureSensor
 .text.XMC_SCU_DisableTemperatureSensor
                0x0000000008000fd4       0x24 lib_build/xmc4_scu.o
                0x0000000008000fd4                XMC_SCU_DisableTemperatureSensor
 .text.XMC_SCU_IsTemperatureSensorEnabled
                0x0000000008000ff8       0x28 lib_build/xmc4_scu.o
                0x0000000008000ff8                XMC_SCU_IsTemperatureSensorEnabled
 .text.XMC_SCU_IsTemperatureSensorReady
                0x0000000008001020       0x28 lib_build/xmc4_scu.o
                0x0000000008001020                XMC_SCU_IsTemperatureSensorReady
 .text.XMC_SCU_StartTemperatureMeasurement
                0x0000000008001048       0x4c lib_build/xmc4_scu.o
                0x0000000008001048                XMC_SCU_StartTemperatureMeasurement
 .text.XMC_SCU_GetTemperatureMeasurement
                0x0000000008001094       0x38 lib_build/xmc4_scu.o
                0x0000000008001094                XMC_SCU_GetTemperatureMeasurement
 .text.XMC_SCU_IsTemperatureSensorBusy
                0x00000000080010cc       0x28 lib_build/xmc4_scu.o
                0x00000000080010cc                XMC_SCU_IsTemperatureSensorBusy
 .text.XMC_SCU_WriteToRetentionMemory
                0x00000000080010f4       0x4c lib_build/xmc4_scu.o
                0x00000000080010f4                XMC_SCU_WriteToRetentionMemory
 .text.XMC_SCU_ReadFromRetentionMemory
                0x0000000008001140       0x48 lib_build/xmc4_scu.o
                0x0000000008001140                XMC_SCU_ReadFromRetentionMemory
 .text.XMC_SCU_CLOCK_Init
                0x0000000008001188       0xe6 lib_build/xmc4_scu.o
                0x0000000008001188                XMC_SCU_CLOCK_Init
 *fill*         0x000000000800126e        0x2 
 .text.XMC_SCU_TRAP_Enable
                0x0000000008001270       0x28 lib_build/xmc4_scu.o
                0x0000000008001270                XMC_SCU_TRAP_Enable
 .text.XMC_SCU_TRAP_Disable
                0x0000000008001298       0x24 lib_build/xmc4_scu.o
                0x0000000008001298                XMC_SCU_TRAP_Disable
 .text.XMC_SCU_TRAP_GetStatus
                0x00000000080012bc       0x18 lib_build/xmc4_scu.o
                0x00000000080012bc                XMC_SCU_TRAP_GetStatus
 .text.XMC_SCU_TRAP_Trigger
                0x00000000080012d4       0x20 lib_build/xmc4_scu.o
                0x00000000080012d4                XMC_SCU_TRAP_Trigger
 .text.XMC_SCU_TRAP_ClearStatus
                0x00000000080012f4       0x20 lib_build/xmc4_scu.o
                0x00000000080012f4                XMC_SCU_TRAP_ClearStatus
 .text.XMC_SCU_PARITY_ClearStatus
                0x0000000008001314       0x24 lib_build/xmc4_scu.o
                0x0000000008001314                XMC_SCU_PARITY_ClearStatus
 .text.XMC_SCU_PARITY_GetStatus
                0x0000000008001338       0x18 lib_build/xmc4_scu.o
                0x0000000008001338                XMC_SCU_PARITY_GetStatus
 .text.XMC_SCU_PARITY_Enable
                0x0000000008001350       0x24 lib_build/xmc4_scu.o
                0x0000000008001350                XMC_SCU_PARITY_Enable
 .text.XMC_SCU_PARITY_Disable
                0x0000000008001374       0x28 lib_build/xmc4_scu.o
                0x0000000008001374                XMC_SCU_PARITY_Disable
 .text.XMC_SCU_PARITY_EnableTrapGeneration
                0x000000000800139c       0x24 lib_build/xmc4_scu.o
                0x000000000800139c                XMC_SCU_PARITY_EnableTrapGeneration
 .text.XMC_SCU_PARITY_DisableTrapGeneration
                0x00000000080013c0       0x28 lib_build/xmc4_scu.o
                0x00000000080013c0                XMC_SCU_PARITY_DisableTrapGeneration
 .text.XMC_SCU_INTERRUPT_EnableNmiRequest
                0x00000000080013e8       0x24 lib_build/xmc4_scu.o
                0x00000000080013e8                XMC_SCU_INTERRUPT_EnableNmiRequest
 .text.XMC_SCU_INTERRUPT_DisableNmiRequest
                0x000000000800140c       0x28 lib_build/xmc4_scu.o
                0x000000000800140c                XMC_SCU_INTERRUPT_DisableNmiRequest
 .text.XMC_SCU_RESET_AssertPeripheralReset
                0x0000000008001434       0x3c lib_build/xmc4_scu.o
                0x0000000008001434                XMC_SCU_RESET_AssertPeripheralReset
 .text.XMC_SCU_RESET_DeassertPeripheralReset
                0x0000000008001470       0x3c lib_build/xmc4_scu.o
                0x0000000008001470                XMC_SCU_RESET_DeassertPeripheralReset
 .text.XMC_SCU_RESET_IsPeripheralResetAsserted
                0x00000000080014ac       0x48 lib_build/xmc4_scu.o
                0x00000000080014ac                XMC_SCU_RESET_IsPeripheralResetAsserted
 .text.XMC_SCU_CLOCK_GetSystemPllClockFrequency
                0x00000000080014f4       0x7c lib_build/xmc4_scu.o
                0x00000000080014f4                XMC_SCU_CLOCK_GetSystemPllClockFrequency
 .text.XMC_SCU_CLOCK_GetSystemPllClockSourceFrequency
                0x0000000008001570       0x30 lib_build/xmc4_scu.o
                0x0000000008001570                XMC_SCU_CLOCK_GetSystemPllClockSourceFrequency
 .text.XMC_SCU_CLOCK_GetUsbPllClockFrequency
                0x00000000080015a0       0x54 lib_build/xmc4_scu.o
                0x00000000080015a0                XMC_SCU_CLOCK_GetUsbPllClockFrequency
 .text.XMC_SCU_CLOCK_GetCcuClockFrequency
                0x00000000080015f4       0x2c lib_build/xmc4_scu.o
                0x00000000080015f4                XMC_SCU_CLOCK_GetCcuClockFrequency
 .text.XMC_SCU_CLOCK_GetUsbClockFrequency
                0x0000000008001620       0x48 lib_build/xmc4_scu.o
                0x0000000008001620                XMC_SCU_CLOCK_GetUsbClockFrequency
 .text.XMC_SCU_CLOCK_GetEbuClockFrequency
                0x0000000008001668       0x28 lib_build/xmc4_scu.o
                0x0000000008001668                XMC_SCU_CLOCK_GetEbuClockFrequency
 .text.XMC_SCU_CLOCK_GetWdtClockFrequency
                0x0000000008001690       0x58 lib_build/xmc4_scu.o
                0x0000000008001690                XMC_SCU_CLOCK_GetWdtClockFrequency
 .text.XMC_SCU_CLOCK_GetExternalOutputClockFrequency
                0x00000000080016e8       0x70 lib_build/xmc4_scu.o
                0x00000000080016e8                XMC_SCU_CLOCK_GetExternalOutputClockFrequency
 .text.XMC_SCU_CLOCK_GetPeripheralClockFrequency
                0x0000000008001758       0x20 lib_build/xmc4_scu.o
                0x0000000008001758                XMC_SCU_CLOCK_GetPeripheralClockFrequency
 .text.XMC_SCU_CLOCK_SetSystemClockSource
                0x0000000008001778       0x28 lib_build/xmc4_scu.o
                0x0000000008001778                XMC_SCU_CLOCK_SetSystemClockSource
 .text.XMC_SCU_CLOCK_SetUsbClockSource
                0x00000000080017a0       0x28 lib_build/xmc4_scu.o
                0x00000000080017a0                XMC_SCU_CLOCK_SetUsbClockSource
 .text.XMC_SCU_CLOCK_SetWdtClockSource
                0x00000000080017c8       0x28 lib_build/xmc4_scu.o
                0x00000000080017c8                XMC_SCU_CLOCK_SetWdtClockSource
 .text.XMC_SCU_CLOCK_SetExternalOutputClockSource
                0x00000000080017f0       0x2c lib_build/xmc4_scu.o
                0x00000000080017f0                XMC_SCU_CLOCK_SetExternalOutputClockSource
 .text.XMC_SCU_CLOCK_SetSystemPllClockSource
                0x000000000800181c       0x44 lib_build/xmc4_scu.o
                0x000000000800181c                XMC_SCU_CLOCK_SetSystemPllClockSource
 .text.XMC_SCU_HIB_SetRtcClockSource
                0x0000000008001860       0x40 lib_build/xmc4_scu.o
                0x0000000008001860                XMC_SCU_HIB_SetRtcClockSource
 .text.XMC_SCU_HIB_SetStandbyClockSource
                0x00000000080018a0       0x40 lib_build/xmc4_scu.o
                0x00000000080018a0                XMC_SCU_HIB_SetStandbyClockSource
 .text.XMC_SCU_CLOCK_SetSystemClockDivider
                0x00000000080018e0       0x2c lib_build/xmc4_scu.o
                0x00000000080018e0                XMC_SCU_CLOCK_SetSystemClockDivider
 .text.XMC_SCU_CLOCK_SetCcuClockDivider
                0x000000000800190c       0x2c lib_build/xmc4_scu.o
                0x000000000800190c                XMC_SCU_CLOCK_SetCcuClockDivider
 .text.XMC_SCU_CLOCK_SetCpuClockDivider
                0x0000000008001938       0x2c lib_build/xmc4_scu.o
                0x0000000008001938                XMC_SCU_CLOCK_SetCpuClockDivider
 .text.XMC_SCU_CLOCK_SetPeripheralClockDivider
                0x0000000008001964       0x2c lib_build/xmc4_scu.o
                0x0000000008001964                XMC_SCU_CLOCK_SetPeripheralClockDivider
 .text.XMC_SCU_CLOCK_SetUsbClockDivider
                0x0000000008001990       0x2c lib_build/xmc4_scu.o
                0x0000000008001990                XMC_SCU_CLOCK_SetUsbClockDivider
 .text.XMC_SCU_CLOCK_SetEbuClockDivider
                0x00000000080019bc       0x2c lib_build/xmc4_scu.o
                0x00000000080019bc                XMC_SCU_CLOCK_SetEbuClockDivider
 .text.XMC_SCU_CLOCK_SetWdtClockDivider
                0x00000000080019e8       0x2c lib_build/xmc4_scu.o
                0x00000000080019e8                XMC_SCU_CLOCK_SetWdtClockDivider
 .text.XMC_SCU_CLOCK_SetExternalOutputClockDivider
                0x0000000008001a14       0x30 lib_build/xmc4_scu.o
                0x0000000008001a14                XMC_SCU_CLOCK_SetExternalOutputClockDivider
 .text.XMC_SCU_CLOCK_EnableClock
                0x0000000008001a44       0x20 lib_build/xmc4_scu.o
                0x0000000008001a44                XMC_SCU_CLOCK_EnableClock
 .text.XMC_SCU_CLOCK_DisableClock
                0x0000000008001a64       0x20 lib_build/xmc4_scu.o
                0x0000000008001a64                XMC_SCU_CLOCK_DisableClock
 .text.XMC_SCU_CLOCK_IsClockEnabled
                0x0000000008001a84       0x2c lib_build/xmc4_scu.o
                0x0000000008001a84                XMC_SCU_CLOCK_IsClockEnabled
 .text.XMC_SCU_POWER_GetEVR13Voltage
                0x0000000008001ab0       0x30 lib_build/xmc4_scu.o
                0x0000000008001ab0                XMC_SCU_POWER_GetEVR13Voltage
 .text.XMC_SCU_POWER_GetEVR33Voltage
                0x0000000008001ae0       0x34 lib_build/xmc4_scu.o
                0x0000000008001ae0                XMC_SCU_POWER_GetEVR33Voltage
 .text.XMC_SCU_CLOCK_EnableUsbPll
                0x0000000008001b14       0x24 lib_build/xmc4_scu.o
                0x0000000008001b14                XMC_SCU_CLOCK_EnableUsbPll
 .text.XMC_SCU_CLOCK_DisableUsbPll
                0x0000000008001b38       0x24 lib_build/xmc4_scu.o
                0x0000000008001b38                XMC_SCU_CLOCK_DisableUsbPll
 .text.XMC_SCU_CLOCK_StartUsbPll
                0x0000000008001b5c       0x78 lib_build/xmc4_scu.o
                0x0000000008001b5c                XMC_SCU_CLOCK_StartUsbPll
 .text.XMC_SCU_CLOCK_StopUsbPll
                0x0000000008001bd4       0x1c lib_build/xmc4_scu.o
                0x0000000008001bd4                XMC_SCU_CLOCK_StopUsbPll
 .text.XMC_SCU_CLOCK_SetBackupClockCalibrationMode
                0x0000000008001bf0       0x4c lib_build/xmc4_scu.o
                0x0000000008001bf0                XMC_SCU_CLOCK_SetBackupClockCalibrationMode
 .text.XMC_SCU_POWER_EnableUsb
                0x0000000008001c3c       0x1c lib_build/xmc4_scu.o
                0x0000000008001c3c                XMC_SCU_POWER_EnableUsb
 .text.XMC_SCU_POWER_DisableUsb
                0x0000000008001c58       0x1c lib_build/xmc4_scu.o
                0x0000000008001c58                XMC_SCU_POWER_DisableUsb
 .text.XMC_SCU_CLOCK_IsUsbPllLocked
                0x0000000008001c74       0x24 lib_build/xmc4_scu.o
                0x0000000008001c74                XMC_SCU_CLOCK_IsUsbPllLocked
 .text.XMC_SCU_HIB_EnableHibernateDomain
                0x0000000008001c98       0x58 lib_build/xmc4_scu.o
                0x0000000008001c98                XMC_SCU_HIB_EnableHibernateDomain
 .text.XMC_SCU_HIB_DisableHibernateDomain
                0x0000000008001cf0       0x24 lib_build/xmc4_scu.o
                0x0000000008001cf0                XMC_SCU_HIB_DisableHibernateDomain
 .text.XMC_SCU_HIB_IsHibernateDomainEnabled
                0x0000000008001d14       0x3c lib_build/xmc4_scu.o
                0x0000000008001d14                XMC_SCU_HIB_IsHibernateDomainEnabled
 .text.XMC_SCU_HIB_EnableInternalSlowClock
                0x0000000008001d50       0x34 lib_build/xmc4_scu.o
                0x0000000008001d50                XMC_SCU_HIB_EnableInternalSlowClock
 .text.XMC_SCU_HIB_DisableInternalSlowClock
                0x0000000008001d84       0x34 lib_build/xmc4_scu.o
                0x0000000008001d84                XMC_SCU_HIB_DisableInternalSlowClock
 .text.XMC_SCU_HIB_ClearEventStatus
                0x0000000008001db8       0x34 lib_build/xmc4_scu.o
                0x0000000008001db8                XMC_SCU_HIB_ClearEventStatus
 .text.XMC_SCU_HIB_TriggerEvent
                0x0000000008001dec       0x34 lib_build/xmc4_scu.o
                0x0000000008001dec                XMC_SCU_HIB_TriggerEvent
 .text.XMC_SCU_HIB_EnableEvent
                0x0000000008001e20       0x38 lib_build/xmc4_scu.o
                0x0000000008001e20                XMC_SCU_HIB_EnableEvent
 .text.XMC_SCU_HIB_DisableEvent
                0x0000000008001e58       0x3c lib_build/xmc4_scu.o
                0x0000000008001e58                XMC_SCU_HIB_DisableEvent
 .text.XMC_SCU_HIB_EnterHibernateState
                0x0000000008001e94       0x34 lib_build/xmc4_scu.o
                0x0000000008001e94                XMC_SCU_HIB_EnterHibernateState
 .text.XMC_SCU_HIB_EnterHibernateStateEx
                0x0000000008001ec8       0x1c lib_build/xmc4_scu.o
                0x0000000008001ec8                XMC_SCU_HIB_EnterHibernateStateEx
 .text.XMC_SCU_HIB_SetWakeupTriggerInput
                0x0000000008001ee4       0x50 lib_build/xmc4_scu.o
                0x0000000008001ee4                XMC_SCU_HIB_SetWakeupTriggerInput
 .text.XMC_SCU_HIB_SetPinMode
                0x0000000008001f34       0x54 lib_build/xmc4_scu.o
                0x0000000008001f34                XMC_SCU_HIB_SetPinMode
 .text.XMC_SCU_HIB_SetPinOutputLevel
                0x0000000008001f88       0x58 lib_build/xmc4_scu.o
                0x0000000008001f88                XMC_SCU_HIB_SetPinOutputLevel
 .text.XMC_SCU_HIB_SetInput0
                0x0000000008001fe0       0x50 lib_build/xmc4_scu.o
                0x0000000008001fe0                XMC_SCU_HIB_SetInput0
 .text.XMC_SCU_HIB_SetSR0Input
                0x0000000008002030       0x40 lib_build/xmc4_scu.o
                0x0000000008002030                XMC_SCU_HIB_SetSR0Input
 .text.XMC_SCU_CLOCK_IsLowPowerOscillatorStable
                0x0000000008002070       0x24 lib_build/xmc4_scu.o
                0x0000000008002070                XMC_SCU_CLOCK_IsLowPowerOscillatorStable
 .text.XMC_SCU_CLOCK_EnableLowPowerOscillator
                0x0000000008002094       0x6c lib_build/xmc4_scu.o
                0x0000000008002094                XMC_SCU_CLOCK_EnableLowPowerOscillator
 .text.XMC_SCU_CLOCK_DisableLowPowerOscillator
                0x0000000008002100       0x34 lib_build/xmc4_scu.o
                0x0000000008002100                XMC_SCU_CLOCK_DisableLowPowerOscillator
 .text.XMC_SCU_CLOCK_EnableLowPowerOscillatorGeneralPurposeInput
                0x0000000008002134       0x34 lib_build/xmc4_scu.o
                0x0000000008002134                XMC_SCU_CLOCK_EnableLowPowerOscillatorGeneralPurposeInput
 .text.XMC_SCU_CLOCK_DisableLowPowerOscillatorGeneralPurposeInput
                0x0000000008002168       0x38 lib_build/xmc4_scu.o
                0x0000000008002168                XMC_SCU_CLOCK_DisableLowPowerOscillatorGeneralPurposeInput
 .text.XMC_SCU_CLOCK_GetLowPowerOscillatorGeneralPurposeInputStatus
                0x00000000080021a0       0x1c lib_build/xmc4_scu.o
                0x00000000080021a0                XMC_SCU_CLOCK_GetLowPowerOscillatorGeneralPurposeInputStatus
 .text.XMC_SCU_CLOCK_EnableHighPerformanceOscillator
                0x00000000080021bc       0x50 lib_build/xmc4_scu.o
                0x00000000080021bc                XMC_SCU_CLOCK_EnableHighPerformanceOscillator
 .text.XMC_SCU_CLOCK_IsHighPerformanceOscillatorStable
                0x000000000800220c       0x28 lib_build/xmc4_scu.o
                0x000000000800220c                XMC_SCU_CLOCK_IsHighPerformanceOscillatorStable
 .text.XMC_SCU_CLOCK_DisableHighPerformanceOscillator
                0x0000000008002234       0x20 lib_build/xmc4_scu.o
                0x0000000008002234                XMC_SCU_CLOCK_DisableHighPerformanceOscillator
 .text.XMC_SCU_CLOCK_EnableHighPerformanceOscillatorGeneralPurposeInput
                0x0000000008002254       0x20 lib_build/xmc4_scu.o
                0x0000000008002254                XMC_SCU_CLOCK_EnableHighPerformanceOscillatorGeneralPurposeInput
 .text.XMC_SCU_CLOCK_DisableHighPerformanceOscillatorGeneralPurposeInput
                0x0000000008002274       0x20 lib_build/xmc4_scu.o
                0x0000000008002274                XMC_SCU_CLOCK_DisableHighPerformanceOscillatorGeneralPurposeInput
 .text.XMC_SCU_CLOCK_GetHighPerformanceOscillatorGeneralPurposeInputStatus
                0x0000000008002294       0x1c lib_build/xmc4_scu.o
                0x0000000008002294                XMC_SCU_CLOCK_GetHighPerformanceOscillatorGeneralPurposeInputStatus
 .text.XMC_SCU_CLOCK_EnableSystemPll
                0x00000000080022b0       0x24 lib_build/xmc4_scu.o
                0x00000000080022b0                XMC_SCU_CLOCK_EnableSystemPll
 .text.XMC_SCU_CLOCK_DisableSystemPll
                0x00000000080022d4       0x24 lib_build/xmc4_scu.o
                0x00000000080022d4                XMC_SCU_CLOCK_DisableSystemPll
 .text.XMC_SCU_CLOCK_StartSystemPll
                0x00000000080022f8      0x178 lib_build/xmc4_scu.o
                0x00000000080022f8                XMC_SCU_CLOCK_StartSystemPll
 .text.XMC_SCU_CLOCK_StopSystemPll
                0x0000000008002470       0x20 lib_build/xmc4_scu.o
                0x0000000008002470                XMC_SCU_CLOCK_StopSystemPll
 .text.XMC_SCU_CLOCK_StepSystemPllFrequency
                0x0000000008002490       0x30 lib_build/xmc4_scu.o
                0x0000000008002490                XMC_SCU_CLOCK_StepSystemPllFrequency
 .text.XMC_SCU_CLOCK_IsSystemPllLocked
                0x00000000080024c0       0x24 lib_build/xmc4_scu.o
                0x00000000080024c0                XMC_SCU_CLOCK_IsSystemPllLocked
 .text.XMC_SCU_INTERRUPT_SetEventHandler
                0x00000000080024e4       0x58 lib_build/xmc4_scu.o
                0x00000000080024e4                XMC_SCU_INTERRUPT_SetEventHandler
 .text.XMC_SCU_IRQHandler
                0x000000000800253c       0x60 lib_build/xmc4_scu.o
                0x000000000800253c                XMC_SCU_IRQHandler
 .text          0x000000000800259c        0x0 lib_build/xmc_gpio.o
 .text.XMC_GPIO_SetMode
                0x000000000800259c       0x82 lib_build/xmc_gpio.o
                0x000000000800259c                XMC_GPIO_SetMode
 .text.XMC_GPIO_SetHardwareControl
                0x000000000800261e       0x46 lib_build/xmc_gpio.o
                0x000000000800261e                XMC_GPIO_SetHardwareControl
 .text          0x0000000008002664        0x0 lib_build/HIDClassDevice.o
 .text.HID_Device_ProcessControlRequest
                0x0000000008002664      0x3c0 lib_build/HIDClassDevice.o
                0x0000000008002664                HID_Device_ProcessControlRequest
 .text.HID_Device_ConfigureEndpoints
                0x0000000008002a24       0x50 lib_build/HIDClassDevice.o
                0x0000000008002a24                HID_Device_ConfigureEndpoints
 .text.HID_Device_USBTask
                0x0000000008002a74      0x1b0 lib_build/HIDClassDevice.o
                0x0000000008002a74                HID_Device_USBTask
 .text          0x0000000008002c24        0x0 lib_build/memcpy.o
 .text.thumb2_memcpy
                0x0000000008002c24       0x3e lib_build/memcpy.o
                0x0000000008002c24                thumb2_memcpy
 .text          0x0000000008002c62        0x0 lib_build/Endpoint_XMC4000.o
 *fill*         0x0000000008002c62        0x2 
 .text.__NVIC_EnableIRQ
                0x0000000008002c64       0x3c lib_build/Endpoint_XMC4000.o
 .text.__NVIC_DisableIRQ
                0x0000000008002ca0       0x44 lib_build/Endpoint_XMC4000.o
 .text.Endpoint_WaitUntilReady
                0x0000000008002ce4      0x124 lib_build/Endpoint_XMC4000.o
                0x0000000008002ce4                Endpoint_WaitUntilReady
 .text.Endpoint_ClearOUT
                0x0000000008002e08       0x98 lib_build/Endpoint_XMC4000.o
                0x0000000008002e08                Endpoint_ClearOUT
 .text.Endpoint_ClearIN
                0x0000000008002ea0       0xf0 lib_build/Endpoint_XMC4000.o
                0x0000000008002ea0                Endpoint_ClearIN
 .text.Endpoint_IsReadWriteAllowed
                0x0000000008002f90       0x64 lib_build/Endpoint_XMC4000.o
                0x0000000008002f90                Endpoint_IsReadWriteAllowed
 .text.Endpoint_Write_8
                0x0000000008002ff4       0x68 lib_build/Endpoint_XMC4000.o
                0x0000000008002ff4                Endpoint_Write_8
 .text.Endpoint_Read_8
                0x000000000800305c       0x70 lib_build/Endpoint_XMC4000.o
                0x000000000800305c                Endpoint_Read_8
 .text.Endpoint_Write_32_LE
                0x00000000080030cc       0x68 lib_build/Endpoint_XMC4000.o
                0x00000000080030cc                Endpoint_Write_32_LE
 .text.Endpoint_Read_32_LE
                0x0000000008003134       0x70 lib_build/Endpoint_XMC4000.o
                0x0000000008003134                Endpoint_Read_32_LE
 .text.Endpoint_ConfigureEndpointTable
                0x00000000080031a4      0x150 lib_build/Endpoint_XMC4000.o
                0x00000000080031a4                Endpoint_ConfigureEndpointTable
 .text          0x00000000080032f4        0x0 lib_build/EndpointStream_XMC4000.o
 .text.Endpoint_Write_Stream_LE
                0x00000000080032f4      0x114 lib_build/EndpointStream_XMC4000.o
                0x00000000080032f4                Endpoint_Write_Stream_LE
 .text.SwapCopy
                0x0000000008003408       0x44 lib_build/EndpointStream_XMC4000.o
                0x0000000008003408                SwapCopy
 .text.Endpoint_Write_Stream_BE
                0x000000000800344c       0xe8 lib_build/EndpointStream_XMC4000.o
                0x000000000800344c                Endpoint_Write_Stream_BE
 .text.Endpoint_Read_Stream_LE
                0x0000000008003534       0xf0 lib_build/EndpointStream_XMC4000.o
                0x0000000008003534                Endpoint_Read_Stream_LE
 .text.Endpoint_Read_Stream_BE
                0x0000000008003624       0xf0 lib_build/EndpointStream_XMC4000.o
                0x0000000008003624                Endpoint_Read_Stream_BE
 .text.Endpoint_Write_Control_Stream_LE
                0x0000000008003714       0x70 lib_build/EndpointStream_XMC4000.o
                0x0000000008003714                Endpoint_Write_Control_Stream_LE
 .text.Endpoint_Write_Control_Stream_BE
                0x0000000008003784       0x20 lib_build/EndpointStream_XMC4000.o
                0x0000000008003784                Endpoint_Write_Control_Stream_BE
 .text.Endpoint_Read_Control_Stream_LE
                0x00000000080037a4       0x68 lib_build/EndpointStream_XMC4000.o
                0x00000000080037a4                Endpoint_Read_Control_Stream_LE
 .text.Endpoint_Read_Control_Stream_BE
                0x000000000800380c       0x20 lib_build/EndpointStream_XMC4000.o
                0x000000000800380c                Endpoint_Read_Control_Stream_BE
 .text.Endpoint_Null_Stream
                0x000000000800382c       0xdc lib_build/EndpointStream_XMC4000.o
                0x000000000800382c                Endpoint_Null_Stream
 .text          0x0000000008003908        0x0 lib_build/USBController_XMC4000.o
 .text.USBD_HandleEP0_Stall
                0x0000000008003908       0x2c lib_build/USBController_XMC4000.o
                0x0000000008003908                USBD_HandleEP0_Stall
 .text.USB_Device_ProcessControlRequest
                0x0000000008003934      0x43c lib_build/USBController_XMC4000.o
                0x0000000008003934                USB_Device_ProcessControlRequest
 .text.USBD_HandleEP0_IN
                0x0000000008003d70       0x4c lib_build/USBController_XMC4000.o
                0x0000000008003d70                USBD_HandleEP0_IN
 .text.USBD_HandleEP0_OUT
                0x0000000008003dbc       0x54 lib_build/USBController_XMC4000.o
                0x0000000008003dbc                USBD_HandleEP0_OUT
 .text.USBD_HandleEP0_SETUP
                0x0000000008003e10       0x94 lib_build/USBController_XMC4000.o
                0x0000000008003e10                USBD_HandleEP0_SETUP
 .text.USBD_SignalDeviceEventHandler
                0x0000000008003ea4      0x228 lib_build/USBController_XMC4000.o
                0x0000000008003ea4                USBD_SignalDeviceEventHandler
 .text.USBD_SignalEndpointEvent_Handler
                0x00000000080040cc      0x19c lib_build/USBController_XMC4000.o
                0x00000000080040cc                USBD_SignalEndpointEvent_Handler
 .text.USBD_Initialize
                0x0000000008004268       0xcc lib_build/USBController_XMC4000.o
                0x0000000008004268                USBD_Initialize
 .text.USB_IsEnumDone
                0x0000000008004334       0x20 lib_build/USBController_XMC4000.o
                0x0000000008004334                USB_IsEnumDone
 .text.USBD_SetEndpointBuffer
                0x0000000008004354       0x7c lib_build/USBController_XMC4000.o
                0x0000000008004354                USBD_SetEndpointBuffer
 .text          0x00000000080043d0        0x0 lib_build/xmc_usbd.o
 .text.XMC_USBD_lDeviceActive
                0x00000000080043d0       0x68 lib_build/xmc_usbd.o
                0x00000000080043d0                XMC_USBD_lDeviceActive
 .text.XMC_USBD_lReadFifo
                0x0000000008004438       0xe8 lib_build/xmc_usbd.o
 .text.XMC_USBD_lWriteFifo
                0x0000000008004520       0xa4 lib_build/xmc_usbd.o
 .text.XMC_USBD_lFlushTXFifo
                0x00000000080045c4       0x7c lib_build/xmc_usbd.o
 .text.XMC_USBD_lFlushRXFifo
                0x0000000008004640       0x68 lib_build/xmc_usbd.o
 .text.XMC_USBD_lAssignTXFifo
                0x00000000080046a8       0x70 lib_build/xmc_usbd.o
 .text.XMC_USBD_lUnassignFifo
                0x0000000008004718       0x38 lib_build/xmc_usbd.o
 .text.XMC_USBD_lStartReadXfer
                0x0000000008004750      0x178 lib_build/xmc_usbd.o
 .text.XMC_USBD_lStartWriteXfer
                0x00000000080048c8      0x198 lib_build/xmc_usbd.o
 .text.XMC_USBD_lHandleUSBReset
                0x0000000008004a60      0x150 lib_build/xmc_usbd.o
 .text.XMC_USBD_lHandleOTGInt
                0x0000000008004bb0       0x48 lib_build/xmc_usbd.o
 .text.XMC_USBD_lHandleEnumDone
                0x0000000008004bf8       0x78 lib_build/xmc_usbd.o
 .text.XMC_USBD_lHandleOEPInt
                0x0000000008004c70      0x1bc lib_build/xmc_usbd.o
 .text.XMC_USBD_lHandleIEPInt
                0x0000000008004e2c      0x1bc lib_build/xmc_usbd.o
 .text.XMC_USBD_lHandleRxFLvl
                0x0000000008004fe8       0x84 lib_build/xmc_usbd.o
 .text.XMC_USBD_IRQHandler
                0x000000000800506c      0x150 lib_build/xmc_usbd.o
                0x000000000800506c                XMC_USBD_IRQHandler
 .text.XMC_USBD_Enable
                0x00000000080051bc       0x18 lib_build/xmc_usbd.o
                0x00000000080051bc                XMC_USBD_Enable
 .text.XMC_USBD_Disable
                0x00000000080051d4       0x18 lib_build/xmc_usbd.o
                0x00000000080051d4                XMC_USBD_Disable
 .text.XMC_USBD_ClearEvent
                0x00000000080051ec       0xcc lib_build/xmc_usbd.o
                0x00000000080051ec                XMC_USBD_ClearEvent
 .text.XMC_USBD_lClearEventOTG
                0x00000000080052b8       0x2c lib_build/xmc_usbd.o
 .text.XMC_USBD_ClearEventINEP
                0x00000000080052e4       0x30 lib_build/xmc_usbd.o
                0x00000000080052e4                XMC_USBD_ClearEventINEP
 .text.XMC_USBD_ClearEventOUTEP
                0x0000000008005314       0x30 lib_build/xmc_usbd.o
                0x0000000008005314                XMC_USBD_ClearEventOUTEP
 .text.XMC_USBD_EnableEventOUTEP
                0x0000000008005344       0x30 lib_build/xmc_usbd.o
                0x0000000008005344                XMC_USBD_EnableEventOUTEP
 .text.XMC_USBD_EnableEventINEP
                0x0000000008005374       0x30 lib_build/xmc_usbd.o
                0x0000000008005374                XMC_USBD_EnableEventINEP
 .text.XMC_USBD_GetCapabilities
                0x00000000080053a4       0x68 lib_build/xmc_usbd.o
                0x00000000080053a4                XMC_USBD_GetCapabilities
 .text.XMC_USBD_Init
                0x000000000800540c      0x23c lib_build/xmc_usbd.o
                0x000000000800540c                XMC_USBD_Init
 .text.XMC_USBD_Uninitialize
                0x0000000008005648       0x3c lib_build/xmc_usbd.o
                0x0000000008005648                XMC_USBD_Uninitialize
 .text.XMC_USBD_DeviceConnect
                0x0000000008005684       0x34 lib_build/xmc_usbd.o
                0x0000000008005684                XMC_USBD_DeviceConnect
 .text.XMC_USBD_DeviceDisconnect
                0x00000000080056b8       0x34 lib_build/xmc_usbd.o
                0x00000000080056b8                XMC_USBD_DeviceDisconnect
 .text.XMC_USBD_DeviceGetState
                0x00000000080056ec       0x64 lib_build/xmc_usbd.o
                0x00000000080056ec                XMC_USBD_DeviceGetState
 .text.XMC_USBD_EndpointReadStart
                0x0000000008005750       0x88 lib_build/xmc_usbd.o
                0x0000000008005750                XMC_USBD_EndpointReadStart
 .text.XMC_USBD_EndpointRead
                0x00000000080057d8       0x78 lib_build/xmc_usbd.o
                0x00000000080057d8                XMC_USBD_EndpointRead
 .text.XMC_USBD_EndpointWrite
                0x0000000008005850       0xa4 lib_build/xmc_usbd.o
                0x0000000008005850                XMC_USBD_EndpointWrite
 .text.XMC_USBD_DeviceSetAddress
                0x00000000080058f4       0x4c lib_build/xmc_usbd.o
                0x00000000080058f4                XMC_USBD_DeviceSetAddress
 .text.XMC_USBD_EndpointStall
                0x0000000008005940      0x14c lib_build/xmc_usbd.o
                0x0000000008005940                XMC_USBD_EndpointStall
 .text.XMC_USBD_EndpointAbort
                0x0000000008005a8c       0x88 lib_build/xmc_usbd.o
                0x0000000008005a8c                XMC_USBD_EndpointAbort
 .text.XMC_USBD_EndpointConfigure
                0x0000000008005b14      0x2e8 lib_build/xmc_usbd.o
                0x0000000008005b14                XMC_USBD_EndpointConfigure
 .text.XMC_USBD_EndpointUnconfigure
                0x0000000008005dfc      0x170 lib_build/xmc_usbd.o
                0x0000000008005dfc                XMC_USBD_EndpointUnconfigure
 .text.XMC_USBD_GetFrameNumber
                0x0000000008005f6c       0x2c lib_build/xmc_usbd.o
                0x0000000008005f6c                XMC_USBD_GetFrameNumber
 .text.XMC_USBD_IsEnumDone
                0x0000000008005f98       0x38 lib_build/xmc_usbd.o
                0x0000000008005f98                XMC_USBD_IsEnumDone
 .text          0x0000000008005fd0        0x0 lib_build/ConfigDescriptors.o
 .text.USB_GetNextDescriptor
                0x0000000008005fd0       0x4c lib_build/ConfigDescriptors.o
 .text.USB_GetNextDescriptorOfType
                0x000000000800601c       0x36 lib_build/ConfigDescriptors.o
                0x000000000800601c                USB_GetNextDescriptorOfType
 .text.USB_GetNextDescriptorOfTypeBefore
                0x0000000008006052       0x52 lib_build/ConfigDescriptors.o
                0x0000000008006052                USB_GetNextDescriptorOfTypeBefore
 .text.USB_GetNextDescriptorOfTypeAfter
                0x00000000080060a4       0x3e lib_build/ConfigDescriptors.o
                0x00000000080060a4                USB_GetNextDescriptorOfTypeAfter
 .text.USB_GetNextDescriptorComp
                0x00000000080060e2       0x5e lib_build/ConfigDescriptors.o
                0x00000000080060e2                USB_GetNextDescriptorComp
 .text          0x0000000008006140        0x0 lib_build/HostStandardReq.o
 .text          0x0000000008006140        0x0 lib_build/USBTask.o
 .text.USB_USBTask
                0x0000000008006140        0xc lib_build/USBTask.o
                0x0000000008006140                USB_USBTask
 .text.USB_DeviceTask
                0x000000000800614c       0x84 lib_build/USBTask.o
 .text          0x00000000080061d0        0x0 lib_build/Events.o
 .text.USB_Event_Stub
                0x00000000080061d0        0xe lib_build/Events.o
                0x00000000080061d0                EVENT_USB_Device_WakeUp
                0x00000000080061d0                USB_Event_Stub
                0x00000000080061d0                EVENT_USB_Device_Suspend
                0x00000000080061d0                EVENT_USB_Device_StartOfFrame
                0x00000000080061d0                EVENT_USB_Device_Disconnect
 .text          0x00000000080061de        0x0 lib_build/startup_XMC4500.o
 .text          0x00000000080061de        0x0 lib_build/system_XMC4500.o
 .text.delay    0x00000000080061de       0x2a lib_build/system_XMC4500.o
 .text.SystemInit
                0x0000000008006208       0x24 lib_build/system_XMC4500.o
                0x0000000008006208                SystemInit
 .text.SystemCoreSetup
                0x000000000800622c       0x70 lib_build/system_XMC4500.o
                0x000000000800622c                SystemCoreSetup
 .text.SystemCoreClockSetup
                0x000000000800629c      0x208 lib_build/system_XMC4500.o
 .text.SystemCoreClockUpdate
                0x00000000080064a4       0xd4 lib_build/system_XMC4500.o
                0x00000000080064a4                SystemCoreClockUpdate
 .text.OSCHP_GetFrequency
                0x0000000008006578       0x14 lib_build/system_XMC4500.o
                0x0000000008006578                OSCHP_GetFrequency
 .text          0x000000000800658c        0x0 lib_build/syscalls.o
 .text._sbrk    0x000000000800658c       0x68 lib_build/syscalls.o
                0x000000000800658c                _sbrk
 .text._init    0x00000000080065f4        0xe lib_build/syscalls.o
                0x00000000080065f4                _init
 *fill*         0x0000000008006602        0x2 
 .text          0x0000000008006604      0x378 /usr/bin/../lib/gcc/arm-none-eabi/7.3.1/thumb/v7e-m/libgcc.a(_arm_addsubdf3.o)
                0x0000000008006604                __aeabi_drsub
                0x000000000800660c                __aeabi_dsub
                0x000000000800660c                __subdf3
                0x0000000008006610                __adddf3
                0x0000000008006610                __aeabi_dadd
                0x0000000008006888                __aeabi_ui2d
                0x0000000008006888                __floatunsidf
                0x00000000080068a8                __floatsidf
                0x00000000080068a8                __aeabi_i2d
                0x00000000080068cc                __extendsfdf2
                0x00000000080068cc                __aeabi_f2d
                0x0000000008006910                __aeabi_ul2d
                0x0000000008006910                __floatundidf
                0x0000000008006920                __floatdidf
                0x0000000008006920                __aeabi_l2d
 .text          0x000000000800697c      0x110 /usr/bin/../lib/gcc/arm-none-eabi/7.3.1/thumb/v7e-m/libgcc.a(_arm_cmpdf2.o)
                0x000000000800697c                __gtdf2
                0x000000000800697c                __gedf2
                0x0000000008006984                __ltdf2
                0x0000000008006984                __ledf2
                0x000000000800698c                __cmpdf2
                0x000000000800698c                __eqdf2
                0x000000000800698c                __nedf2
                0x0000000008006a08                __aeabi_cdrcmple
                0x0000000008006a18                __aeabi_cdcmple
                0x0000000008006a18                __aeabi_cdcmpeq
                0x0000000008006a28                __aeabi_dcmpeq
                0x0000000008006a3c                __aeabi_dcmplt
                0x0000000008006a50                __aeabi_dcmple
                0x0000000008006a64                __aeabi_dcmpge
                0x0000000008006a78                __aeabi_dcmpgt
 .text          0x0000000008006a8c        0x0 /usr/bin/../lib/gcc/arm-none-eabi/7.3.1/../../../../arm-none-eabi/lib/thumb/v7e-m/libg.a(lib_a-errno.o)
 .text.__errno  0x0000000008006a8c        0xc /usr/bin/../lib/gcc/arm-none-eabi/7.3.1/../../../../arm-none-eabi/lib/thumb/v7e-m/libg.a(lib_a-errno.o)
                0x0000000008006a8c                __errno
 .text          0x0000000008006a98        0x0 /usr/bin/../lib/gcc/arm-none-eabi/7.3.1/../../../../arm-none-eabi/lib/thumb/v7e-m/libg.a(lib_a-impure.o)
 .text          0x0000000008006a98        0x0 /usr/bin/../lib/gcc/arm-none-eabi/7.3.1/../../../../arm-none-eabi/lib/thumb/v7e-m/libg.a(lib_a-init.o)
 .text.__libc_init_array
                0x0000000008006a98       0x48 /usr/bin/../lib/gcc/arm-none-eabi/7.3.1/../../../../arm-none-eabi/lib/thumb/v7e-m/libg.a(lib_a-init.o)
                0x0000000008006a98                __libc_init_array
 .text          0x0000000008006ae0        0x0 /usr/bin/../lib/gcc/arm-none-eabi/7.3.1/../../../../arm-none-eabi/lib/thumb/v7e-m/libg.a(lib_a-memcmp.o)
 .text.memcmp   0x0000000008006ae0       0x64 /usr/bin/../lib/gcc/arm-none-eabi/7.3.1/../../../../arm-none-eabi/lib/thumb/v7e-m/libg.a(lib_a-memcmp.o)
                0x0000000008006ae0                memcmp
 .text          0x0000000008006b44      0x134 /usr/bin/../lib/gcc/arm-none-eabi/7.3.1/../../../../arm-none-eabi/lib/thumb/v7e-m/libg.a(lib_a-memcpy.o)
                0x0000000008006b44                memcpy
 .text          0x0000000008006c78        0x0 /usr/bin/../lib/gcc/arm-none-eabi/7.3.1/../../../../arm-none-eabi/lib/thumb/v7e-m/libg.a(lib_a-memset.o)
 .text.memset   0x0000000008006c78       0x94 /usr/bin/../lib/gcc/arm-none-eabi/7.3.1/../../../../arm-none-eabi/lib/thumb/v7e-m/libg.a(lib_a-memset.o)
                0x0000000008006c78                memset
 *(.init)
 *(.fini)
 *crtbegin.o(.ctors)
 *crtbegin?.o(.ctors)
 *(EXCLUDE_FILE(*crtend.o *crtend?.o) .ctors)
 *(SORT_BY_NAME(.ctors.*))
 *(.ctors)
 *crtbegin.o(.dtors)
 *crtbegin?.o(.dtors)
 *(EXCLUDE_FILE(*crtend.o *crtend?.o) .dtors)
 *(SORT_BY_NAME(.dtors.*))
 *(.dtors)
 *(.rodata .rodata.*)
 .rodata        0x0000000008006d0c       0xc2 build/main.o
                0x0000000008006d0c                clock_config
 *fill*         0x0000000008006dce        0x2 
 .rodata        0x0000000008006dd0      0x11e build/Descriptors.o
                0x0000000008006dd0                KeyboardReport
                0x0000000008006e10                DeviceDescriptor
                0x0000000008006e24                ConfigurationDescriptor
                0x0000000008006e48                LanguageString
                0x0000000008006e50                ManufacturerString
                0x0000000008006ea4                ProductString
 *fill*         0x0000000008006eee        0x2 
 .rodata        0x0000000008006ef0       0x40 lib_build/xmc_usbd.o
                0x0000000008006ef0                Driver_USBD0
 .rodata._global_impure_ptr
                0x0000000008006f30        0x4 /usr/bin/../lib/gcc/arm-none-eabi/7.3.1/../../../../arm-none-eabi/lib/thumb/v7e-m/libg.a(lib_a-impure.o)
                0x0000000008006f30                _global_impure_ptr
 *(.gnu.linkonce.r*)
 *(vtable)
                0x0000000008006f34                . = ALIGN (0x4)

.glue_7         0x0000000008006f34        0x0 load address 0x000000000c006f34
 .glue_7        0x0000000008006f34        0x0 linker stubs

.glue_7t        0x0000000008006f34        0x0 load address 0x000000000c006f34
 .glue_7t       0x0000000008006f34        0x0 linker stubs

.vfp11_veneer   0x0000000008006f34        0x0 load address 0x000000000c006f34
 .vfp11_veneer  0x0000000008006f34        0x0 linker stubs

.v4_bx          0x0000000008006f34        0x0 load address 0x000000000c006f34
 .v4_bx         0x0000000008006f34        0x0 linker stubs

.iplt           0x0000000008006f34        0x0 load address 0x000000000c006f34
 .iplt          0x0000000008006f34        0x0 build/main.o

.rel.dyn        0x0000000008006f34        0x0 load address 0x000000000c006f34
 .rel.iplt      0x0000000008006f34        0x0 build/main.o

.eh_frame_hdr
 *(.eh_frame_hdr)

.eh_frame
 *(.eh_frame)

.ARM.extab
 *(.ARM.extab* .gnu.linkonce.armextab.*)
                0x0000000008006f34                . = ALIGN (0x4)
                0x0000000008006f34                __exidx_start = .

.ARM.exidx
 *(.ARM.exidx* .gnu.linkonce.armexidx.*)
                0x0000000008006f34                __exidx_end = .
                0x0000000008006f34                . = ALIGN (0x4)

Stack           0x0000000010000000      0x800
                0x0000000010000000                __stack_start = .
                0x0000000010000800                . = (. + stack_size)
 *fill*         0x0000000010000000      0x800 
                0x0000000010000800                __stack_end = .
                0x0000000010000800                __initial_sp = .

.ram_code       0x0000000010000800        0x0 load address 0x000000000c006f34
                0x0000000010000800                . = ALIGN (0x4)
                0x0000000010000800                __ram_code_start = .
 *(.ram_code)
                0x0000000010000800                . = ALIGN (0x4)
                0x0000000010000800                __ram_code_end = .
                0x000000000c006f34                __ram_code_load = LOADADDR (.ram_code)
                0x0000000000000000                __ram_code_size = (__ram_code_end - __ram_code_start)

PSRAM_DATA      0x0000000010000800        0x0 load address 0x000000000c006f34
                0x0000000010000800                . = ALIGN (0x4)
                0x0000000010000800                __data3_start = .
 *(PSRAM_DATA)
                0x0000000010000800                . = ALIGN (0x4)
                0x0000000010000800                __data3_end = .
                0x000000000c006f34                __data3_load = LOADADDR (PSRAM_DATA)
                0x0000000000000000                __data3_size = (__data3_end - __data3_start)

PSRAM_BSS       0x0000000010000800        0x0 load address 0x000000000c006f34
                0x0000000010000800                . = ALIGN (0x4)
                0x0000000010000800                __bss3_start = .
 *(PSRAM_BSS)
                0x0000000010000800                . = ALIGN (0x4)
                0x0000000010000800                __bss3_end = .
                0x0000000010000800                . = ALIGN (0x8)
                0x0000000010000800                Heap_Bank3_Start = .
                0x0000000000000000                __bss3_size = (__bss3_end - __bss3_start)

.data           0x0000000020000000      0x480 load address 0x000000000c006f34
                0x0000000020000000                . = ALIGN (0x4)
                0x0000000020000000                __data_start = .
 *(.data)
 .data          0x0000000020000000       0x2c build/main.o
                0x0000000020000000                first_time
 .data          0x000000002000002c       0x28 build/KeyboardHID.o
                0x000000002000002c                Keyboard_HID_Interface
                0x0000000020000044                USB_runtime
 .data          0x0000000020000054        0x0 build/Descriptors.o
 .data          0x0000000020000054        0x0 lib_build/xmc4_scu.o
 .data          0x0000000020000054        0x0 lib_build/xmc_gpio.o
 .data          0x0000000020000054        0x0 lib_build/HIDClassDevice.o
 .data          0x0000000020000054        0x0 lib_build/memcpy.o
 .data          0x0000000020000054        0x0 lib_build/Endpoint_XMC4000.o
 .data          0x0000000020000054        0x0 lib_build/EndpointStream_XMC4000.o
 .data          0x0000000020000054        0x0 lib_build/USBController_XMC4000.o
 .data          0x0000000020000054        0x0 lib_build/xmc_usbd.o
 .data          0x0000000020000054        0x0 lib_build/ConfigDescriptors.o
 .data          0x0000000020000054        0x0 lib_build/HostStandardReq.o
 .data          0x0000000020000054        0x0 lib_build/USBTask.o
 .data          0x0000000020000054        0x0 lib_build/Events.o
 .data          0x0000000020000054        0x0 lib_build/startup_XMC4500.o
 .data          0x0000000020000054        0x0 lib_build/system_XMC4500.o
 .data          0x0000000020000054        0x0 lib_build/syscalls.o
 .data          0x0000000020000054        0x0 /usr/bin/../lib/gcc/arm-none-eabi/7.3.1/thumb/v7e-m/libgcc.a(_arm_addsubdf3.o)
 .data          0x0000000020000054        0x0 /usr/bin/../lib/gcc/arm-none-eabi/7.3.1/thumb/v7e-m/libgcc.a(_arm_cmpdf2.o)
 .data          0x0000000020000054        0x0 /usr/bin/../lib/gcc/arm-none-eabi/7.3.1/../../../../arm-none-eabi/lib/thumb/v7e-m/libg.a(lib_a-errno.o)
 .data          0x0000000020000054        0x0 /usr/bin/../lib/gcc/arm-none-eabi/7.3.1/../../../../arm-none-eabi/lib/thumb/v7e-m/libg.a(lib_a-impure.o)
 .data          0x0000000020000054        0x0 /usr/bin/../lib/gcc/arm-none-eabi/7.3.1/../../../../arm-none-eabi/lib/thumb/v7e-m/libg.a(lib_a-init.o)
 .data          0x0000000020000054        0x0 /usr/bin/../lib/gcc/arm-none-eabi/7.3.1/../../../../arm-none-eabi/lib/thumb/v7e-m/libg.a(lib_a-memcmp.o)
 .data          0x0000000020000054        0x0 /usr/bin/../lib/gcc/arm-none-eabi/7.3.1/../../../../arm-none-eabi/lib/thumb/v7e-m/libg.a(lib_a-memcpy.o)
 .data          0x0000000020000054        0x0 /usr/bin/../lib/gcc/arm-none-eabi/7.3.1/../../../../arm-none-eabi/lib/thumb/v7e-m/libg.a(lib_a-memset.o)
 *(.data*)
 .data._impure_ptr
                0x0000000020000054        0x4 /usr/bin/../lib/gcc/arm-none-eabi/7.3.1/../../../../arm-none-eabi/lib/thumb/v7e-m/libg.a(lib_a-impure.o)
                0x0000000020000054                _impure_ptr
 .data.impure_data
                0x0000000020000058      0x428 /usr/bin/../lib/gcc/arm-none-eabi/7.3.1/../../../../arm-none-eabi/lib/thumb/v7e-m/libg.a(lib_a-impure.o)
 *(*.data)
 *(.gnu.linkonce.d*)
                0x0000000020000480                . = ALIGN (0x4)
                0x0000000020000480                PROVIDE (__preinit_array_start = .)
 *(.preinit_array)
                0x0000000020000480                PROVIDE (__preinit_array_end = .)
                0x0000000020000480                . = ALIGN (0x4)
                0x0000000020000480                PROVIDE (__init_array_start = .)
 *(SORT_BY_NAME(.init_array.*))
 *(.init_array)
                0x0000000020000480                PROVIDE (__init_array_end = .)
                0x0000000020000480                . = ALIGN (0x4)
                [!provide]                        PROVIDE (__fini_array_start = .)
 *(SORT_BY_NAME(.fini_array.*))
 *(.fini_array)
                [!provide]                        PROVIDE (__fini_array_end = .)
                0x0000000020000480                . = ALIGN (0x4)
                0x0000000020000480                __data_end = .
                0x000000000c006f34                __data_load = LOADADDR (.data)
                0x0000000000000480                __data_size = (__data_end - __data_start)

.igot.plt       0x0000000020000480        0x0 load address 0x000000000c0073b4
 .igot.plt      0x0000000020000480        0x0 build/main.o

.bss            0x0000000020000480      0x7a8 load address 0x000000000c0073b4
                0x0000000020000480                . = ALIGN (0x4)
                0x0000000020000480                __bss_start = .
 *(.bss)
 .bss           0x0000000020000480      0x176 build/main.o
 *fill*         0x00000000200005f6        0x2 
 .bss           0x00000000200005f8        0x8 build/KeyboardHID.o
 .bss           0x0000000020000600        0x0 build/Descriptors.o
 .bss           0x0000000020000600        0x0 lib_build/xmc4_scu.o
 .bss           0x0000000020000600        0x0 lib_build/xmc_gpio.o
 .bss           0x0000000020000600        0x0 lib_build/HIDClassDevice.o
 .bss           0x0000000020000600        0x0 lib_build/memcpy.o
 .bss           0x0000000020000600        0x0 lib_build/Endpoint_XMC4000.o
 .bss           0x0000000020000600        0x1 lib_build/EndpointStream_XMC4000.o
                0x0000000020000600                zlp_flag
 .bss           0x0000000020000601        0x0 lib_build/USBController_XMC4000.o
 *fill*         0x0000000020000601        0x3 
 .bss           0x0000000020000604       0x38 lib_build/xmc_usbd.o
                0x0000000020000604                XMC_USBD_EP_OUT_BUFFERSIZE
                0x0000000020000620                XMC_USBD_EP_IN_BUFFERSIZE
 .bss           0x000000002000063c        0x0 lib_build/ConfigDescriptors.o
 .bss           0x000000002000063c        0x0 lib_build/HostStandardReq.o
 .bss           0x000000002000063c        0x0 lib_build/USBTask.o
 .bss           0x000000002000063c        0x0 lib_build/Events.o
 .bss           0x000000002000063c        0x0 lib_build/startup_XMC4500.o
 .bss           0x000000002000063c        0x0 lib_build/system_XMC4500.o
 .bss           0x000000002000063c        0x8 lib_build/syscalls.o
                0x000000002000063c                __dso_handle
 .bss           0x0000000020000644        0x0 /usr/bin/../lib/gcc/arm-none-eabi/7.3.1/thumb/v7e-m/libgcc.a(_arm_addsubdf3.o)
 .bss           0x0000000020000644        0x0 /usr/bin/../lib/gcc/arm-none-eabi/7.3.1/thumb/v7e-m/libgcc.a(_arm_cmpdf2.o)
 .bss           0x0000000020000644        0x0 /usr/bin/../lib/gcc/arm-none-eabi/7.3.1/../../../../arm-none-eabi/lib/thumb/v7e-m/libg.a(lib_a-errno.o)
 .bss           0x0000000020000644        0x0 /usr/bin/../lib/gcc/arm-none-eabi/7.3.1/../../../../arm-none-eabi/lib/thumb/v7e-m/libg.a(lib_a-impure.o)
 .bss           0x0000000020000644        0x0 /usr/bin/../lib/gcc/arm-none-eabi/7.3.1/../../../../arm-none-eabi/lib/thumb/v7e-m/libg.a(lib_a-init.o)
 .bss           0x0000000020000644        0x0 /usr/bin/../lib/gcc/arm-none-eabi/7.3.1/../../../../arm-none-eabi/lib/thumb/v7e-m/libg.a(lib_a-memcmp.o)
 .bss           0x0000000020000644        0x0 /usr/bin/../lib/gcc/arm-none-eabi/7.3.1/../../../../arm-none-eabi/lib/thumb/v7e-m/libg.a(lib_a-memcpy.o)
 .bss           0x0000000020000644        0x0 /usr/bin/../lib/gcc/arm-none-eabi/7.3.1/../../../../arm-none-eabi/lib/thumb/v7e-m/libg.a(lib_a-memset.o)
 *(.bss*)
 *(COMMON)
 COMMON         0x0000000020000644        0x8 build/KeyboardHID.o
                0x0000000020000644                buffer
 COMMON         0x000000002000064c       0x80 lib_build/xmc4_scu.o
                0x000000002000064c                event_handler_list
 COMMON         0x00000000200006cc      0x340 lib_build/USBController_XMC4000.o
                0x00000000200006cc                endpoint0_in_buffer
                0x00000000200007cc                endpoint0_out_buffer
                0x00000000200008cc                device
 COMMON         0x0000000020000a0c      0x20c lib_build/xmc_usbd.o
                0x0000000020000a0c                usbd_init
                0x0000000020000a10                xmc_device
 COMMON         0x0000000020000c18        0xc lib_build/USBTask.o
                0x0000000020000c18                USB_IsInitialized
                0x0000000020000c19                USB_DeviceState
                0x0000000020000c1c                USB_ControlRequest
 *(.gnu.linkonce.b*)
                0x0000000020000c24                . = ALIGN (0x4)
                0x0000000020000c24                __bss_end = .
                0x0000000020000c28                . = ALIGN (0x8)
 *fill*         0x0000000020000c24        0x4 
                0x0000000020000c28                Heap_Bank1_Start = .
                0x00000000000007a4                __bss_size = (__bss_end - __bss_start)

.no_init        0x000000002000ffc0       0x14
                0x000000002000ffc0                Heap_Bank1_End = .
 *(.no_init)
 .no_init       0x000000002000ffc0       0x14 lib_build/system_XMC4500.o
                0x000000002000ffc0                SystemCoreClock
                0x000000002000ffc4                g_chipid

DSRAM2_DATA     0x0000000030000000        0x0 load address 0x000000000c0073b4
                0x0000000030000000                . = ALIGN (0x4)
                0x0000000030000000                __data2_start = .
 *(DSRAM2_DATA)
                0x0000000030000000                . = ALIGN (0x4)
                0x0000000030000000                __data2_end = .
                0x000000000c0073b4                __data2_load = LOADADDR (DSRAM2_DATA)
                0x0000000000000000                __data2_size = (__data2_end - __data2_start)
                0x00000000000073b4                __text_size = (((((__exidx_end - sText) + __data_size) + __ram_code_size) + __data2_size) + __data3_size)
                0x00000000080073b4                eText = (sText + __text_size)

DSRAM2_BSS      0x0000000030000000      0xe00 load address 0x000000000c0073b4
                0x0000000030000000                . = ALIGN (0x4)
                0x0000000030000000                __bss2_start = .
 *(ETH_RAM)
 *(USB_RAM)
 USB_RAM        0x0000000030000000      0xe00 lib_build/xmc_usbd.o
 *(DSRAM2_BSS)
                0x0000000030000e00                . = ALIGN (0x4)
                0x0000000030000e00                __bss2_end = .
                0x0000000030000e00                . = ALIGN (0x8)
                0x0000000030000e00                Heap_Bank2_Start = .
                0x0000000000000e00                __bss2_size = (__bss2_end - __bss2_start)
                0x000000000000f398                Heap_Bank1_Size = (Heap_Bank1_End - Heap_Bank1_Start)
                0x0000000000007200                Heap_Bank2_Size = (LENGTH (DSRAM_2_comm) - (Heap_Bank2_Start - ORIGIN (DSRAM_2_comm)))
                0x000000000000f800                Heap_Bank3_Size = (LENGTH (PSRAM_1) - (Heap_Bank3_Start - ORIGIN (PSRAM_1)))
                0x0000000000000001                ASSERT ((Heap_Bank1_Start <= Heap_Bank1_End), region SRAM_combined overflowed no_init section)

/DISCARD/
 *(.comment)

.stab
 *(.stab)

.stabstr
 *(.stabstr)

.debug
 *(.debug)

.line
 *(.line)

.debug_srcinfo
 *(.debug_srcinfo)

.debug_sfnames
 *(.debug_sfnames)

.debug_aranges  0x0000000000000000      0x920
 *(.debug_aranges)
 .debug_aranges
                0x0000000000000000       0x78 build/main.o
 .debug_aranges
                0x0000000000000078       0x80 build/KeyboardHID.o
 .debug_aranges
                0x00000000000000f8       0x20 build/Descriptors.o
 .debug_aranges
                0x0000000000000118      0x3c8 lib_build/xmc4_scu.o
 .debug_aranges
                0x00000000000004e0       0x28 lib_build/xmc_gpio.o
 .debug_aranges
                0x0000000000000508       0x30 lib_build/HIDClassDevice.o
 .debug_aranges
                0x0000000000000538       0x20 lib_build/memcpy.o
 .debug_aranges
                0x0000000000000558       0x70 lib_build/Endpoint_XMC4000.o
 .debug_aranges
                0x00000000000005c8       0x68 lib_build/EndpointStream_XMC4000.o
 .debug_aranges
                0x0000000000000630       0x68 lib_build/USBController_XMC4000.o
 .debug_aranges
                0x0000000000000698      0x158 lib_build/xmc_usbd.o
 .debug_aranges
                0x00000000000007f0       0x40 lib_build/ConfigDescriptors.o
 .debug_aranges
                0x0000000000000830       0x18 lib_build/HostStandardReq.o
 .debug_aranges
                0x0000000000000848       0x28 lib_build/USBTask.o
 .debug_aranges
                0x0000000000000870       0x20 lib_build/Events.o
 .debug_aranges
                0x0000000000000890       0x20 lib_build/startup_XMC4500.o
 .debug_aranges
                0x00000000000008b0       0x48 lib_build/system_XMC4500.o
 .debug_aranges
                0x00000000000008f8       0x28 lib_build/syscalls.o

.debug_pubnames
 *(.debug_pubnames)

.debug_pubtypes
 *(.debug_pubtypes)

.debug_info     0x0000000000000000    0x1efc2
 *(.debug_info .gnu.linkonce.wi.*)
 .debug_info    0x0000000000000000     0x2f8b build/main.o
 .debug_info    0x0000000000002f8b     0x2a34 build/KeyboardHID.o
 .debug_info    0x00000000000059bf     0x252c build/Descriptors.o
 .debug_info    0x0000000000007eeb     0x2a2c lib_build/xmc4_scu.o
 .debug_info    0x000000000000a917      0xcc6 lib_build/xmc_gpio.o
 .debug_info    0x000000000000b5dd     0x2402 lib_build/HIDClassDevice.o
 .debug_info    0x000000000000d9df      0x9c9 lib_build/memcpy.o
 .debug_info    0x000000000000e3a8     0x2810 lib_build/Endpoint_XMC4000.o
 .debug_info    0x0000000000010bb8     0x23ce lib_build/EndpointStream_XMC4000.o
 .debug_info    0x0000000000012f86     0x226c lib_build/USBController_XMC4000.o
 .debug_info    0x00000000000151f2     0x40c6 lib_build/xmc_usbd.o
 .debug_info    0x00000000000192b8      0xc90 lib_build/ConfigDescriptors.o
 .debug_info    0x0000000000019f48      0x9e9 lib_build/HostStandardReq.o
 .debug_info    0x000000000001a931     0x205c lib_build/USBTask.o
 .debug_info    0x000000000001c98d      0xa0b lib_build/Events.o
 .debug_info    0x000000000001d398       0x26 lib_build/startup_XMC4500.o
 .debug_info    0x000000000001d3be     0x11ca lib_build/system_XMC4500.o
 .debug_info    0x000000000001e588      0xa3a lib_build/syscalls.o

.debug_abbrev   0x0000000000000000     0x2f69
 *(.debug_abbrev)
 .debug_abbrev  0x0000000000000000      0x3df build/main.o
 .debug_abbrev  0x00000000000003df      0x37c build/KeyboardHID.o
 .debug_abbrev  0x000000000000075b      0x291 build/Descriptors.o
 .debug_abbrev  0x00000000000009ec      0x35d lib_build/xmc4_scu.o
 .debug_abbrev  0x0000000000000d49      0x1f8 lib_build/xmc_gpio.o
 .debug_abbrev  0x0000000000000f41      0x34f lib_build/HIDClassDevice.o
 .debug_abbrev  0x0000000000001290      0x193 lib_build/memcpy.o
 .debug_abbrev  0x0000000000001423      0x3b1 lib_build/Endpoint_XMC4000.o
 .debug_abbrev  0x00000000000017d4      0x325 lib_build/EndpointStream_XMC4000.o
 .debug_abbrev  0x0000000000001af9      0x37a lib_build/USBController_XMC4000.o
 .debug_abbrev  0x0000000000001e73      0x455 lib_build/xmc_usbd.o
 .debug_abbrev  0x00000000000022c8      0x22a lib_build/ConfigDescriptors.o
 .debug_abbrev  0x00000000000024f2      0x177 lib_build/HostStandardReq.o
 .debug_abbrev  0x0000000000002669      0x2f4 lib_build/USBTask.o
 .debug_abbrev  0x000000000000295d      0x195 lib_build/Events.o
 .debug_abbrev  0x0000000000002af2       0x14 lib_build/startup_XMC4500.o
 .debug_abbrev  0x0000000000002b06      0x287 lib_build/system_XMC4500.o
 .debug_abbrev  0x0000000000002d8d      0x1dc lib_build/syscalls.o

.debug_line     0x0000000000000000     0xa106
 *(.debug_line)
 .debug_line    0x0000000000000000     0x10a0 build/main.o
 .debug_line    0x00000000000010a0      0xfb1 build/KeyboardHID.o
 .debug_line    0x0000000000002051      0xe75 build/Descriptors.o
 .debug_line    0x0000000000002ec6      0xe9c lib_build/xmc4_scu.o
 .debug_line    0x0000000000003d62      0x38c lib_build/xmc_gpio.o
 .debug_line    0x00000000000040ee     0x1226 lib_build/HIDClassDevice.o
 .debug_line    0x0000000000005314      0x27e lib_build/memcpy.o
 .debug_line    0x0000000000005592      0xd0c lib_build/Endpoint_XMC4000.o
 .debug_line    0x000000000000629e      0xb0a lib_build/EndpointStream_XMC4000.o
 .debug_line    0x0000000000006da8      0xb74 lib_build/USBController_XMC4000.o
 .debug_line    0x000000000000791c      0x9d0 lib_build/xmc_usbd.o
 .debug_line    0x00000000000082ec      0x4f5 lib_build/ConfigDescriptors.o
 .debug_line    0x00000000000087e1      0x439 lib_build/HostStandardReq.o
 .debug_line    0x0000000000008c1a      0x926 lib_build/USBTask.o
 .debug_line    0x0000000000009540      0x44c lib_build/Events.o
 .debug_line    0x000000000000998c       0xd1 lib_build/startup_XMC4500.o
 .debug_line    0x0000000000009a5d      0x404 lib_build/system_XMC4500.o
 .debug_line    0x0000000000009e61      0x2a5 lib_build/syscalls.o

.debug_frame    0x0000000000000000     0x26a4
 *(.debug_frame)
 .debug_frame   0x0000000000000000      0x1d8 build/main.o
 .debug_frame   0x00000000000001d8      0x1dc build/KeyboardHID.o
 .debug_frame   0x00000000000003b4       0x38 build/Descriptors.o
 .debug_frame   0x00000000000003ec     0x11bc lib_build/xmc4_scu.o
 .debug_frame   0x00000000000015a8       0x60 lib_build/xmc_gpio.o
 .debug_frame   0x0000000000001608       0x98 lib_build/HIDClassDevice.o
 .debug_frame   0x00000000000016a0       0x20 lib_build/memcpy.o
 .debug_frame   0x00000000000016c0      0x1cc lib_build/Endpoint_XMC4000.o
 .debug_frame   0x000000000000188c      0x1a0 lib_build/EndpointStream_XMC4000.o
 .debug_frame   0x0000000000001a2c      0x170 lib_build/USBController_XMC4000.o
 .debug_frame   0x0000000000001b9c      0x634 lib_build/xmc_usbd.o
 .debug_frame   0x00000000000021d0       0xd8 lib_build/ConfigDescriptors.o
 .debug_frame   0x00000000000022a8       0x54 lib_build/USBTask.o
 .debug_frame   0x00000000000022fc       0x34 lib_build/Events.o
 .debug_frame   0x0000000000002330       0xec lib_build/system_XMC4500.o
 .debug_frame   0x000000000000241c       0x5c lib_build/syscalls.o
 .debug_frame   0x0000000000002478       0xac /usr/bin/../lib/gcc/arm-none-eabi/7.3.1/thumb/v7e-m/libgcc.a(_arm_addsubdf3.o)
 .debug_frame   0x0000000000002524       0xc4 /usr/bin/../lib/gcc/arm-none-eabi/7.3.1/thumb/v7e-m/libgcc.a(_arm_cmpdf2.o)
 .debug_frame   0x00000000000025e8       0x20 /usr/bin/../lib/gcc/arm-none-eabi/7.3.1/../../../../arm-none-eabi/lib/thumb/v7e-m/libg.a(lib_a-errno.o)
 .debug_frame   0x0000000000002608       0x2c /usr/bin/../lib/gcc/arm-none-eabi/7.3.1/../../../../arm-none-eabi/lib/thumb/v7e-m/libg.a(lib_a-init.o)
 .debug_frame   0x0000000000002634       0x38 /usr/bin/../lib/gcc/arm-none-eabi/7.3.1/../../../../arm-none-eabi/lib/thumb/v7e-m/libg.a(lib_a-memcmp.o)
 .debug_frame   0x000000000000266c       0x38 /usr/bin/../lib/gcc/arm-none-eabi/7.3.1/../../../../arm-none-eabi/lib/thumb/v7e-m/libg.a(lib_a-memset.o)

.debug_str      0x0000000000000000    0x83c14
 *(.debug_str)
 .debug_str     0x0000000000000000    0x7de03 build/main.o
                                      0x7e2ad (size before relaxing)
 .debug_str     0x000000000007de03      0x29b build/KeyboardHID.o
                                      0x7d4fa (size before relaxing)
 .debug_str     0x000000000007e09e      0x6c5 build/Descriptors.o
                                      0x795a3 (size before relaxing)
 .debug_str     0x000000000007e763     0x203d lib_build/xmc4_scu.o
                                      0x72323 (size before relaxing)
 .debug_str     0x00000000000807a0       0xe3 lib_build/xmc_gpio.o
                                      0x73933 (size before relaxing)
 .debug_str     0x0000000000080883      0x318 lib_build/HIDClassDevice.o
                                      0x791fd (size before relaxing)
 .debug_str     0x0000000000080b9b       0x76 lib_build/memcpy.o
                                       0x73eb (size before relaxing)
 .debug_str     0x0000000000080c11      0x2d1 lib_build/Endpoint_XMC4000.o
                                      0x73ea8 (size before relaxing)
 .debug_str     0x0000000000080ee2      0x333 lib_build/EndpointStream_XMC4000.o
                                      0x737ce (size before relaxing)
 .debug_str     0x0000000000081215      0x309 lib_build/USBController_XMC4000.o
                                      0x73852 (size before relaxing)
 .debug_str     0x000000000008151e     0x11d4 lib_build/xmc_usbd.o
                                      0x731b8 (size before relaxing)
 .debug_str     0x00000000000826f2      0x25c lib_build/ConfigDescriptors.o
                                      0x70d8c (size before relaxing)
 .debug_str     0x000000000008294e       0x61 lib_build/HostStandardReq.o
                                      0x70609 (size before relaxing)
 .debug_str     0x00000000000829af       0xb7 lib_build/USBTask.o
                                      0x735fa (size before relaxing)
 .debug_str     0x0000000000082a66       0x80 lib_build/Events.o
                                      0x70639 (size before relaxing)
 .debug_str     0x0000000000082ae6       0xbf lib_build/startup_XMC4500.o
 .debug_str     0x0000000000082ba5      0xb55 lib_build/system_XMC4500.o
                                      0x701a4 (size before relaxing)
 .debug_str     0x00000000000836fa      0x51a lib_build/syscalls.o
                                       0x7b7b (size before relaxing)

.debug_loc      0x0000000000000000     0x49a2
 *(.debug_loc)
 .debug_loc     0x0000000000000000      0x3ac build/main.o
 .debug_loc     0x00000000000003ac      0x398 build/KeyboardHID.o
 .debug_loc     0x0000000000000744       0x5c build/Descriptors.o
 .debug_loc     0x00000000000007a0     0x2504 lib_build/xmc4_scu.o
 .debug_loc     0x0000000000002ca4       0xb8 lib_build/xmc_gpio.o
 .debug_loc     0x0000000000002d5c       0xf2 lib_build/HIDClassDevice.o
 .debug_loc     0x0000000000002e4e      0x3c4 lib_build/Endpoint_XMC4000.o
 .debug_loc     0x0000000000003212      0x32c lib_build/EndpointStream_XMC4000.o
 .debug_loc     0x000000000000353e      0x29c lib_build/USBController_XMC4000.o
 .debug_loc     0x00000000000037da      0xd34 lib_build/xmc_usbd.o
 .debug_loc     0x000000000000450e      0x19c lib_build/ConfigDescriptors.o
 .debug_loc     0x00000000000046aa       0x7c lib_build/USBTask.o
 .debug_loc     0x0000000000004726       0x44 lib_build/Events.o
 .debug_loc     0x000000000000476a      0x1a4 lib_build/system_XMC4500.o
 .debug_loc     0x000000000000490e       0x94 lib_build/syscalls.o

.debug_macinfo
 *(.debug_macinfo)

.debug_ranges   0x0000000000000000      0x7e8
 *(.debug_ranges)
 .debug_ranges  0x0000000000000000       0x68 build/main.o
 .debug_ranges  0x0000000000000068       0x70 build/KeyboardHID.o
 .debug_ranges  0x00000000000000d8       0x10 build/Descriptors.o
 .debug_ranges  0x00000000000000e8      0x3b8 lib_build/xmc4_scu.o
 .debug_ranges  0x00000000000004a0       0x18 lib_build/xmc_gpio.o
 .debug_ranges  0x00000000000004b8       0x20 lib_build/HIDClassDevice.o
 .debug_ranges  0x00000000000004d8       0x10 lib_build/memcpy.o
 .debug_ranges  0x00000000000004e8       0x60 lib_build/Endpoint_XMC4000.o
 .debug_ranges  0x0000000000000548       0x58 lib_build/EndpointStream_XMC4000.o
 .debug_ranges  0x00000000000005a0       0x58 lib_build/USBController_XMC4000.o
 .debug_ranges  0x00000000000005f8      0x148 lib_build/xmc_usbd.o
 .debug_ranges  0x0000000000000740       0x30 lib_build/ConfigDescriptors.o
 .debug_ranges  0x0000000000000770       0x18 lib_build/USBTask.o
 .debug_ranges  0x0000000000000788       0x10 lib_build/Events.o
 .debug_ranges  0x0000000000000798       0x38 lib_build/system_XMC4500.o
 .debug_ranges  0x00000000000007d0       0x18 lib_build/syscalls.o

.debug_weaknames
 *(.debug_weaknames)

.debug_funcnames
 *(.debug_funcnames)

.debug_typenames
 *(.debug_typenames)

.debug_varnames
 *(.debug_varnames)

.build_attributes
                0x0000000000000000      0x50a
 *(.ARM.attributes)
 .ARM.attributes
                0x0000000000000000       0x37 build/main.o
 .ARM.attributes
                0x0000000000000037       0x37 build/KeyboardHID.o
 .ARM.attributes
                0x000000000000006e       0x37 build/Descriptors.o
 .ARM.attributes
                0x00000000000000a5       0x37 lib_build/xmc4_scu.o
 .ARM.attributes
                0x00000000000000dc       0x37 lib_build/xmc_gpio.o
 .ARM.attributes
                0x0000000000000113       0x37 lib_build/HIDClassDevice.o
 .ARM.attributes
                0x000000000000014a       0x37 lib_build/memcpy.o
 .ARM.attributes
                0x0000000000000181       0x37 lib_build/Endpoint_XMC4000.o
 .ARM.attributes
                0x00000000000001b8       0x37 lib_build/EndpointStream_XMC4000.o
 .ARM.attributes
                0x00000000000001ef       0x37 lib_build/USBController_XMC4000.o
 .ARM.attributes
                0x0000000000000226       0x37 lib_build/xmc_usbd.o
 .ARM.attributes
                0x000000000000025d       0x37 lib_build/ConfigDescriptors.o
 .ARM.attributes
                0x0000000000000294       0x37 lib_build/HostStandardReq.o
 .ARM.attributes
                0x00000000000002cb       0x37 lib_build/USBTask.o
 .ARM.attributes
                0x0000000000000302       0x37 lib_build/Events.o
 .ARM.attributes
                0x0000000000000339       0x25 lib_build/startup_XMC4500.o
 .ARM.attributes
                0x000000000000035e       0x37 lib_build/system_XMC4500.o
 .ARM.attributes
                0x0000000000000395       0x37 lib_build/syscalls.o
 .ARM.attributes
                0x00000000000003cc       0x1e /usr/bin/../lib/gcc/arm-none-eabi/7.3.1/thumb/v7e-m/libgcc.a(_arm_addsubdf3.o)
 .ARM.attributes
                0x00000000000003ea       0x1e /usr/bin/../lib/gcc/arm-none-eabi/7.3.1/thumb/v7e-m/libgcc.a(_arm_cmpdf2.o)
 .ARM.attributes
                0x0000000000000408       0x2e /usr/bin/../lib/gcc/arm-none-eabi/7.3.1/../../../../arm-none-eabi/lib/thumb/v7e-m/libg.a(lib_a-errno.o)
 .ARM.attributes
                0x0000000000000436       0x2e /usr/bin/../lib/gcc/arm-none-eabi/7.3.1/../../../../arm-none-eabi/lib/thumb/v7e-m/libg.a(lib_a-impure.o)
 .ARM.attributes
                0x0000000000000464       0x2e /usr/bin/../lib/gcc/arm-none-eabi/7.3.1/../../../../arm-none-eabi/lib/thumb/v7e-m/libg.a(lib_a-init.o)
 .ARM.attributes
                0x0000000000000492       0x2e /usr/bin/../lib/gcc/arm-none-eabi/7.3.1/../../../../arm-none-eabi/lib/thumb/v7e-m/libg.a(lib_a-memcmp.o)
 .ARM.attributes
                0x00000000000004c0       0x1c /usr/bin/../lib/gcc/arm-none-eabi/7.3.1/../../../../arm-none-eabi/lib/thumb/v7e-m/libg.a(lib_a-memcpy.o)
 .ARM.attributes
                0x00000000000004dc       0x2e /usr/bin/../lib/gcc/arm-none-eabi/7.3.1/../../../../arm-none-eabi/lib/thumb/v7e-m/libg.a(lib_a-memset.o)
OUTPUT(build/main.elf elf32-littlearm)

.debug_macro    0x0000000000000000    0x1cd04
 .debug_macro   0x0000000000000000      0x52c build/main.o
 .debug_macro   0x000000000000052c      0xa4e build/main.o
 .debug_macro   0x0000000000000f7a       0x22 build/main.o
 .debug_macro   0x0000000000000f9c       0x58 build/main.o
 .debug_macro   0x0000000000000ff4       0x18 build/main.o
 .debug_macro   0x000000000000100c       0x94 build/main.o
 .debug_macro   0x00000000000010a0       0x35 build/main.o
 .debug_macro   0x00000000000010d5       0x34 build/main.o
 .debug_macro   0x0000000000001109      0x16d build/main.o
 .debug_macro   0x0000000000001276       0x57 build/main.o
 .debug_macro   0x00000000000012cd       0x58 build/main.o
 .debug_macro   0x0000000000001325       0x1f build/main.o
 .debug_macro   0x0000000000001344       0x43 build/main.o
 .debug_macro   0x0000000000001387       0x20 build/main.o
 .debug_macro   0x00000000000013a7      0x18e build/main.o
 .debug_macro   0x0000000000001535      0x353 build/main.o
 .debug_macro   0x0000000000001888       0x10 build/main.o
 .debug_macro   0x0000000000001898       0x35 build/main.o
 .debug_macro   0x00000000000018cd       0xef build/main.o
 .debug_macro   0x00000000000019bc       0x6a build/main.o
 .debug_macro   0x0000000000001a26      0x1df build/main.o
 .debug_macro   0x0000000000001c05       0x22 build/main.o
 .debug_macro   0x0000000000001c27      0x167 build/main.o
 .debug_macro   0x0000000000001d8e       0x2d build/main.o
 .debug_macro   0x0000000000001dbb       0x28 build/main.o
 .debug_macro   0x0000000000001de3       0xaf build/main.o
 .debug_macro   0x0000000000001e92      0xfe7 build/main.o
 .debug_macro   0x0000000000002e79       0x16 build/main.o
 .debug_macro   0x0000000000002e8f    0x1474b build/main.o
 .debug_macro   0x00000000000175da       0x12 build/main.o
 .debug_macro   0x00000000000175ec       0x4c build/main.o
 .debug_macro   0x0000000000017638       0x22 build/main.o
 .debug_macro   0x000000000001765a      0x861 build/main.o
 .debug_macro   0x0000000000017ebb       0xa5 build/main.o
 .debug_macro   0x0000000000017f60       0x12 build/main.o
 .debug_macro   0x0000000000017f72       0x10 build/main.o
 .debug_macro   0x0000000000017f82      0x1a7 build/main.o
 .debug_macro   0x0000000000018129       0x22 build/main.o
 .debug_macro   0x000000000001814b       0x6f build/main.o
 .debug_macro   0x00000000000181ba       0x86 build/main.o
 .debug_macro   0x0000000000018240       0x40 build/main.o
 .debug_macro   0x0000000000018280       0x4d build/main.o
 .debug_macro   0x00000000000182cd       0x16 build/main.o
 .debug_macro   0x00000000000182e3       0x16 build/main.o
 .debug_macro   0x00000000000182f9       0x29 build/main.o
 .debug_macro   0x0000000000018322      0x2c3 build/main.o
 .debug_macro   0x00000000000185e5       0xa5 build/main.o
 .debug_macro   0x000000000001868a       0xc5 build/main.o
 .debug_macro   0x000000000001874f       0x16 build/main.o
 .debug_macro   0x0000000000018765       0x7a build/main.o
 .debug_macro   0x00000000000187df       0x16 build/main.o
 .debug_macro   0x00000000000187f5       0x16 build/main.o
 .debug_macro   0x000000000001880b       0x64 build/main.o
 .debug_macro   0x000000000001886f       0x22 build/main.o
 .debug_macro   0x0000000000018891       0x16 build/main.o
 .debug_macro   0x00000000000188a7       0x40 build/main.o
 .debug_macro   0x00000000000188e7       0x1c build/main.o
 .debug_macro   0x0000000000018903       0x10 build/main.o
 .debug_macro   0x0000000000018913       0x10 build/main.o
 .debug_macro   0x0000000000018923       0x1c build/main.o
 .debug_macro   0x000000000001893f       0x52 build/main.o
 .debug_macro   0x0000000000018991       0x40 build/main.o
 .debug_macro   0x00000000000189d1       0x10 build/main.o
 .debug_macro   0x00000000000189e1       0x40 build/main.o
 .debug_macro   0x0000000000018a21       0xd7 build/main.o
 .debug_macro   0x0000000000018af8       0x1c build/main.o
 .debug_macro   0x0000000000018b14       0x3d build/main.o
 .debug_macro   0x0000000000018b51       0x16 build/main.o
 .debug_macro   0x0000000000018b67      0x16f build/main.o
 .debug_macro   0x0000000000018cd6       0x16 build/main.o
 .debug_macro   0x0000000000018cec      0x154 build/main.o
 .debug_macro   0x0000000000018e40       0x2a build/main.o
 .debug_macro   0x0000000000018e6a      0x6ce build/main.o
 .debug_macro   0x0000000000019538       0x16 build/main.o
 .debug_macro   0x000000000001954e      0x132 build/main.o
 .debug_macro   0x0000000000019680       0x1c build/main.o
 .debug_macro   0x000000000001969c      0x130 build/main.o
 .debug_macro   0x00000000000197cc      0x515 build/KeyboardHID.o
 .debug_macro   0x0000000000019ce1      0x4eb build/Descriptors.o
 .debug_macro   0x000000000001a1cc       0x8e build/Descriptors.o
 .debug_macro   0x000000000001a25a       0x51 build/Descriptors.o
 .debug_macro   0x000000000001a2ab       0x5e build/Descriptors.o
 .debug_macro   0x000000000001a309       0x16 build/Descriptors.o
 .debug_macro   0x000000000001a31f      0x20f lib_build/xmc4_scu.o
 .debug_macro   0x000000000001a52e       0x9f lib_build/xmc4_scu.o
 .debug_macro   0x000000000001a5cd      0x1b8 lib_build/xmc_gpio.o
 .debug_macro   0x000000000001a785      0x4fa lib_build/HIDClassDevice.o
 .debug_macro   0x000000000001ac7f      0x196 lib_build/memcpy.o
 .debug_macro   0x000000000001ae15       0x16 lib_build/memcpy.o
 .debug_macro   0x000000000001ae2b       0x97 lib_build/memcpy.o
 .debug_macro   0x000000000001aec2       0xf6 lib_build/memcpy.o
 .debug_macro   0x000000000001afb8      0x379 lib_build/Endpoint_XMC4000.o
 .debug_macro   0x000000000001b331       0x10 lib_build/Endpoint_XMC4000.o
 .debug_macro   0x000000000001b341      0x355 lib_build/EndpointStream_XMC4000.o
 .debug_macro   0x000000000001b696      0x340 lib_build/USBController_XMC4000.o
 .debug_macro   0x000000000001b9d6       0x10 lib_build/USBController_XMC4000.o
 .debug_macro   0x000000000001b9e6       0x47 lib_build/USBController_XMC4000.o
 .debug_macro   0x000000000001ba2d       0x80 lib_build/USBController_XMC4000.o
 .debug_macro   0x000000000001baad      0x1f4 lib_build/xmc_usbd.o
 .debug_macro   0x000000000001bca1      0x211 lib_build/ConfigDescriptors.o
 .debug_macro   0x000000000001beb2       0x1c lib_build/ConfigDescriptors.o
 .debug_macro   0x000000000001bece      0x1f0 lib_build/HostStandardReq.o
 .debug_macro   0x000000000001c0be      0x34c lib_build/USBTask.o
 .debug_macro   0x000000000001c40a      0x1f9 lib_build/Events.o
 .debug_macro   0x000000000001c603      0x303 lib_build/system_XMC4500.o
 .debug_macro   0x000000000001c906       0x22 lib_build/system_XMC4500.o
 .debug_macro   0x000000000001c928      0x191 lib_build/syscalls.o
 .debug_macro   0x000000000001cab9       0x10 lib_build/syscalls.o
 .debug_macro   0x000000000001cac9      0x23b lib_build/syscalls.o